07-17 12:03:51.221 17476 17476 D nativeloader: Configuring clns-7 for other apk /data/app/~~xz2rjK0LCd5cgnm7QDZmRQ==/com.android.vending-Sdnmpqisut9zIFzeQev_PA==/base.apk:/data/app/~~xz2rjK0LCd5cgnm7QDZmRQ==/com.android.vending-Sdnmpqisut9zIFzeQev_PA==/split_config.arm64_v8a.apk:/data/app/~~xz2rjK0LCd5cgnm7QDZmRQ==/com.android.vending-Sdnmpqisut9zIFzeQev_PA==/split_config.en.apk:/data/app/~~xz2rjK0LCd5cgnm7QDZmRQ==/com.android.vending-Sdnmpqisut9zIFzeQev_PA==/split_phonesky_data_loader.apk:/data/app/~~xz2rjK0LCd5cgnm7QDZmRQ==/com.android.vending-Sdnmpqisut9zIFzeQev_PA==/split_phonesky_data_loader.config.arm64_v8a.apk. target_sdk_version=34, uses_libraries=, library_path=/data/app/~~xz2rjK0LCd5cgnm7QDZmRQ==/com.android.vending-Sdnmpqisut9zIFzeQev_PA==/lib/arm64:/data/app/~~xz2rjK0LCd5cgnm7QDZmRQ==/com.android.vending-Sdnmpqisut9zIFzeQev_PA==/base.apk!/lib/arm64-v8a:/data/app/~~xz2rjK0LCd5cgnm7QDZmRQ==/com.android.vending-Sdnmpqisut9zIFzeQev_PA==/split_config.arm64_v8a.apk!/lib/arm64-v8a:/data/app/~~xz2rjK0LCd5cgnm7QDZmRQ==/com.android.vending-Sdnmpqisut9z
07-17 12:03:51.229 17381 17402 E FrameEvents: updateAcquireFence: Did not find frame.
07-17 12:03:51.235 17381 17402 E FrameEvents: updateAcquireFence: Did not find frame.
07-17 12:03:51.248 17381 17402 E FrameEvents: updateAcquireFence: Did not find frame.
07-17 12:03:51.253 17476 17476 V GraphicsEnvironment: Currently set values for:
07-17 12:03:51.253 17476 17476 V GraphicsEnvironment:   angle_gl_driver_selection_pkgs=[]
07-17 12:03:51.253 17476 17476 V GraphicsEnvironment:   angle_gl_driver_selection_values=[]
07-17 12:03:51.253 17476 17476 V GraphicsEnvironment: ANGLE GameManagerService for com.android.vending: false
07-17 12:03:51.253 17476 17476 V GraphicsEnvironment: com.android.vending is not listed in per-application setting
07-17 12:03:51.253 17476 17476 V GraphicsEnvironment: Neither updatable production driver nor prerelease driver is supported.
07-17 12:03:51.257 17476 17476 I Finsky:quick_launch: [2] ltw.i(82): Process created at version: 41.7.16-31 [0] [PR] 647773006
07-17 12:03:51.265 17381 17402 E FrameEvents: updateAcquireFence: Did not find frame.
07-17 12:03:51.271 17476 17476 I Finsky:quick_launch: [2] abaz.az(186): Finished reading experiment flags from file [0tGUNCGIkbk4o6-fQ335kUYSKwVj4lusnHT-A5Dsy08] numFlags=1778.
07-17 12:03:51.280 17381 17402 E FrameEvents: updateAcquireFence: Did not find frame.
07-17 12:03:51.284 17476 17476 I Finsky:quick_launch: [2] abaz.az(186): Finished reading experiment flags from file [Se-xCc4LzNyh3UrKMIU2sUf-PUKz4oQEbpKZDMuaFno] numFlags=2071.
07-17 12:03:51.290 17476 17476 I Endpoint: Created gRPC endpoint for service class com.google.frameworks.client.data.android.server.play.QuickLaunchProcessEndpointService
07-17 12:03:51.294 17476 17476 I Finsky:quick_launch: [2] lan.j(310): This process start was not selected for Play memory metrics collection.
07-17 12:03:51.298 17381 17402 E FrameEvents: updateAcquireFence: Did not find frame.
07-17 12:03:51.314 17476 17514 I Finsky:quick_launch: [84] adnr.<init>(47): Resetting scheduler db
07-17 12:03:51.317 17381 17402 E FrameEvents: updateAcquireFence: Did not find frame.
07-17 12:03:51.319 17476 17517 I Finsky:quick_launch: [87] adnf.a(15): SCH: no pending jobs to schedule.
07-17 12:03:51.327 17381 17402 E FrameEvents: updateAcquireFence: Did not find frame.
07-17 12:03:51.347 17381 17402 E FrameEvents: updateAcquireFence: Did not find frame.
07-17 12:03:51.381 17381 17402 E FrameEvents: updateAcquireFence: Did not find frame.
07-17 12:03:51.394 17381 17402 E FrameEvents: updateAcquireFence: Did not find frame.
07-17 12:03:51.413 17381 17402 E FrameEvents: updateAcquireFence: Did not find frame.
07-17 12:03:51.426 17381 17402 E FrameEvents: updateAcquireFence: Did not find frame.
07-17 12:03:51.447 17381 17402 E FrameEvents: updateAcquireFence: Did not find frame.
07-17 12:03:51.462 17381 17402 E FrameEvents: updateAcquireFence: Did not find frame.
07-17 12:03:51.477 17381 17402 E FrameEvents: updateAcquireFence: Did not find frame.
07-17 12:03:51.512 17381 17402 E FrameEvents: updateAcquireFence: Did not find frame.
07-17 12:03:51.545 17381 17402 E FrameEvents: updateAcquireFence: Did not find frame.
07-17 12:03:51.577 17381 17402 E FrameEvents: updateAcquireFence: Did not find frame.
07-17 12:03:51.595 17381 17402 E FrameEvents: updateAcquireFence: Did not find frame.
07-17 12:03:51.630 17381 17402 E FrameEvents: updateAcquireFence: Did not find frame.
07-17 12:03:51.661 17381 17402 E FrameEvents: updateAcquireFence: Did not find frame.
07-17 12:03:51.680 17381 17402 E FrameEvents: updateAcquireFence: Did not find frame.
07-17 12:03:51.710 17381 17402 E FrameEvents: updateAcquireFence: Did not find frame.
07-17 12:03:51.730 17381 17402 E FrameEvents: updateAcquireFence: Did not find frame.
07-17 12:03:51.760 17381 17402 E FrameEvents: updateAcquireFence: Did not find frame.
07-17 12:03:51.779 17381 17402 E FrameEvents: updateAcquireFence: Did not find frame.
07-17 12:03:51.793 17381 17402 D EGL_emulation: app_time_stats: avg=16.56ms min=11.58ms max=23.10ms count=61
07-17 12:03:51.831 17381 17402 E FrameEvents: updateAcquireFence: Did not find frame.
07-17 12:03:51.831 17381 17402 D EGL_emulation: app_time_stats: avg=19.39ms min=2.80ms max=52.11ms count=54
07-17 12:03:51.876 17381 17402 E FrameEvents: updateAcquireFence: Did not find frame.
07-17 12:03:51.896 17381 17402 E FrameEvents: updateAcquireFence: Did not find frame.
07-17 12:03:51.944 17381 17402 E FrameEvents: updateAcquireFence: Did not find frame.
07-17 12:03:51.963 17381 17402 E FrameEvents: updateAcquireFence: Did not find frame.
07-17 12:03:52.010 17381 17402 E FrameEvents: updateAcquireFence: Did not find frame.
07-17 12:03:52.031 17381 17402 E FrameEvents: updateAcquireFence: Did not find frame.
07-17 12:03:52.093 17381 17402 E FrameEvents: updateAcquireFence: Did not find frame.
07-17 12:03:52.111 17381 17402 E FrameEvents: updateAcquireFence: Did not find frame.
07-17 12:03:52.176 17381 17402 E FrameEvents: updateAcquireFence: Did not find frame.
07-17 12:03:52.195 17381 17402 E FrameEvents: updateAcquireFence: Did not find frame.
07-17 12:03:52.294 17381 17402 E FrameEvents: updateAcquireFence: Did not find frame.
07-17 12:03:52.314 17381 17402 E FrameEvents: updateAcquireFence: Did not find frame.
07-17 12:03:52.411 17381 17402 E FrameEvents: updateAcquireFence: Did not find frame.
07-17 12:03:52.430 17381 17402 E FrameEvents: updateAcquireFence: Did not find frame.
07-17 12:03:52.561 17381 17402 E FrameEvents: updateAcquireFence: Did not find frame.
07-17 12:03:52.594 17381 17402 E FrameEvents: updateAcquireFence: Did not find frame.
07-17 12:03:52.793 17381 17402 E FrameEvents: updateAcquireFence: Did not find frame.
07-17 12:03:52.808 17381 17402 D EGL_emulation: app_time_stats: avg=16.64ms min=12.00ms max=21.83ms count=61
07-17 12:03:52.844 17381 17402 E FrameEvents: updateAcquireFence: Did not find frame.
07-17 12:03:52.844 17381 17402 D EGL_emulation: app_time_stats: avg=56.25ms min=17.86ms max=199.27ms count=18
07-17 12:03:53.722   843   843 D StatusBarIconController: ignoring old pipeline callbacks, because the new mobile icons are enabled
07-17 12:03:54.094  2000  2000 D BoundBrokerSvc: onUnbind: Intent { act=com.google.android.gms.safetynet.service.START pkg=com.google.android.gms }
07-17 12:03:54.288 17381 17522 D ProfileInstaller: Skipping profile installation for com.yuuta.zardAppNeo
07-17 12:03:54.923  7907  7907 I cr_OfflineIndicator: Reported by system: [ Transports: WIFI Capabilities: NOT_METERED&INTERNET&NOT_RESTRICTED&TRUSTED&NOT_VPN&NOT_ROAMING&FOREGROUND&NOT_CONGESTED&NOT_SUSPENDED&NOT_VCN_MANAGED LinkUpBandwidth>=12000Kbps LinkDnBandwidth>=30000Kbps TransportInfo: <SSID: <unknown ssid>, BSSID: 02:00:00:00:00:00, MAC: 02:00:00:00:00:00, IP: /10.0.2.16, Security type: 0, Supplicant state: COMPLETED, Wi-Fi standard: 1, RSSI: -50, Link speed: 2Mbps, Tx Link speed: 2Mbps, Max Supported Tx Link speed: 11Mbps, Rx Link speed: 2Mbps, Max Supported Rx Link speed: 11Mbps, Frequency: 2447MHz, Net ID: -1, Metered hint: false, score: 60, isUsable: true, CarrierMerged: false, SubscriptionId: -1, IsPrimary: -1, Trusted: true, Restricted: false, Ephemeral: false, OEM paid: false, OEM private: false, OSU AP: false, FQDN: <none>, Provider friendly name: <none>, Requesting package name: <none><none>MLO Information: , Is TID-To-Link negotiation supported by the AP: false, AP MLD Address: <none>, AP MLO Link Id: <none>, AP MLO Affiliated links: <none>> SignalStrength: -50 UnderlyingNetworks: Null]
07-17 12:03:54.923  7907  7907 I cr_OfflineIndicator: Reported by system: [ Transports: CELLULAR Capabilities: MMS&SUPL&DUN&FOTA&IMS&CBS&INTERNET&NOT_RESTRICTED&TRUSTED&NOT_VPN&NOT_ROAMING&NOT_CONGESTED&NOT_SUSPENDED&NOT_VCN_MANAGED&MMTEL LinkUpBandwidth>=1800Kbps LinkDnBandwidth>=4300Kbps Specifier: <TelephonyNetworkSpecifier [mSubId = 1]> UnderlyingNetworks: Null]
07-17 12:03:54.923  7907  7907 I cr_OfflineIndicator: setConnectionState connectionState=2
07-17 12:03:54.923  7907  7907 I cr_OfflineIndicator: processConnectivityCheckResult mConnectionState=2 mConnectivityCheckingStage=1
07-17 12:03:54.923  7907  7907 I cr_OfflineIndicator: scheduleNextConnectivityCheck
07-17 12:03:54.923  7907  7907 I cr_OfflineIndicator: Retry after 5000ms
07-17 12:03:56.790   843   843 D StatusBarIconController: ignoring old pipeline callback because the new wifi icon is enabled
07-17 12:03:58.029 16268 16358 E AbstractLogEventBuilder: The provided ProductIdOrigin 3 is not one of the process-level expected values: 1 or 2
07-17 12:03:58.031  2000  2000 D BoundBrokerSvc: onBind: Intent { act=com.google.android.gms.safetynet.service.START pkg=com.google.android.gms }
07-17 12:03:58.031  2000  2000 D BoundBrokerSvc: Loading bound service for intent: Intent { act=com.google.android.gms.safetynet.service.START pkg=com.google.android.gms }
07-17 12:03:59.795   843   843 D StatusBarIconController: ignoring old pipeline callback because the new wifi icon is enabled
07-17 12:03:59.928  7907  7907 I cr_OfflineIndicator: Reported by system: [ Transports: WIFI Capabilities: NOT_METERED&INTERNET&NOT_RESTRICTED&TRUSTED&NOT_VPN&NOT_ROAMING&FOREGROUND&NOT_CONGESTED&NOT_SUSPENDED&NOT_VCN_MANAGED LinkUpBandwidth>=12000Kbps LinkDnBandwidth>=30000Kbps TransportInfo: <SSID: <unknown ssid>, BSSID: 02:00:00:00:00:00, MAC: 02:00:00:00:00:00, IP: /10.0.2.16, Security type: 0, Supplicant state: COMPLETED, Wi-Fi standard: 1, RSSI: -50, Link speed: 2Mbps, Tx Link speed: 2Mbps, Max Supported Tx Link speed: 11Mbps, Rx Link speed: 2Mbps, Max Supported Rx Link speed: 11Mbps, Frequency: 2447MHz, Net ID: -1, Metered hint: false, score: 60, isUsable: true, CarrierMerged: false, SubscriptionId: -1, IsPrimary: -1, Trusted: true, Restricted: false, Ephemeral: false, OEM paid: false, OEM private: false, OSU AP: false, FQDN: <none>, Provider friendly name: <none>, Requesting package name: <none><none>MLO Information: , Is TID-To-Link negotiation supported by the AP: false, AP MLD Address: <none>, AP MLO Link Id: <none>, AP MLO Affiliated links: <none>> SignalStrength: -50 UnderlyingNetworks: Null]
07-17 12:03:59.928  7907  7907 I cr_OfflineIndicator: Reported by system: [ Transports: CELLULAR Capabilities: MMS&SUPL&DUN&FOTA&IMS&CBS&INTERNET&NOT_RESTRICTED&TRUSTED&NOT_VPN&NOT_ROAMING&NOT_CONGESTED&NOT_SUSPENDED&NOT_VCN_MANAGED&MMTEL LinkUpBandwidth>=1800Kbps LinkDnBandwidth>=4300Kbps Specifier: <TelephonyNetworkSpecifier [mSubId = 1]> UnderlyingNetworks: Null]
07-17 12:03:59.928  7907  7907 I cr_OfflineIndicator: setConnectionState connectionState=2
07-17 12:03:59.928  7907  7907 I cr_OfflineIndicator: processConnectivityCheckResult mConnectionState=2 mConnectivityCheckingStage=1
07-17 12:03:59.928  7907  7907 I cr_OfflineIndicator: scheduleNextConnectivityCheck
07-17 12:03:59.928  7907  7907 I cr_OfflineIndicator: Retry after 5000ms
07-17 12:04:00.007  1670  1904 I AiAiEcho: Predicting[0]:
07-17 12:04:00.007  1670  1904 I AiAiEcho: EchoTargets:
07-17 12:04:00.007  1670  1904 I AiAiEcho: Filtered by AiAi flag check:
07-17 12:04:00.007  1670  1904 I AiAiEcho: Ranked targets strategy: SORT, count: 0, ranking metadata:
07-17 12:04:00.008  1670  1904 I AiAiEcho: #postPredictionTargets: Sending updates to UISurface lockscreen with targets# 0 (types=[])
07-17 12:04:00.024   843   843 W PageIndicator: Total number of pages invalid: 0. Assuming 1 page.
07-17 12:04:00.030   843   989 D EGL_emulation: app_time_stats: avg=572.20ms min=12.25ms max=10024.61ms count=19
07-17 12:04:00.147  2000 17529 I GmscoreIpa: Starting mediastore instant index [CONTEXT service_id=255 ]
07-17 12:04:00.809 16514 16532 D Benchmark: Profile Installer - Save Profile
07-17 12:04:00.835   574   649 I ActivityManager: Broadcasting: Intent { act=androidx.profileinstaller.action.SAVE_PROFILE flg=0x400000 cmp=com.yuuta.zardAppNeo/androidx.profileinstaller.ProfileInstallReceiver }
07-17 12:04:00.836 17381 17381 I Process : Sending signal. PID: 17381 SIG: 10
07-17 12:04:00.836 17381 17381 D ProfileInstaller:
07-17 12:04:00.836 17381 17387 I uuta.zardAppNeo: Thread[6,tid=17387,WaitingInMainSignalCatcherLoop,Thread*=0xb400007e10a1a6f0,peer=0x13d401c8,"Signal Catcher"]: reacting to signal 10
07-17 12:04:00.836 17381 17387 I uuta.zardAppNeo:
07-17 12:04:00.836 17381 17387 I uuta.zardAppNeo: SIGUSR1 forcing GC (no HPROF) and profile save
07-17 12:04:00.837   574   597 I ActivityManager: Broadcast completed: result=12
07-17 12:04:00.843 17381 17387 I uuta.zardAppNeo: Explicit concurrent copying GC freed 44373(1773KB) AllocSpace objects, 0(0B) LOS objects, 49% free, 4448KB/8896KB, paused 11us,3us total 6.174ms
07-17 12:04:01.338 16514 16532 D Benchmark: Killing process com.yuuta.zardAppNeo
07-17 12:04:01.361   574  1760 W AppSearchIcing: icing-search-engine.cc:283: Error: 5, Message: Document (com.google.android.googlequicksearchbox$OneSearchZeroStateGoogleSuggestions/default, zp) not found.
07-17 12:04:01.362  1171  1200 D QuickstepModelDelegate: notifyAppTargetEvent action=1 launchLocation=workspace/0/[-1,-1]/[1,1]
07-17 12:04:01.362  1171  2272 E OneSearchSuggestProvider: Failed to fetch suggestions from AppSearch, fallback to AGA
07-17 12:04:01.362  1171  2272 E OneSearchSuggestProvider: java.util.concurrent.CompletionException: java.util.NoSuchElementException: No value present
07-17 12:04:01.362  1171  2272 E OneSearchSuggestProvider: 	at java.util.concurrent.CompletableFuture.encodeThrowable(CompletableFuture.java:308)
07-17 12:04:01.362  1171  2272 E OneSearchSuggestProvider: 	at java.util.concurrent.CompletableFuture.completeThrowable(CompletableFuture.java:323)
07-17 12:04:01.362  1171  2272 E OneSearchSuggestProvider: 	at java.util.concurrent.CompletableFuture$UniAccept.tryFire(CompletableFuture.java:684)
07-17 12:04:01.362  1171  2272 E OneSearchSuggestProvider: 	at java.util.concurrent.CompletableFuture.postComplete(CompletableFuture.java:486)
07-17 12:04:01.362  1171  2272 E OneSearchSuggestProvider: 	at java.util.concurrent.CompletableFuture.completeExceptionally(CompletableFuture.java:2138)
07-17 12:04:01.362  1171  2272 E OneSearchSuggestProvider: 	at com.google.android.apps.nexuslauncher.allapps.H0.onResult(Unknown Source:59)
07-17 12:04:01.362  1171  2272 E OneSearchSuggestProvider: 	at android.app.appsearch.SearchSessionUtil$1.lambda$onResult$0(SearchSessionUtil.java:129)
07-17 12:04:01.362  1171  2272 E OneSearchSuggestProvider: 	at android.app.appsearch.SearchSessionUtil$1.$r8$lambda$_nlk9WiPjSfaAsqKYmp0aPvSRC0(SearchSessionUtil.java:1)
07-17 12:04:01.362  1171  2272 E OneSearchSuggestProvider: 	at android.app.appsearch.SearchSessionUtil$1$$ExternalSyntheticLambda0.run(R8$$SyntheticClass:13)
07-17 12:04:01.362  1171  2272 E OneSearchSuggestProvider: 	at android.os.Handler.handleCallback(Handler.java:958)
07-17 12:04:01.362  1171  2272 E OneSearchSuggestProvider: 	at android.os.Handler.dispatchMessage(Handler.java:99)
07-17 12:04:01.362  1171  2272 E OneSearchSuggestProvider: 	at android.os.Looper.loopOnce(Looper.java:205)
07-17 12:04:01.362  1171  2272 E OneSearchSuggestProvider: 	at android.os.Looper.loop(Looper.java:294)
07-17 12:04:01.362  1171  2272 E OneSearchSuggestProvider: 	at android.os.HandlerThread.run(HandlerThread.java:67)
07-17 12:04:01.362  1171  2272 E OneSearchSuggestProvider: Caused by: java.util.NoSuchElementException: No value present
07-17 12:04:01.362  1171  2272 E OneSearchSuggestProvider: 	at java.util.Optional.get(Optional.java:144)
07-17 12:04:01.362  1171  2272 E OneSearchSuggestProvider: 	at com.google.android.apps.nexuslauncher.allapps.H0.onResult(Unknown Source:16)
07-17 12:04:01.362  1171  2272 E OneSearchSuggestProvider: 	... 8 more
07-17 12:04:01.362  1171  2272 D OneSearchSuggestProvider: Created the binder channel successfully for end point service =com.google.android.apps.search.googleapp.search.suggest.plugins.onesearch.server.OneSearchSuggestService , mChannel=z1{delegate=s1{logId=271, target=directaddress:///AndroidComponentAddress%5BIntent%20%7B%20act=grpc.io.action.BIND%20cmp=com.google.android.googlequicksearchbox/com.google.android.apps.search.googleapp.search.suggest.plugins.onesearch.server.OneSearchSuggestService%20%7D%5D}} , mOneSearchConnection=X1.T@fee66c0
07-17 12:04:01.364  1670  1904 I AiAiEcho: Predicting[0]:
07-17 12:04:01.364  1670  1904 I AiAiEcho: EchoTargets:
07-17 12:04:01.364  1670  1904 I AiAiEcho: Filtered by AiAi flag check:
07-17 12:04:01.364  1670  1904 I AiAiEcho: Ranked targets strategy: SORT, count: 0, ranking metadata:
07-17 12:04:01.364  1670  1904 I AiAiEcho: #postPredictionTargets: Sending updates to UISurface home with targets# 0 (types=[])
07-17 12:04:01.365  1030  1030 D CarrierSvcBindHelper: onHandleForceStop: [com.yuuta.zardAppNeo]
07-17 12:04:01.366  1030  1030 D CarrierSvcBindHelper: No carrier app for: 0
07-17 12:04:01.370   413   413 I BpBinder: onLastStrongRef automatically unlinking death recipients:
07-17 12:04:01.375  1928  1928 I A       : (REDACTED) onApplyWindowInsets: systemWindowInsets=%s
07-17 12:04:01.375  1928  1928 I A       : (REDACTED) onApplyWindowInsets: systemWindowInsets=%s
07-17 12:04:01.376   574  2211 W InputManager-JNI: Input channel object '317a7fd com.yuuta.zardAppNeo/com.yuuta.zardAppNeo.MainActivity_Light (client)' was disposed without first being removed with the input manager!
07-17 12:04:01.376   574   997 I ImeTracker: com.yuuta.zardAppNeo:3c85d2a2: onRequestHide at ORIGIN_SERVER_HIDE_INPUT reason HIDE_REMOVE_CLIENT
07-17 12:04:01.376   574   997 I ImeTracker: com.yuuta.zardAppNeo:3c85d2a2: onCancelled at PHASE_SERVER_SHOULD_HIDE
07-17 12:04:01.378  1648  9992 W MediaProvider: isAppCloneUserPair for user 0: false
07-17 12:04:01.378   348   348 I Zygote  : Process 17381 exited due to signal 9 (Killed)
07-17 12:04:01.379  1928  2718 E OpenGLRenderer: Unable to match the desired swap behavior.
07-17 12:04:01.380  1171  1973 E OpenGLRenderer: Unable to match the desired swap behavior.
07-17 12:04:01.384  1928  1928 I A       : onStart
07-17 12:04:01.385  1928  1928 I A       : onResume
07-17 12:04:01.389  1928  1928 I A       : (REDACTED) Created gRPC endpoint for service %s
07-17 12:04:01.399  1928  1928 E A       : LocalSubscriptionMixinUpdater silently ignored NullPointerException
07-17 12:04:01.399  1928  1928 E A       : java.lang.NullPointerException: Null data
07-17 12:04:01.399  1928  1928 E A       : 	at com.google.apps.tiktok.g.c.ap.<init>(PG:2)
07-17 12:04:01.399  1928  1928 E A       : 	at com.google.apps.tiktok.g.c.an.a(PG:32)
07-17 12:04:01.399  1928  1928 E A       : 	at com.google.apps.tiktok.g.c.ab.apply(PG:11)
07-17 12:04:01.399  1928  1928 E A       : 	at com.google.apps.tiktok.tracing.fh.apply(PG:13)
07-17 12:04:01.399  1928  1928 E A       : 	at com.google.common.util.concurrent.b.e(PG:3)
07-17 12:04:01.399  1928  1928 E A       : 	at com.google.common.util.concurrent.c.run(PG:130)
07-17 12:04:01.399  1928  1928 E A       : 	at com.google.apps.tiktok.concurrent.ar.run(PG:71)
07-17 12:04:01.399  1928  1928 E A       : 	at com.google.apps.tiktok.tracing.fj.run(PG:24)
07-17 12:04:01.399  1928  1928 E A       : 	at java.util.concurrent.Executors$RunnableAdapter.call(Executors.java:487)
07-17 12:04:01.399  1928  1928 E A       : 	at com.google.common.util.concurrent.du.a(PG:3)
07-17 12:04:01.399  1928  1928 E A       : 	at com.google.common.util.concurrent.cv.run(PG:19)
07-17 12:04:01.399  1928  1928 E A       : 	at com.google.common.util.concurrent.dv.run(PG:5)
07-17 12:04:01.399  1928  1928 E A       : 	at android.os.Handler.handleCallback(Handler.java:958)
07-17 12:04:01.399  1928  1928 E A       : 	at android.os.Handler.dispatchMessage(Handler.java:99)
07-17 12:04:01.399  1928  1928 E A       : 	at android.os.Looper.loopOnce(Looper.java:205)
07-17 12:04:01.399  1928  1928 E A       : 	at android.os.Looper.loop(Looper.java:294)
07-17 12:04:01.399  1928  1928 E A       : 	at android.app.ActivityThread.main(ActivityThread.java:8177)
07-17 12:04:01.399  1928  1928 E A       : 	at java.lang.reflect.Method.invoke(Native Method)
07-17 12:04:01.399  1928  1928 E A       : 	at com.android.internal.os.RuntimeInit$MethodAndArgsCaller.run(RuntimeInit.java:552)
07-17 12:04:01.399  1928  1928 E A       : 	at com.android.internal.os.ZygoteInit.main(ZygoteInit.java:971)
07-17 12:04:01.417  1171  1171 D SearchTargetUtil:  query= size=0
07-17 12:04:01.421  1363 12088 I NetworkScheduler.Stats: (REDACTED) Task %s/%s started execution. cause:%s exec_start_elapsed_seconds: %s
07-17 12:04:01.423   574  1893 I ImeTracker: com.google.android.apps.nexuslauncher:81e88674: onRequestHide at ORIGIN_SERVER_HIDE_INPUT reason HIDE_UNSPECIFIED_WINDOW
07-17 12:04:01.423   574  1893 I ImeTracker: com.google.android.apps.nexuslauncher:81e88674: onCancelled at PHASE_SERVER_SHOULD_HIDE
07-17 12:04:01.423  1363 13053 I NetworkScheduler.Stats: (REDACTED) Task %s/%s finished executing. cause:%s result: %s elapsed_millis: %s uptime_millis: %s exec_start_elapsed_seconds: %s
07-17 12:04:01.425  1522  1522 I GoogleInputMethodService: GoogleInputMethodService.onFinishInput():3157
07-17 12:04:01.425  1522  1522 I GoogleInputMethodService: GoogleInputMethodService.updateDeviceLockedStatus():2248 repeatCheckTimes = 0, locked = false
07-17 12:04:01.425  1522  1522 I GoogleInputMethodService: GoogleInputMethodService.onStartInput():1986 onStartInput(EditorInfo{EditorInfo{packageName=com.google.android.apps.nexuslauncher, inputType=0, inputTypeString=NULL, enableLearning=false, autoCorrection=false, autoComplete=false, imeOptions=0, privateImeOptions=null, actionName=UNSPECIFIED, actionLabel=null, initialSelStart=-1, initialSelEnd=-1, initialCapsMode=0, label=null, fieldId=0, fieldName=null, extras=null, hintText=null, hintLocales=[]}}, false)
07-17 12:04:01.426  1522  1522 I GoogleInputMethodService: GoogleInputMethodService.updateDeviceLockedStatus():2248 repeatCheckTimes = 1, locked = false
07-17 12:04:01.427  1522  1522 I AndroidIME: InputBundleManager.loadActiveInputBundleId():450 loadActiveInputBundleId: und-Latn-x-password, password
07-17 12:04:01.428 16990 16991 I artd    : Running profman: /apex/com.android.art/bin/art_exec --drop-capabilities --keep-fds=6:7 -- /apex/com.android.art/bin/profman --reference-profile-file-fd=6 --apk-fd=7
07-17 12:04:01.428 16990 16991 I artd    : Opened FDs: 6:/data/misc/profiles/ref/com.yuuta.zardAppNeo/primary.prof 7:/data/app/~~2gKa5mVS5FbOpCUskHaI9g==/com.yuuta.zardAppNeo-7qz_4VI4cH-P-i08jQmkKQ==/base.apk
07-17 12:04:01.459 16990 16991 I artd    : profman returned code 2
07-17 12:04:01.461 16990 16991 I artd    : Running profman: /apex/com.android.art/bin/art_exec --drop-capabilities --keep-fds=6:7:8 -- /apex/com.android.art/bin/profman --profile-file-fd=6 --reference-profile-file-fd=7 --apk-fd=8
07-17 12:04:01.461 16990 16991 I artd    : Opened FDs: 6:/data/misc/profiles/cur/0/com.yuuta.zardAppNeo/primary.prof 7:/data/misc/profiles/ref/com.yuuta.zardAppNeo/primary.prof.nhlygG.tmp 8:/data/app/~~2gKa5mVS5FbOpCUskHaI9g==/com.yuuta.zardAppNeo-7qz_4VI4cH-P-i08jQmkKQ==/base.apk
07-17 12:04:01.481 16990 16991 I artd    : profman returned code 2
07-17 12:04:01.484 16990 16991 I artd    : Running dex2oat: /apex/com.android.art/bin/art_exec --drop-capabilities --set-task-profile=Dex2OatBootComplete --set-priority=background --keep-fds=6:7:8:9:10:11:12:13:14 -- /apex/com.android.art/bin/dex2oat64 --zip-fd=6 --zip-location=/data/app/~~2gKa5mVS5FbOpCUskHaI9g==/com.yuuta.zardAppNeo-7qz_4VI4cH-P-i08jQmkKQ==/base.apk --oat-fd=7 --oat-location=/data/app/~~2gKa5mVS5FbOpCUskHaI9g==/com.yuuta.zardAppNeo-7qz_4VI4cH-P-i08jQmkKQ==/oat/arm64/base.odex --output-vdex-fd=8 --app-image-fd=9 --image-format=lz4 --swap-fd=10 --class-loader-context-fds=11:12 --class-loader-context=PCL[]{PCL[/system_ext/framework/androidx.window.extensions.jar]#PCL[/system_ext/framework/androidx.window.sidecar.jar]} --classpath-dir=/data/app/~~2gKa5mVS5FbOpCUskHaI9g==/com.yuuta.zardAppNeo-7qz_4VI4cH-P-i08jQmkKQ== --input-vdex-fd=13 --profile-file-fd=14 --instruction-set=arm64 --instruction-set-features=default --instruction-set-variant=generic --compiler-filter=speed-profile --compilation-reason=cmdline --compact-dex-level=none --max-image-block-size=524288 --resolve-startup-const-strings=true --generate-mini-debug-info --runtime-arg -Xtarget-sdk-version:34 --runtime-arg -Xhidden-api-policy:enabled --runtime-arg -Xms64m --runtime-arg -Xmx512m --comments=app-version-name:1.0,app-version-code:1,art-version:340818022
07-17 12:04:01.484 16990 16991 I artd    : Opened FDs: 6:/data/app/~~2gKa5mVS5FbOpCUskHaI9g==/com.yuuta.zardAppNeo-7qz_4VI4cH-P-i08jQmkKQ==/base.apk 7:/data/app/~~2gKa5mVS5FbOpCUskHaI9g==/com.yuuta.zardAppNeo-7qz_4VI4cH-P-i08jQmkKQ==/oat/arm64/base.odex.57Wfbz.tmp 8:/data/app/~~2gKa5mVS5FbOpCUskHaI9g==/com.yuuta.zardAppNeo-7qz_4VI4cH-P-i08jQmkKQ==/oat/arm64/base.vdex.N9LMto.tmp 9:/data/app/~~2gKa5mVS5FbOpCUskHaI9g==/com.yuuta.zardAppNeo-7qz_4VI4cH-P-i08jQmkKQ==/oat/arm64/base.art.99iO6W.tmp 10:/data/app/~~2gKa5mVS5FbOpCUskHaI9g==/com.yuuta.zardAppNeo-7qz_4VI4cH-P-i08jQmkKQ==/oat/arm64/base.odex.swap.JgVU7H.tmp 11:/system_ext/framework/androidx.window.sidecar.jar 12:/system_ext/framework/androidx.window.extensions.jar 13:/data/app/~~2gKa5mVS5FbOpCUskHaI9g==/com.yuuta.zardAppNeo-7qz_4VI4cH-P-i08jQmkKQ==/oat/arm64/base.vdex 14:/data/misc/profiles/ref/com.yuuta.zardAppNeo/primary.prof
07-17 12:04:01.531 17557 17557 W dex2oat64: Mismatch between dex2oat instruction set features to use (ISA: Arm64 Feature string: a53,crc,-lse,-fp16,-dotprod,-sve) and those from CPP defines (ISA: Arm64 Feature string: -a53,-crc,-lse,-fp16,-dotprod,-sve) for the command line:
07-17 12:04:01.531 17557 17557 W dex2oat64: /apex/com.android.art/bin/dex2oat64 --zip-fd=6 --zip-location=/data/app/~~2gKa5mVS5FbOpCUskHaI9g==/com.yuuta.zardAppNeo-7qz_4VI4cH-P-i08jQmkKQ==/base.apk --oat-fd=7 --oat-location=/data/app/~~2gKa5mVS5FbOpCUskHaI9g==/com.yuuta.zardAppNeo-7qz_4VI4cH-P-i08jQmkKQ==/oat/arm64/base.odex --output-vdex-fd=8 --app-image-fd=9 --image-format=lz4 --swap-fd=10 --class-loader-context-fds=11:12 --class-loader-context=PCL[]{PCL[/system_ext/framework/androidx.window.extensions.jar]#PCL[/system_ext/framework/androidx.window.sidecar.jar]} --classpath-dir=/data/app/~~2gKa5mVS5FbOpCUskHaI9g==/com.yuuta.zardAppNeo-7qz_4VI4cH-P-i08jQmkKQ== --input-vdex-fd=13 --profile-file-fd=14 --instruction-set=arm64 --instruction-set-features=default --instruction-set-variant=generic --compiler-filter=speed-profile --compilation-reason=cmdline --compact-dex-level=none --max-image-block-size=524288 --resolve-startup-const-strings=true --generate-mini-debug-info --runtime-arg -Xtarget-sdk-version:34 --runtime-arg -Xhidden-api-policy:enabled --runtime-arg -Xms64m --runtime-arg -Xmx512m --comments=app-version-name:1.0,app-version-code:1,art-version:340818022
07-17 12:04:01.532 17557 17557 I dex2oat64: /apex/com.android.art/bin/dex2oat64 --output-vdex-fd=8 --class-loader-context-fds=11:12 --class-loader-context=PCL[]{PCL[/system_ext/framework/androidx.window.extensions.jar]#PCL[/system_ext/framework/androidx.window.sidecar.jar]} --classpath-dir=/data/app/~~2gKa5mVS5FbOpCUskHaI9g==/com.yuuta.zardAppNeo-7qz_4VI4cH-P-i08jQmkKQ== --input-vdex-fd=13 --profile-file-fd=14 --compiler-filter=speed-profile --compilation-reason=cmdline --compact-dex-level=none --max-image-block-size=524288 --resolve-startup-const-strings=true --generate-mini-debug-info --comments=app-version-name:1.0,app-version-code:1,art-version:340818022
07-17 12:04:01.535 17557 17557 I dex2oat64: Using CollectorTypeCC GC.
07-17 12:04:01.654   574  2821 I Process : Sending signal. PID: 17381 SIG: 9
07-17 12:04:01.686   413   413 E BpTransactionCompletedListener: Failed to transact (-32)
07-17 12:04:01.705   843   989 D EGL_emulation: app_time_stats: avg=381.02ms min=12.24ms max=10581.54ms count=29
07-17 12:04:01.903 17557 17557 I dex2oat64: Explicit concurrent copying GC freed 8860(2967KB) AllocSpace objects, 0(0B) LOS objects, 61% free, 959KB/2495KB, paused 8us,2us total 2.133ms
07-17 12:04:01.957 17557 17557 I dex2oat64: dex2oat took 427.451ms (1.088s cpu) (threads: 4) arena alloc=10216KB (10461608B) java alloc=959KB (983000B) native alloc=14MB (14908944B) free=4007KB (4103264B)
07-17 12:04:01.962 16990 16991 I artd    : dex2oat returned code 0
07-17 12:04:01.963   574  2211 I ArtService: Dexopt result: [packageName = com.yuuta.zardAppNeo] DexContainerFileDexoptResult{dexContainerFile=/data/app/~~2gKa5mVS5FbOpCUskHaI9g==/com.yuuta.zardAppNeo-7qz_4VI4cH-P-i08jQmkKQ==/base.apk, primaryAbi=true, abi=arm64-v8a, actualCompilerFilter=speed-profile, status=PERFORMED, dex2oatWallTimeMillis=483, dex2oatCpuTimeMillis=1090, sizeBytes=9071568, sizeBeforeBytes=9071568}
07-17 12:04:01.976  1648  9992 I MediaProvider: Invalidating LocalCallingIdentity cache for package com.yuuta.androidbenchmark. Reason: owned_database_row_deleted:/storage/emulated/0/Android/media/com.yuuta.androidbenchmark/temporaryScript952241906516336916.tmp
07-17 12:04:01.978  1648  9992 I MediaProvider: Deleted 1 0 0 0 0 0 0 items on external_primary due to com.android.shell
07-17 12:04:01.983  1648  2147 W MediaProvider: isAppCloneUserPair for user 0: false
07-17 12:04:01.995  1363 13054 I NetworkScheduler.Stats: (REDACTED) Task %s/%s started execution. cause:%s exec_start_elapsed_seconds: %s
07-17 12:04:01.997  1363 13053 I NetworkScheduler.Stats: (REDACTED) Task %s/%s finished executing. cause:%s result: %s elapsed_millis: %s uptime_millis: %s exec_start_elapsed_seconds: %s
07-17 12:04:02.002 16990 16991 I artd    : Running profman: /apex/com.android.art/bin/art_exec --drop-capabilities --keep-fds=6:7 -- /apex/com.android.art/bin/profman --reference-profile-file-fd=6 --apk-fd=7
07-17 12:04:02.002 16990 16991 I artd    : Opened FDs: 6:/data/misc/profiles/ref/com.yuuta.zardAppNeo/primary.prof 7:/data/app/~~2gKa5mVS5FbOpCUskHaI9g==/com.yuuta.zardAppNeo-7qz_4VI4cH-P-i08jQmkKQ==/base.apk
07-17 12:04:02.022 16990 16991 I artd    : profman returned code 2
07-17 12:04:02.023 16990 16991 I artd    : Running profman: /apex/com.android.art/bin/art_exec --drop-capabilities --keep-fds=6:7:8:9 -- /apex/com.android.art/bin/profman --profile-file-fd=6 --profile-file-fd=7 --dump-output-to-fd=8 --apk-fd=9 --dump-classes-and-methods
07-17 12:04:02.023 16990 16991 I artd    : Opened FDs: 6:/data/misc/profiles/ref/com.yuuta.zardAppNeo/primary.prof 7:/data/misc/profiles/cur/0/com.yuuta.zardAppNeo/primary.prof 8:/data/misc/profiles/ref/com.yuuta.zardAppNeo/primary.prof.RGRy7e.tmp 9:/data/app/~~2gKa5mVS5FbOpCUskHaI9g==/com.yuuta.zardAppNeo-7qz_4VI4cH-P-i08jQmkKQ==/base.apk
07-17 12:04:02.050 16990 16991 I artd    : profman returned code 0
07-17 12:04:02.063  1648  9992 I MediaProvider: Invalidating LocalCallingIdentity cache for package com.yuuta.androidbenchmark. Reason: owned_database_row_deleted:/storage/emulated/0/Android/media/com.yuuta.androidbenchmark/temporaryScript230812908955476316.tmp
07-17 12:04:02.065  1648  9992 I MediaProvider: Deleted 1 0 0 0 0 0 0 items on external_primary due to com.android.shell
07-17 12:04:02.069  1648 11002 W MediaProvider: isAppCloneUserPair for user 0: false
07-17 12:04:02.081  1363 12088 I NetworkScheduler.Stats: (REDACTED) Task %s/%s started execution. cause:%s exec_start_elapsed_seconds: %s
07-17 12:04:02.083  1363 13053 I NetworkScheduler.Stats: (REDACTED) Task %s/%s finished executing. cause:%s result: %s elapsed_millis: %s uptime_millis: %s exec_start_elapsed_seconds: %s
07-17 12:04:02.100  1648  2147 I MediaProvider: Invalidating LocalCallingIdentity cache for package com.yuuta.androidbenchmark. Reason: owned_database_row_deleted:/storage/emulated/0/Android/media/com.yuuta.androidbenchmark/temporaryScript92407918028374679.tmp
07-17 12:04:02.102  1648  2147 I MediaProvider: Deleted 1 0 0 0 0 0 0 items on external_primary due to com.android.shell
07-17 12:04:02.110  1648  2147 I MediaProvider: Deleted 0 0 0 0 0 0 0 items on external_primary due to com.yuuta.androidbenchmark
07-17 12:04:02.117  1363 13054 I NetworkScheduler.Stats: (REDACTED) Task %s/%s started execution. cause:%s exec_start_elapsed_seconds: %s
07-17 12:04:02.118  1363 13053 I NetworkScheduler.Stats: (REDACTED) Task %s/%s finished executing. cause:%s result: %s elapsed_millis: %s uptime_millis: %s exec_start_elapsed_seconds: %s
07-17 12:04:02.203 16514 16532 D Benchmark: Profiles stable in iteration 5 (for 2 iterations)
07-17 12:04:02.203 16514 16532 D Benchmark: Baseline profile for com.yuuta.zardAppNeo is stable.
07-17 12:04:02.403  1648  2141 W MediaProvider: isAppCloneUserPair for user 0: false
07-17 12:04:02.408 16514 16532 D Benchmark: Moving /storage/emulated/0/Android/media/com.yuuta.androidbenchmark/ScrollBenchmark_scroll-baseline-prof.txt to /sdcard/Android/media/com.yuuta.androidbenchmark/additional_test_output/ScrollBenchmark_scroll-baseline-prof.txt
07-17 12:04:02.416 16514 16532 D Benchmark: Pull Baseline Profile with: `adb pull "/storage/emulated/0/Android/media/com.yuuta.androidbenchmark/ScrollBenchmark_scroll-baseline-prof-2024-07-17-03-04-02.txt" .`
07-17 12:04:02.417  1648 11969 W MediaProvider: isAppCloneUserPair for user 0: false
07-17 12:04:02.419 16514 16532 D Benchmark: Moving /storage/emulated/0/Android/media/com.yuuta.androidbenchmark/ScrollBenchmark_scroll-baseline-prof-2024-07-17-03-04-02.txt to /sdcard/Android/media/com.yuuta.androidbenchmark/additional_test_output/ScrollBenchmark_scroll-baseline-prof-2024-07-17-03-04-02.txt
07-17 12:04:02.429  1363 12088 I NetworkScheduler.Stats: (REDACTED) Task %s/%s started execution. cause:%s exec_start_elapsed_seconds: %s
07-17 12:04:02.431 16514 16532 D Benchmark: Total Run Time Ns: 73604632035
07-17 12:04:02.432 16514 16532 D Benchmark: Killing process com.yuuta.zardAppNeo
07-17 12:04:02.434  1363 13053 I NetworkScheduler.Stats: (REDACTED) Task %s/%s finished executing. cause:%s result: %s elapsed_millis: %s uptime_millis: %s exec_start_elapsed_seconds: %s
07-17 12:04:02.443 16514 16532 I TestRunner: finished: scroll(com.yuuta.androidbenchmark.ScrollBenchmark)
