07-17 12:03:05.279  1648  2147 W MediaProvider: isAppCloneUserPair for user 0: false
07-17 12:03:05.291  1363 13054 I NetworkScheduler.Stats: (REDACTED) Task %s/%s started execution. cause:%s exec_start_elapsed_seconds: %s
07-17 12:03:05.298 16861 16882 E FrameEvents: updateAcquireFence: Did not find frame.
07-17 12:03:05.301   574   967 I ImeTracker: com.yuuta.zardAppNeo:a64318b8: onRequestHide at ORIGIN_SERVER_HIDE_INPUT reason HIDE_UNSPECIFIED_WINDOW
07-17 12:03:05.301   574   967 I ImeTracker: com.yuuta.zardAppNeo:a64318b8: onCancelled at PHASE_SERVER_SHOULD_HIDE
07-17 12:03:05.303  1522  1522 I GoogleInputMethodService: GoogleInputMethodService.onFinishInput():3157
07-17 12:03:05.304  1522  1522 I GoogleInputMethodService: GoogleInputMethodService.updateDeviceLockedStatus():2248 repeatCheckTimes = 0, locked = false
07-17 12:03:05.304  1522  1522 I GoogleInputMethodService: GoogleInputMethodService.onStartInput():1986 onStartInput(EditorInfo{EditorInfo{packageName=com.yuuta.zardAppNeo, inputType=0, inputTypeString=NULL, enableLearning=false, autoCorrection=false, autoComplete=false, imeOptions=0, privateImeOptions=null, actionName=UNSPECIFIED, actionLabel=null, initialSelStart=-1, initialSelEnd=-1, initialCapsMode=0, label=null, fieldId=0, fieldName=null, extras=null, hintText=null, hintLocales=[]}}, false)
07-17 12:03:05.305  1522  1522 I GoogleInputMethodService: GoogleInputMethodService.updateDeviceLockedStatus():2248 repeatCheckTimes = 1, locked = false
07-17 12:03:05.305  1522  1522 I AndroidIME: InputBundleManager.loadActiveInputBundleId():450 loadActiveInputBundleId: und-Latn-x-password, password
07-17 12:03:05.306 15581 15627 W SQLiteLog: (28) double-quoted string literal: "4abd7ea4-a192-46c7-8789-5d7157fca5e7"
07-17 12:03:05.314  1363 13053 I NetworkScheduler.Stats: (REDACTED) Task %s/%s finished executing. cause:%s result: %s elapsed_millis: %s uptime_millis: %s exec_start_elapsed_seconds: %s
07-17 12:03:05.329 15838 15889 W Bugle   : TextClassifierLibManagerImpl: Reclaiming memory at level: 40
07-17 12:03:05.334 16861 16882 E FrameEvents: updateAcquireFence: Did not find frame.
07-17 12:03:05.341   843   843 D StatusBarIconController: ignoring old pipeline callback because the new wifi icon is enabled
07-17 12:03:05.360  1648  2147 I MediaProvider: Invalidating LocalCallingIdentity cache for package com.yuuta.androidbenchmark. Reason: owned_database_row_deleted:/storage/emulated/0/Android/media/com.yuuta.androidbenchmark/temporaryScript5438939258697843495.tmp
07-17 12:03:05.360  1648  2147 I MediaProvider: Deleted 1 0 0 0 0 0 0 items on external_primary due to com.android.shell
07-17 12:03:05.363 16514 16532 I System.out: 0 Flags,FrameTimelineVsyncId,IntendedVsync,Vsync,InputEventId,HandleInputStart,AnimationStart,PerformTraversalsStart,DrawStart,FrameDeadline,FrameInterval,FrameStartTime,SyncQueued,SyncStart,IssueDrawCommandsStart,SwapBuffers,FrameCompleted,DequeueBufferDuration,QueueBufferDuration,GpuCompleted,SwapBuffersCompleted,DisplayPresentTime,CommandSubmissionCompleted,
07-17 12:03:05.363 16514 16532 I System.out: 1 1,318214,17471871256910,17471871256910,0,17471885027919,17471885028169,17471885036835,17471918019752,17471887923576,17471885024252,16666666,17471919125210,17471919265877,17471919479502,17471936318960,17471946394169,4167,334750,17471946394169,17471940416627,0,17471936318960,
07-17 12:03:05.363 16514 16532 I System.out: 2 0,318250,17471887923576,17471937923574,0,17471941712127,17471941712460,17471942531085,17471942561002,17471971256906,17471941708294,16666666,17471942624460,17471943255627,17471943355335,17471944707752,17471971570377,4250,186083,17471971570377,17471946438585,0,17471944707752,
07-17 12:03:05.364 16514 16532 I System.out: 3 0,318345,17471954590240,17471954590240,0,17471954880960,17471954881544,17471956797210,17471956814710,17472004590238,17471954877585,16666666,17471964521294,17471966225252,17471966278460,17471986189169,17472004849044,4583,112250,17472004849044,17471992304627,72057628414509145,17471986189169,
07-17 12:03:05.364 16514 16532 I System.out: 4 0,318367,17471971256906,17471987923572,0,17471994971127,17471994971627,17471996845794,17471996909127,17472037923570,17471994961085,16666666,17471997624002,17472000580544,17472000640544,17472029820752,17472038849460,3042,182791,17472038849460,17472034041544,0,17472029820752,
07-17 12:03:05.364 16514 16532 I System.out: 5 0,318418,17472004590238,17472021256904,0,17472034978669,17472034979627,17472035309752,17472035522710,17472021256904,17472034948252,16666666,17472035659877,17472036584627,17472036636585,17472037280835,72904458492706816,3862500,115041,0,17472042748544,72904454231359540,17472037280835,
07-17 12:03:05.383  1363 13054 I NetworkScheduler.Stats: (REDACTED) Task %s/%s started execution. cause:%s exec_start_elapsed_seconds: %s
07-17 12:03:05.384  1363 13712 I NetworkScheduler.Stats: (REDACTED) Task %s/%s finished executing. cause:%s result: %s elapsed_millis: %s uptime_millis: %s exec_start_elapsed_seconds: %s
07-17 12:03:05.393   843   989 D EGL_emulation: app_time_stats: avg=70.59ms min=13.59ms max=738.59ms count=18
07-17 12:03:05.397  1928  1928 I A       : onStop
07-17 12:03:05.398  1171  2272 D OneSearchSuggestProvider: Shut down the binder channel
07-17 12:03:05.398  1171  1488 I IPCThreadState: oneway function results for code 2 on binder at 0xb400007d80a67dd0 will be dropped but finished with status UNKNOWN_TRANSACTION
07-17 12:03:05.398  1171  1199 I ImeTracker: com.google.android.apps.nexuslauncher:611e05b6: onRequestHide at ORIGIN_CLIENT_HIDE_SOFT_INPUT reason HIDE_SOFT_INPUT
07-17 12:03:05.399  1171  1199 I ImeTracker: com.google.android.apps.nexuslauncher:611e05b6: onFailed at PHASE_CLIENT_VIEW_SERVED
07-17 12:03:05.607   843   955 W WindowOnBackDispatcher: sendCancelIfRunning: isInProgress=falsecallback=android.view.ViewRootImpl$$ExternalSyntheticLambda17@f36f1e1
07-17 12:03:05.608   574  2821 W InputManager-JNI: Input channel object 'ab58321 Splash Screen com.yuuta.zardAppNeo (client)' was disposed without first being removed with the input manager!
07-17 12:03:05.680  1363  1905 I FontLog : (REDACTED) Received query %s, URI %s
07-17 12:03:05.680  1363  1905 I FontLog : (REDACTED) Query [%s] resolved to %s
07-17 12:03:05.680  1363  1905 I FontLog : (REDACTED) Fetch %s end status %s
07-17 12:03:05.681  1363  1905 I FontLog : (REDACTED) Pulling font file for id = %d, cache size = %d
07-17 12:03:05.682  1363  1905 I FontLog : (REDACTED) Pulling font file for id = %d, cache size = %d
07-17 12:03:06.358   843   989 D EGL_emulation: app_time_stats: avg=68.86ms min=10.20ms max=555.06ms count=18
07-17 12:03:06.398   843   989 D EGL_emulation: app_time_stats: avg=31.37ms min=10.14ms max=408.05ms count=32
07-17 12:03:07.244   843   955 I Choreographer: Skipped 34 frames!  The application may be doing too much work on its main thread.
07-17 12:03:07.633   843   989 D EGL_emulation: app_time_stats: avg=617.78ms min=467.56ms max=768.01ms count=2
07-17 12:03:07.824   843  1405 I OpenGLRenderer: Davey! duration=1570ms; Flags=0, FrameTimelineVsyncId=319107, IntendedVsync=17472704590210, Vsync=17473054590196, InputEventId=0, HandleInputStart=17473065836461, AnimationStart=17473065836753, PerformTraversalsStart=17473075913544, DrawStart=17473076201919, FrameDeadline=17473137923526, FrameInterval=17473063683086, FrameStartTime=16666666, SyncQueued=17473076245044, SyncStart=17473099697419, IssueDrawCommandsStart=17473100462544, SwapBuffers=17473361471419, FrameCompleted=17474298303461, DequeueBufferDuration=7208, QueueBufferDuration=500541, GpuCompleted=17474298303461, SwapBuffersCompleted=17473867744961, DisplayPresentTime=0, CommandSubmissionCompleted=17473361471419,
07-17 12:03:08.855   843  1405 I OpenGLRenderer: Davey! duration=1789ms; Flags=0, FrameTimelineVsyncId=319122, IntendedVsync=17473121267953, Vsync=17473404601275, InputEventId=0, HandleInputStart=17473950790086, AnimationStart=17473950790503, PerformTraversalsStart=17473955542503, DrawStart=17473955614045, FrameDeadline=17474321256812, FrameInterval=17473418901836, FrameStartTime=16666666, SyncQueued=17473955645045, SyncStart=17473955722586, IssueDrawCommandsStart=17473955752045, SwapBuffers=17474332482003, FrameCompleted=17474910795753, DequeueBufferDuration=192992750, QueueBufferDuration=154875, GpuCompleted=17474910795753, SwapBuffersCompleted=17474528316795, DisplayPresentTime=0, CommandSubmissionCompleted=17474332482003,
07-17 12:03:08.864   843   843 D StatusBarIconController: ignoring old pipeline callback because the new wifi icon is enabled
07-17 12:03:08.999   843   989 D EGL_emulation: app_time_stats: avg=1172.32ms min=1172.32ms max=1172.32ms count=1
07-17 12:03:09.148   843  1405 I OpenGLRenderer: Davey! duration=1604ms; Flags=0, FrameTimelineVsyncId=319194, IntendedVsync=17474037929003, Vsync=17474287928978, InputEventId=0, HandleInputStart=17474374140295, AnimationStart=17474374141503, PerformTraversalsStart=17474374338087, DrawStart=17474374481628, FrameDeadline=17474937934547, FrameInterval=17474296425086, FrameStartTime=16666665, SyncQueued=17474374504462, SyncStart=17474528355420, IssueDrawCommandsStart=17474528377962, SwapBuffers=17475557481129, FrameCompleted=17475795801212, DequeueBufferDuration=4291, QueueBufferDuration=49064083, GpuCompleted=17475795801212, SwapBuffersCompleted=17475700656587, DisplayPresentTime=0, CommandSubmissionCompleted=17475557481129,
07-17 12:03:09.249  2000  2000 D BoundBrokerSvc: onBind: Intent { act=com.google.android.gms.safetynet.service.START pkg=com.google.android.gms }
07-17 12:03:09.249  2000  2000 D BoundBrokerSvc: Loading bound service for intent: Intent { act=com.google.android.gms.safetynet.service.START pkg=com.google.android.gms }
07-17 12:03:09.806 16268 16345 I Finsky  : [94] xdd.h(11): Received Heterodyne sync response. StatusCode=-1
07-17 12:03:09.814 16861 16861 W WindowOnBackDispatcher: OnBackInvokedCallback is not enabled for the application.
07-17 12:03:09.814 16861 16861 W WindowOnBackDispatcher: Set 'android:enableOnBackInvokedCallback="true"' in the application manifest.
07-17 12:03:09.816 16861 16861 E uuta.zardAppNeo: Invalid resource ID 0x00000000.
07-17 12:03:09.816 16861 16861 D AndroidRuntime: Shutting down VM
07-17 12:03:09.868  7907  7907 I cr_OfflineIndicator: Reported by system: [ Transports: WIFI Capabilities: NOT_METERED&INTERNET&NOT_RESTRICTED&TRUSTED&NOT_VPN&NOT_ROAMING&FOREGROUND&NOT_CONGESTED&NOT_SUSPENDED&NOT_VCN_MANAGED LinkUpBandwidth>=12000Kbps LinkDnBandwidth>=30000Kbps TransportInfo: <SSID: <unknown ssid>, BSSID: 02:00:00:00:00:00, MAC: 02:00:00:00:00:00, IP: /10.0.2.16, Security type: 0, Supplicant state: COMPLETED, Wi-Fi standard: 1, RSSI: -50, Link speed: 2Mbps, Tx Link speed: 2Mbps, Max Supported Tx Link speed: 11Mbps, Rx Link speed: 2Mbps, Max Supported Rx Link speed: 11Mbps, Frequency: 2447MHz, Net ID: -1, Metered hint: false, score: 60, isUsable: true, CarrierMerged: false, SubscriptionId: -1, IsPrimary: -1, Trusted: true, Restricted: false, Ephemeral: false, OEM paid: false, OEM private: false, OSU AP: false, FQDN: <none>, Provider friendly name: <none>, Requesting package name: <none><none>MLO Information: , Is TID-To-Link negotiation supported by the AP: false, AP MLD Address: <none>, AP MLO Link Id: <none>, AP MLO Affiliated links: <none>> SignalStrength: -50 UnderlyingNetworks: Null]
07-17 12:03:09.868  7907  7907 I cr_OfflineIndicator: Reported by system: [ Transports: CELLULAR Capabilities: MMS&SUPL&DUN&FOTA&IMS&CBS&INTERNET&NOT_RESTRICTED&TRUSTED&NOT_VPN&NOT_ROAMING&NOT_CONGESTED&NOT_SUSPENDED&NOT_VCN_MANAGED&MMTEL LinkUpBandwidth>=1800Kbps LinkDnBandwidth>=4300Kbps Specifier: <TelephonyNetworkSpecifier [mSubId = 1]> UnderlyingNetworks: Null]
07-17 12:03:09.868  7907  7907 I cr_OfflineIndicator: setConnectionState connectionState=2
07-17 12:03:09.868  7907  7907 I cr_OfflineIndicator: processConnectivityCheckResult mConnectionState=2 mConnectivityCheckingStage=1
07-17 12:03:09.868  7907  7907 I cr_OfflineIndicator: scheduleNextConnectivityCheck
07-17 12:03:09.868  7907  7907 I cr_OfflineIndicator: Retry after 5000ms
--------- beginning of crash
07-17 12:03:10.158 16861 16861 E AndroidRuntime: FATAL EXCEPTION: main
07-17 12:03:10.158 16861 16861 E AndroidRuntime: Process: com.yuuta.zardAppNeo, PID: 16861
07-17 12:03:10.158 16861 16861 E AndroidRuntime: android.content.res.Resources$NotFoundException: Resource ID #0x0
07-17 12:03:10.158 16861 16861 E AndroidRuntime: 	at android.content.res.ResourcesImpl.getValue(ResourcesImpl.java:234)
07-17 12:03:10.158 16861 16861 E AndroidRuntime: 	at android.content.res.Resources.getValue(Resources.java:1439)
07-17 12:03:10.158 16861 16861 E AndroidRuntime: 	at M2.b.T0(Unknown Source:48)
07-17 12:03:10.158 16861 16861 E AndroidRuntime: 	at x2.a.s(Unknown Source:178)
07-17 12:03:10.158 16861 16861 E AndroidRuntime: 	at v2.g.j(Unknown Source:297)
07-17 12:03:10.158 16861 16861 E AndroidRuntime: 	at Q.b.a(Unknown Source:45)
07-17 12:03:10.158 16861 16861 E AndroidRuntime: 	at Q.b.j(Unknown Source:8)
07-17 12:03:10.158 16861 16861 E AndroidRuntime: 	at q.k.a(Unknown Source:194)
07-17 12:03:10.158 16861 16861 E AndroidRuntime: 	at q.k.k(Unknown Source:27)
07-17 12:03:10.158 16861 16861 E AndroidRuntime: 	at Q.b.k(Unknown Source:53)
07-17 12:03:10.158 16861 16861 E AndroidRuntime: 	at t.L.a(Unknown Source:325)
07-17 12:03:10.158 16861 16861 E AndroidRuntime: 	at t.L.k(Unknown Source:55)
07-17 12:03:10.158 16861 16861 E AndroidRuntime: 	at Q.b.k(Unknown Source:53)
07-17 12:03:10.158 16861 16861 E AndroidRuntime: 	at G.K.a0(Unknown Source:14)
07-17 12:03:10.158 16861 16861 E AndroidRuntime: 	at I.s.p(Unknown Source:200)
07-17 12:03:10.158 16861 16861 E AndroidRuntime: 	at I.z.n(Unknown Source:30)
07-17 12:03:10.158 16861 16861 E AndroidRuntime: 	at I.M0.a(Unknown Source:34)
07-17 12:03:10.158 16861 16861 E AndroidRuntime: 	at I.p.a(Unknown Source:4)
07-17 12:03:10.158 16861 16861 E AndroidRuntime: 	at I.z.o(Unknown Source:8)
07-17 12:03:10.158 16861 16861 E AndroidRuntime: 	at q0.F.i(Unknown Source:29)
07-17 12:03:10.158 16861 16861 E AndroidRuntime: 	at q0.F.h(Unknown Source:125)
07-17 12:03:10.158 16861 16861 E AndroidRuntime: 	at q0.A.h(Unknown Source:159)
07-17 12:03:10.158 16861 16861 E AndroidRuntime: 	at G.K0.n(Unknown Source:806)
07-17 12:03:10.158 16861 16861 E AndroidRuntime: 	at q0.z.j(Unknown Source:24)
07-17 12:03:10.158 16861 16861 E AndroidRuntime: 	at q0.B.j(Unknown Source:13)
07-17 12:03:10.158 16861 16861 E AndroidRuntime: 	at w.q.a(Unknown Source:233)
07-17 12:03:10.158 16861 16861 E AndroidRuntime: 	at w.q.c(Unknown Source:44)
07-17 12:03:10.158 16861 16861 E AndroidRuntime: 	at G.Q.f(Unknown Source:55)
07-17 12:03:10.158 16861 16861 E AndroidRuntime: 	at S.z.a(Unknown Source:47)
07-17 12:03:10.158 16861 16861 E AndroidRuntime: 	at S.A.c(Unknown Source:139)
07-17 12:03:10.158 16861 16861 E AndroidRuntime: 	at s0.r0.a(Unknown Source:2)
07-17 12:03:10.158 16861 16861 E AndroidRuntime: 	at s0.M.m(Unknown Source:138)
07-17 12:03:10.158 16861 16861 E AndroidRuntime: 	at s0.M.f0(Unknown Source:68)
07-17 12:03:10.158 16861 16861 E AndroidRuntime: 	at s0.U.U(Unknown Source:35)
07-17 12:03:10.158 16861 16861 E AndroidRuntime: 	at q0.Y.g(Unknown Source:29)
07-17 12:03:10.158 16861 16861 E AndroidRuntime: 	at q0.Y.h(Unknown Source:1)
07-17 12:03:10.158 16861 16861 E AndroidRuntime: 	at s0.L.c(Unknown Source:61)
07-17 12:03:10.158 16861 16861 E AndroidRuntime: 	at G.Q.f(Unknown Source:55)
07-17 12:03:10.158 16861 16861 E AndroidRuntime: 	at S.z.a(Unknown Source:47)
07-17 12:03:10.158 16861 16861 E AndroidRuntime: 	at S.A.c(Unknown Source:139)
07-17 12:03:10.158 16861 16861 E AndroidRuntime: 	at s0.r0.a(Unknown Source:2)
07-17 12:03:10.158 16861 16861 E AndroidRuntime: 	at s0.M.g0(Unknown Source:125)
07-17 12:03:10.158 16861 16861 E AndroidRuntime: 	at s0.M.U(Unknown Source:1)
07-17 12:03:10.158 16861 16861 E AndroidRuntime: 	at q0.Y.g(Unknown Source:29)
07-17 12:03:10.158 16861 16861 E AndroidRuntime: 	at q0.Y.h(Unknown Source:1)
07-17 12:03:10.158 16861 16861 E AndroidRuntime: 	at v.m.b(Unknown Source:40)
07-17 12:03:10.158 16861 16861 E AndroidRuntime: 	at v.n.n(Unknown Source:21)
07-17 12:03:10.158 16861 16861 E AndroidRuntime: 	at q0.f.j(Unknown Source:13)
07-17 12:03:10.158 16861 16861 E AndroidRuntime: 	at w.q.a(Unknown Source:233)
07-17 12:03:10.158 16861 16861 E AndroidRuntime: 	at w.q.c(Unknown Source:44)
07-17 12:03:10.158 16861 16861 E AndroidRuntime: 	at G.Q.f(Unknown Source:55)
07-17 12:03:10.158 16861 16861 E AndroidRuntime: 	at S.z.a(Unknown Source:47)
07-17 12:03:10.158 16861 16861 E AndroidRuntime: 	at S.A.c(Unknown Source:139)
07-17 12:03:10.158 16861 16861 E AndroidRuntime: 	at s0.r0.a(Unknown Source:2)
07-17 12:03:10.158 16861 16861 E AndroidRuntime: 	at s0.M.m(Unknown Source:138)
07-17 12:03:10.158 16861 16861 E AndroidRuntime: 	at s0.M.f0(Unknown Source:68)
07-17 12:03:10.158 16861 16861 E AndroidRuntime: 	at s0.U.U(Unknown Source:35)
07-17 12:03:10.158 16861 16861 E AndroidRuntime: 	at q0.Y.k(Unknown Source:32)
07-17 12:03:10.158 16861 16861 E AndroidRuntime: 	at q0.Y.l(Unknown Source:14)
07-17 12:03:10.158 16861 16861 E AndroidRuntime: 	at s.s.f(Unknown Source:23)
07-17 12:03:10.158 16861 16861 E AndroidRuntime: 	at s.s.n(Unknown Source:525)
07-17 12:03:10.158 16861 16861 E AndroidRuntime: 	at q0.f.j(Unknown Source:13)
07-17 12:03:10.158 16861 16861 E AndroidRuntime: 	at s0.U.U(Unknown Source:20)
07-17 12:03:10.158 16861 16861 E AndroidRuntime: 	at q0.Y.g(Unknown Source:29)
07-17 12:03:10.158 16861 16861 E AndroidRuntime: 	at q0.Y.h(Unknown Source:1)
07-17 12:03:10.158 16861 16861 E AndroidRuntime: 	at s0.L.c(Unknown Source:61)
07-17 12:03:10.158 16861 16861 E AndroidRuntime: 	at G.Q.f(Unknown Source:55)
07-17 12:03:10.158 16861 16861 E AndroidRuntime: 	at S.z.a(Unknown Source:47)
07-17 12:03:10.158 16861 16861 E AndroidRuntime: 	at S.A.c(Unknown Source:139)
07-17 12:03:10.158 16861 16861 E AndroidRuntime: 	at s0.r0.a(Unknown Source:2)
07-17 12:03:10.158 16861 16861 E AndroidRuntime: 	at s0.M.g0(Unknown Source:125)
07-17 12:03:10.158 16861 16861 E AndroidRuntime: 	at s0.M.U(Unknown Source:1)
07-17 12:03:10.158 16861 16861 E AndroidRuntime: 	at q0.Y.e(Unknown Source:33)
07-17 12:03:10.158 16861 16861 E AndroidRuntime: 	at q0.Y.f(Unknown Source:1)
07-17 12:03:10.158 16861 16861 E AndroidRuntime: 	at q.v.a(Unknown Source:83)
07-17 12:03:10.158 16861 16861 E AndroidRuntime: 	at q.v.n(Unknown Source:60)
07-17 12:03:10.158 16861 16861 E AndroidRuntime: 	at q0.f.j(Unknown Source:13)
07-17 12:03:10.158 16861 16861 E AndroidRuntime: 	at w.q.a(Unknown Source:233)
07-17 12:03:10.158 16861 16861 E AndroidRuntime: 	at w.q.c(Unknown Source:44)
07-17 12:03:10.158 16861 16861 E AndroidRuntime: 	at G.Q.f(Unknown Source:55)
07-17 12:03:10.158 16861 16861 E AndroidRuntime: 	at S.z.a(Unknown Source:47)
07-17 12:03:10.158 16861 16861 E AndroidRuntime: 	at S.A.c(Unknown Source:139)
07-17 12:03:10.158 16861 16861 E AndroidRuntime: 	at s0.r0.a(Unknown Source:2)
07-17 12:03:10.158 16861 16861 E AndroidRuntime: 	at s0.M.m(Unknown Source:138)
07-17 12:03:10.158 16861 16861 E AndroidRuntime: 	at s0.M.f0(Unknown Source:68)
07-17 12:03:10.158 16861 16861 E AndroidRuntime: 	at s0.U.U(Unknown Source:35)
07-17 12:03:10.158 16861 16861 E AndroidRuntime: 	at q0.Y.e(Unknown Source:33)
07-17 12:03:10.158 16861 16861 E AndroidRuntime: 	at q0.Y.f(Unknown Source:1)
07-17 12:03:10.158 16861 16861 E AndroidRuntime: 	at q.x.a(Unknown Source:44)
07-17 12:03:10.158 16861 16861 E AndroidRuntime: 	at q.x.n(Unknown Source:63)
07-17 12:03:10.158 16861 16861 E AndroidRuntime: 	at q0.f.j(Unknown Source:13)
07-17 12:03:10.158 16861 16861 E AndroidRuntime: 	at s0.U.U(Unknown Source:20)
07-17 12:03:10.158 16861 16861 E AndroidRuntime: 	at q0.Y.k(Unknown Source:32)
07-17 12:03:10.158 16861 16861 E AndroidRuntime: 	at q0.Y.l(Unknown Source:14)
07-17 12:03:10.158 16861 16861 E AndroidRuntime: 	at s.s.f(Unknown Source:39)
07-17 12:03:10.158 16861 16861 E AndroidRuntime: 	at s.s.n(Unknown Source:533)
07-17 12:03:10.158 16861 16861 E AndroidRuntime: 	at q0.f.j(Unknown Source:13)
07-17 12:03:10.158 16861 16861 E AndroidRuntime: 	at s0.U.U(Unknown Source:20)
07-17 12:03:10.158 16861 16861 E AndroidRuntime: 	at q0.Y.e(Unknown Source:33)
07-17 12:03:10.158 16861 16861 E AndroidRuntime: 	at q.s.a(Unknown Source:243)
07-17 12:03:10.158 16861 16861 E AndroidRuntime: 	at q.s.n(Unknown Source:27)
07-17 12:03:10.158 16861 16861 E AndroidRuntime: 	at q0.f.j(Unknown Source:13)
07-17 12:03:10.158 16861 16861 E AndroidRuntime: 	at s0.U.U(Unknown Source:20)
07-17 12:03:10.158 16861 16861 E AndroidRuntime: 	at q0.Y.g(Unknown Source:29)
07-17 12:03:10.158 16861 16861 E AndroidRuntime: 	at q0.Y.h(Unknown Source:1)
07-17 12:03:10.158 16861 16861 E AndroidRuntime: 	at s0.L.c(Unknown Source:61)
07-17 12:03:10.158 16861 16861 E AndroidRuntime: 	at G.Q.f(Unknown Source:55)
07-17 12:03:10.158 16861 16861 E AndroidRuntime: 	at S.z.a(Unknown Source:47)
07-17 12:03:10.158 16861 16861 E AndroidRuntime: 	at S.A.c(Unknown Source:139)
07-17 12:03:10.158 16861 16861 E AndroidRuntime: 	at s0.r0.a(Unknown Source:2)
07-17 12:03:10.158 16861 16861 E AndroidRuntime: 	at s0.M.g0(Unknown Source:125)
07-17 12:03:10.158 16861 16861 E AndroidRuntime: 	at s0.M.U(Unknown Source:1)
07-17 12:03:10.158 16861 16861 E AndroidRuntime: 	at q0.Y.e(Unknown Source:33)
07-17 12:03:10.158 16861 16861 E AndroidRuntime: 	at q0.Y.f(Unknown Source:1)
07-17 12:03:10.158 16861 16861 E AndroidRuntime: 	at q.m.n(Unknown Source:143)
07-17 12:03:10.158 16861 16861 E AndroidRuntime: 	at q0.f.j(Unknown Source:13)
07-17 12:03:10.158 16861 16861 E AndroidRuntime: 	at w.q.a(Unknown Source:233)
07-17 12:03:10.158 16861 16861 E AndroidRuntime: 	at w.q.c(Unknown Source:44)
07-17 12:03:10.158 16861 16861 E AndroidRuntime: 	at G.Q.f(Unknown Source:55)
07-17 12:03:10.158 16861 16861 E AndroidRuntime: 	at S.z.a(Unknown Source:47)
07-17 12:03:10.158 16861 16861 E AndroidRuntime: 	at S.A.c(Unknown Source:139)
07-17 12:03:10.158 16861 16861 E AndroidRuntime: 	at s0.r0.a(Unknown Source:2)
07-17 12:03:10.158 16861 16861 E AndroidRuntime: 	at s0.M.m(Unknown Source:138)
07-17 12:03:10.158 16861 16861 E AndroidRuntime: 	at s0.M.f0(Unknown Source:68)
07-17 12:03:10.158 16861 16861 E AndroidRuntime: 	at s0.U.U(Unknown Source:35)
07-17 12:03:10.158 16861 16861 E AndroidRuntime: 	at q0.Y.g(Unknown Source:29)
07-17 12:03:10.158 16861 16861 E AndroidRuntime: 	at q0.Y.h(Unknown Source:1)
07-17 12:03:10.158 16861 16861 E AndroidRuntime: 	at q.r.a(Unknown Source:243)
07-17 12:03:10.158 16861 16861 E AndroidRuntime: 	at q.r.n(Unknown Source:15)
07-17 12:03:10.158 16861 16861 E AndroidRuntime: 	at q0.f.j(Unknown Source:13)
07-17 12:03:10.158 16861 16861 E AndroidRuntime: 	at s0.U.U(Unknown Source:20)
07-17 12:03:10.158 16861 16861 E AndroidRuntime: 	at q0.Y.k(Unknown Source:32)
07-17 12:03:10.158 16861 16861 E AndroidRuntime: 	at q0.Y.l(Unknown Source:14)
07-17 12:03:10.158 16861 16861 E AndroidRuntime: 	at s.s.f(Unknown Source:23)
07-17 12:03:10.158 16861 16861 E AndroidRuntime: 	at s.s.n(Unknown Source:525)
07-17 12:03:10.158 16861 16861 E AndroidRuntime: 	at q0.f.j(Unknown Source:13)
07-17 12:03:10.158 16861 16861 E AndroidRuntime: 	at s0.U.U(Unknown Source:20)
07-17 12:03:10.158 16861 16861 E AndroidRuntime: 	at q0.Y.g(Unknown Source:29)
07-17 12:03:10.158 16861 16861 E AndroidRuntime: 	at q0.Y.h(Unknown Source:1)
07-17 12:03:10.158 16861 16861 E AndroidRuntime: 	at s0.L.c(Unknown Source:61)
07-17 12:03:10.158 16861 16861 E AndroidRuntime: 	at G.Q.f(Unknown Source:113)
07-17 12:03:10.158 16861 16861 E AndroidRuntime: 	at S.z.a(Unknown Source:47)
07-17 12:03:10.158 16861 16861 E AndroidRuntime: 	at S.A.c(Unknown Source:139)
07-17 12:03:10.158 16861 16861 E AndroidRuntime: 	at s0.r0.a(Unknown Source:2)
07-17 12:03:10.158 16861 16861 E AndroidRuntime: 	at s0.M.g0(Unknown Source:125)
07-17 12:03:10.158 16861 16861 E AndroidRuntime: 	at s0.I.E(Unknown Source:33)
07-17 12:03:10.158 16861 16861 E AndroidRuntime: 	at s0.W.n(Unknown Source:129)
07-17 12:03:10.158 16861 16861 E AndroidRuntime: 	at s0.W.k(Unknown Source:77)
07-17 12:03:10.158 16861 16861 E AndroidRuntime: 	at t0.y.t(Unknown Source:33)
07-17 12:03:10.158 16861 16861 E AndroidRuntime: 	at t0.y.dispatchDraw(Unknown Source:14)
07-17 12:03:10.158 16861 16861 E AndroidRuntime: 	at android.view.View.draw(View.java:23892)
07-17 12:03:10.158 16861 16861 E AndroidRuntime: 	at android.view.View.updateDisplayListIfDirty(View.java:22756)
07-17 12:03:10.158 16861 16861 E AndroidRuntime: 	at android.view.ViewGroup.recreateChildDisplayList(ViewGroup.java:4540)
07-17 12:03:10.158 16861 16861 E AndroidRuntime: 	at android.view.ViewGroup.dispatchGetDisplayList(ViewGroup.java:4513)
07-17 12:03:10.158 16861 16861 E AndroidRuntime: 	at android.view.View.updateDisplayListIfDirty(View.java:22712)
07-17 12:03:10.158 16861 16861 E AndroidRuntime: 	at android.view.ViewGroup.recreateChildDisplayList(ViewGroup.java:4540)
07-17 12:03:10.158 16861 16861 E AndroidRuntime: 	at android.view.ViewGroup.dispatchGetDisplayList(ViewGroup.java:4513)
07-17 12:03:10.158 16861 16861 E AndroidRuntime: 	at android.view.View.updateDisplayListIfDirty(View.java:22712)
07-17 12:03:10.158 16861 16861 E AndroidRuntime: 	at android.view.ViewGroup.recreateChildDisplayList(ViewGroup.java:4540)
07-17 12:03:10.158 16861 16861 E AndroidRuntime: 	at android.view.ViewGroup.dispatchGetDisplayList(ViewGroup.java:4513)
07-17 12:03:10.158 16861 16861 E AndroidRuntime: 	at android.view.View.updateDisplayListIfDirty(View.java:22712)
07-17 12:03:10.158 16861 16861 E AndroidRuntime: 	at android.view.ViewGroup.recreateChildDisplayList(ViewGroup.java:4540)
07-17 12:03:10.158 16861 16861 E AndroidRuntime: 	at android.view.ViewGroup.dispatchGetDisplayList(ViewGroup.java:4513)
07-17 12:03:10.158 16861 16861 E AndroidRuntime: 	at android.view.View.updateDisplayListIfDirty(View.java:22712)
07-17 12:03:10.158 16861 16861 E AndroidRuntime: 	at android.view.ViewGroup.recreateChildDisplayList(ViewGroup.java:4540)
07-17 12:03:10.158 16861 16861 E AndroidRuntime: 	at android.view.ViewGroup.dispatchGetDisplayList(ViewGroup.java:4513)
07-17 12:03:10.158 16861 16861 E AndroidRuntime: 	at android.view.View.updateDisplayListIfDirty(View.java:22712)
07-17 12:03:10.158 16861 16861 E AndroidRuntime: 	at android.view.ViewGroup.recreateChildDisplayList(ViewGroup.java:4540)
07-17 12:03:10.158 16861 16861 E AndroidRuntime: 	at android.view.ViewGroup.dispatchGetDisplayList(ViewGroup.java:4513)
07-17 12:03:10.158 16861 16861 E AndroidRuntime: 	at android.view.View.updateDisplayListIfDirty(View.java:22712)
07-17 12:03:10.158 16861 16861 E AndroidRuntime: 	at android.view.ViewGroup.recreateChildDisplayList(ViewGroup.java:4540)
07-17 12:03:10.158 16861 16861 E AndroidRuntime: 	at android.view.ViewGroup.dispatchGetDisplayList(ViewGroup.java:4513)
07-17 12:03:10.158 16861 16861 E AndroidRuntime: 	at android.view.View.updateDisplayListIfDirty(View.java:22712)
07-17 12:03:10.158 16861 16861 E AndroidRuntime: 	at android.view.ViewGroup.recreateChildDisplayList(ViewGroup.java:4540)
07-17 12:03:10.158 16861 16861 E AndroidRuntime: 	at android.view.ViewGroup.dispatchGetDisplayList(ViewGroup.java:4513)
07-17 12:03:10.158 16861 16861 E AndroidRuntime: 	at android.view.View.updateDisplayListIfDirty(View.java:22712)
07-17 12:03:10.158 16861 16861 E AndroidRuntime: 	at android.view.ViewGroup.recreateChildDisplayList(ViewGroup.java:4540)
07-17 12:03:10.158 16861 16861 E AndroidRuntime: 	at android.view.ViewGroup.dispatchGetDisplayList(ViewGroup.java:4513)
07-17 12:03:10.158 16861 16861 E AndroidRuntime: 	at android.view.View.updateDisplayListIfDirty(View.java:22712)
07-17 12:03:10.158 16861 16861 E AndroidRuntime: 	at android.view.ViewGroup.recreateChildDisplayList(ViewGroup.java:4540)
07-17 12:03:10.158 16861 16861 E AndroidRuntime: 	at android.view.ViewGroup.dispatchGetDisplayList(ViewGroup.java:4513)
07-17 12:03:10.158 16861 16861 E AndroidRuntime: 	at android.view.View.updateDisplayListIfDirty(View.java:22712)
07-17 12:03:10.158 16861 16861 E AndroidRuntime: 	at android.view.ThreadedRenderer.updateViewTreeDisplayList(ThreadedRenderer.java:694)
07-17 12:03:10.158 16861 16861 E AndroidRuntime: 	at android.view.ThreadedRenderer.updateRootDisplayList(ThreadedRenderer.java:700)
07-17 12:03:10.158 16861 16861 E AndroidRuntime: 	at android.view.ThreadedRenderer.draw(ThreadedRenderer.java:798)
07-17 12:03:10.158 16861 16861 E AndroidRuntime: 	at android.view.ViewRootImpl.draw(ViewRootImpl.java:4939)
07-17 12:03:10.158 16861 16861 E AndroidRuntime: 	at android.view.ViewRootImpl.performDraw(ViewRootImpl.java:4643)
07-17 12:03:10.158 16861 16861 E AndroidRuntime: 	at android.view.ViewRootImpl.performTraversals(ViewRootImpl.java:3822)
07-17 12:03:10.158 16861 16861 E AndroidRuntime: 	at android.view.ViewRootImpl.doTraversal(ViewRootImpl.java:2465)
07-17 12:03:10.158 16861 16861 E AndroidRuntime: 	at android.view.ViewRootImpl$TraversalRunnable.run(ViewRootImpl.java:9305)
07-17 12:03:10.158 16861 16861 E AndroidRuntime: 	at android.view.Choreographer$CallbackRecord.run(Choreographer.java:1339)
07-17 12:03:10.158 16861 16861 E AndroidRuntime: 	at android.view.Choreographer$CallbackRecord.run(Choreographer.java:1348)
07-17 12:03:10.158 16861 16861 E AndroidRuntime: 	at android.view.Choreographer.doCallbacks(Choreographer.java:952)
07-17 12:03:10.158 16861 16861 E AndroidRuntime: 	at android.view.Choreographer.doFrame(Choreographer.java:882)
07-17 12:03:10.158 16861 16861 E AndroidRuntime: 	at android.view.Choreographer$FrameDisplayEventReceiver.run(Choreographer.java:1322)
07-17 12:03:10.158 16861 16861 E AndroidRuntime: 	at android.os.Handler.handleCallback(Handler.java:958)
07-17 12:03:10.158 16861 16861 E AndroidRuntime: 	at android.os.Handler.dispatchMessage(Handler.java:99)
07-17 12:03:10.158 16861 16861 E AndroidRuntime: 	at android.os.Looper.loopOnce(Looper.java:205)
07-17 12:03:10.158 16861 16861 E AndroidRuntime: 	at android.os.Looper.loop(Looper.java:294)
07-17 12:03:10.158 16861 16861 E AndroidRuntime: 	at android.app.ActivityThread.main(ActivityThread.java:8177)
07-17 12:03:10.158 16861 16861 E AndroidRuntime: 	at java.lang.reflect.Method.invoke(Native Method)
07-17 12:03:10.158 16861 16861 E AndroidRuntime: 	at com.android.internal.os.RuntimeInit$MethodAndArgsCaller.run(RuntimeInit.java:552)
07-17 12:03:10.158 16861 16861 E AndroidRuntime: 	at com.android.internal.os.ZygoteInit.main(ZygoteInit.java:971)
07-17 12:03:10.582 16268 16345 W HeterodyneSyncer: Sync failed
07-17 12:03:10.614 16268 16344 I Finsky  : [93] qao.accept(60): SCH: Scheduling phonesky job Id: 1-1337, CT: 1721185367869, Constraints: [{ L: 0, D: 29923980, C: 1, I: 1, N: 0 }, { L: 0, D: 0, C: 1, I: 1, N: 0 }]
07-17 12:03:10.624 16268 16345 I Finsky  : [94] zoe.h(12): Triggered update for experiment package com.google.android.finsky.regular.
07-17 12:03:10.659 16861 16861 I Process : Sending signal. PID: 16861 SIG: 9
07-17 12:03:10.660 16268 16345 I Finsky  : [94] zoe.h(67): Already at the latest configurations for experiment package com.google.android.finsky.regular.
07-17 12:03:10.660 16268 16345 I Finsky  : [94] zoe.h(12): Triggered update for experiment package com.google.android.finsky.stable.
07-17 12:03:10.687 16268 16345 I Finsky  : [94] zoe.h(67): Already at the latest configurations for experiment package com.google.android.finsky.stable.
07-17 12:03:10.688 16268 16345 I Finsky  : [94] sra.b(6): HC: beginRecoverGmscoreIfApplicable
07-17 12:03:10.692   413   413 I BpBinder: onLastStrongRef automatically unlinking death recipients:
07-17 12:03:10.709 16268 16337 I Finsky  : [89] kpa.apply(56): SCH: Scheduling 0 system job(s)
07-17 12:03:10.712 16268 16345 I Finsky  : [94] sra.b(36): HC: No target version, skip Gmscore recovery.
07-17 12:03:10.719   574   609 I libprocessgroup: Successfully killed process cgroup uid 10263 pid 16861 in 0ms
07-17 12:03:10.720   574  1788 I ImeTracker: com.yuuta.zardAppNeo:e71927c8: onRequestHide at ORIGIN_SERVER_HIDE_INPUT reason HIDE_REMOVE_CLIENT
07-17 12:03:10.720   348   348 I Zygote  : Process 16861 exited due to signal 9 (Killed)
07-17 12:03:10.724   574  1788 I ImeTracker: com.yuuta.zardAppNeo:e71927c8: onCancelled at PHASE_SERVER_SHOULD_HIDE
07-17 12:03:10.730   574  2250 W InputManager-JNI: Input channel object '58daca6 com.yuuta.zardAppNeo/com.yuuta.zardAppNeo.MainActivity_Light (client)' was disposed without first being removed with the input manager!
07-17 12:03:10.772  1928  1928 I A       : (REDACTED) onApplyWindowInsets: systemWindowInsets=%s
07-17 12:03:10.772  1928  1928 I A       : (REDACTED) onApplyWindowInsets: systemWindowInsets=%s
07-17 12:03:10.796  1928  2718 E OpenGLRenderer: Unable to match the desired swap behavior.
07-17 12:03:10.818  1171  1973 E OpenGLRenderer: Unable to match the desired swap behavior.
07-17 12:03:10.818 16268 16268 I Finsky  : [2] aeel.b(9): SUH: Request device config token was successful in self update.
07-17 12:03:10.855  1928  1928 I A       : onStart
07-17 12:03:10.858   574  1760 W AppSearchIcing: icing-search-engine.cc:283: Error: 5, Message: Document (com.google.android.googlequicksearchbox$OneSearchZeroStateGoogleSuggestions/default, zp) not found.
07-17 12:03:10.859  1928  1928 I A       : onResume
07-17 12:03:10.860  1171  2272 E OneSearchSuggestProvider: Failed to fetch suggestions from AppSearch, fallback to AGA
07-17 12:03:10.860  1171  2272 E OneSearchSuggestProvider: java.util.concurrent.CompletionException: java.util.NoSuchElementException: No value present
07-17 12:03:10.860  1171  2272 E OneSearchSuggestProvider: 	at java.util.concurrent.CompletableFuture.encodeThrowable(CompletableFuture.java:308)
07-17 12:03:10.860  1171  2272 E OneSearchSuggestProvider: 	at java.util.concurrent.CompletableFuture.completeThrowable(CompletableFuture.java:323)
07-17 12:03:10.860  1171  2272 E OneSearchSuggestProvider: 	at java.util.concurrent.CompletableFuture$UniAccept.tryFire(CompletableFuture.java:684)
07-17 12:03:10.860  1171  2272 E OneSearchSuggestProvider: 	at java.util.concurrent.CompletableFuture.postComplete(CompletableFuture.java:486)
07-17 12:03:10.860  1171  2272 E OneSearchSuggestProvider: 	at java.util.concurrent.CompletableFuture.completeExceptionally(CompletableFuture.java:2138)
07-17 12:03:10.860  1171  2272 E OneSearchSuggestProvider: 	at com.google.android.apps.nexuslauncher.allapps.H0.onResult(Unknown Source:59)
07-17 12:03:10.860  1171  2272 E OneSearchSuggestProvider: 	at android.app.appsearch.SearchSessionUtil$1.lambda$onResult$0(SearchSessionUtil.java:129)
07-17 12:03:10.860  1171  2272 E OneSearchSuggestProvider: 	at android.app.appsearch.SearchSessionUtil$1.$r8$lambda$_nlk9WiPjSfaAsqKYmp0aPvSRC0(SearchSessionUtil.java:1)
07-17 12:03:10.860  1171  2272 E OneSearchSuggestProvider: 	at android.app.appsearch.SearchSessionUtil$1$$ExternalSyntheticLambda0.run(R8$$SyntheticClass:13)
07-17 12:03:10.860  1171  2272 E OneSearchSuggestProvider: 	at android.os.Handler.handleCallback(Handler.java:958)
07-17 12:03:10.860  1171  2272 E OneSearchSuggestProvider: 	at android.os.Handler.dispatchMessage(Handler.java:99)
07-17 12:03:10.860  1171  2272 E OneSearchSuggestProvider: 	at android.os.Looper.loopOnce(Looper.java:205)
07-17 12:03:10.860  1171  2272 E OneSearchSuggestProvider: 	at android.os.Looper.loop(Looper.java:294)
07-17 12:03:10.860  1171  2272 E OneSearchSuggestProvider: 	at android.os.HandlerThread.run(HandlerThread.java:67)
07-17 12:03:10.860  1171  2272 E OneSearchSuggestProvider: Caused by: java.util.NoSuchElementException: No value present
07-17 12:03:10.860  1171  2272 E OneSearchSuggestProvider: 	at java.util.Optional.get(Optional.java:144)
07-17 12:03:10.860  1171  2272 E OneSearchSuggestProvider: 	at com.google.android.apps.nexuslauncher.allapps.H0.onResult(Unknown Source:16)
07-17 12:03:10.860  1171  2272 E OneSearchSuggestProvider: 	... 8 more
07-17 12:03:10.872  1171  2272 D OneSearchSuggestProvider: Created the binder channel successfully for end point service =com.google.android.apps.search.googleapp.search.suggest.plugins.onesearch.server.OneSearchSuggestService , mChannel=z1{delegate=s1{logId=259, target=directaddress:///AndroidComponentAddress%5BIntent%20%7B%20act=grpc.io.action.BIND%20cmp=com.google.android.googlequicksearchbox/com.google.android.apps.search.googleapp.search.suggest.plugins.onesearch.server.OneSearchSuggestService%20%7D%5D}} , mOneSearchConnection=X1.T@a9deda4
07-17 12:03:10.875  1171  1200 D QuickstepModelDelegate: notifyAppTargetEvent action=1 launchLocation=workspace/0/[-1,-1]/[1,1]
07-17 12:03:10.922  1928  1928 I A       : (REDACTED) Created gRPC endpoint for service %s
07-17 12:03:10.922 16268 16441 I Finsky  : [122] pob.accept(82): Wrote row to frosting DB: 817
07-17 12:03:10.931  1670  1904 I AiAiEcho: Predicting[0]:
07-17 12:03:10.932  1670  1904 I AiAiEcho: EchoTargets:
07-17 12:03:10.932  1670  1904 I AiAiEcho: Filtered by AiAi flag check:
07-17 12:03:10.932  1670  1904 I AiAiEcho: Ranked targets strategy: SORT, count: 0, ranking metadata:
07-17 12:03:10.932  1670  1904 I AiAiEcho: #postPredictionTargets: Sending updates to UISurface home with targets# 0 (types=[])
07-17 12:03:10.953  1928  1928 E A       : LocalSubscriptionMixinUpdater silently ignored NullPointerException
07-17 12:03:10.953  1928  1928 E A       : java.lang.NullPointerException: Null data
07-17 12:03:10.953  1928  1928 E A       : 	at com.google.apps.tiktok.g.c.ap.<init>(PG:2)
07-17 12:03:10.953  1928  1928 E A       : 	at com.google.apps.tiktok.g.c.an.a(PG:32)
07-17 12:03:10.953  1928  1928 E A       : 	at com.google.apps.tiktok.g.c.ab.apply(PG:11)
07-17 12:03:10.953  1928  1928 E A       : 	at com.google.apps.tiktok.tracing.fh.apply(PG:13)
07-17 12:03:10.953  1928  1928 E A       : 	at com.google.common.util.concurrent.b.e(PG:3)
07-17 12:03:10.953  1928  1928 E A       : 	at com.google.common.util.concurrent.c.run(PG:130)
07-17 12:03:10.953  1928  1928 E A       : 	at com.google.apps.tiktok.concurrent.ar.run(PG:71)
07-17 12:03:10.953  1928  1928 E A       : 	at com.google.apps.tiktok.tracing.fj.run(PG:24)
07-17 12:03:10.953  1928  1928 E A       : 	at java.util.concurrent.Executors$RunnableAdapter.call(Executors.java:487)
07-17 12:03:10.953  1928  1928 E A       : 	at com.google.common.util.concurrent.du.a(PG:3)
07-17 12:03:10.953  1928  1928 E A       : 	at com.google.common.util.concurrent.cv.run(PG:19)
07-17 12:03:10.953  1928  1928 E A       : 	at com.google.common.util.concurrent.dv.run(PG:5)
07-17 12:03:10.953  1928  1928 E A       : 	at android.os.Handler.handleCallback(Handler.java:958)
07-17 12:03:10.953  1928  1928 E A       : 	at android.os.Handler.dispatchMessage(Handler.java:99)
07-17 12:03:10.953  1928  1928 E A       : 	at android.os.Looper.loopOnce(Looper.java:205)
07-17 12:03:10.953  1928  1928 E A       : 	at android.os.Looper.loop(Looper.java:294)
07-17 12:03:10.953  1928  1928 E A       : 	at android.app.ActivityThread.main(ActivityThread.java:8177)
07-17 12:03:10.953  1928  1928 E A       : 	at java.lang.reflect.Method.invoke(Native Method)
07-17 12:03:10.953  1928  1928 E A       : 	at com.android.internal.os.RuntimeInit$MethodAndArgsCaller.run(RuntimeInit.java:552)
07-17 12:03:10.953  1928  1928 E A       : 	at com.android.internal.os.ZygoteInit.main(ZygoteInit.java:971)
07-17 12:03:11.049  1171  1171 D SearchTargetUtil:  query= size=0
07-17 12:03:11.068   574  2821 I ImeTracker: com.google.android.apps.nexuslauncher:393f1656: onRequestHide at ORIGIN_SERVER_HIDE_INPUT reason HIDE_UNSPECIFIED_WINDOW
07-17 12:03:11.068   574  2821 I ImeTracker: com.google.android.apps.nexuslauncher:393f1656: onCancelled at PHASE_SERVER_SHOULD_HIDE
07-17 12:03:11.068  1522  1522 I GoogleInputMethodService: GoogleInputMethodService.onFinishInput():3157
07-17 12:03:11.079  1522  1522 I GoogleInputMethodService: GoogleInputMethodService.updateDeviceLockedStatus():2248 repeatCheckTimes = 0, locked = false
07-17 12:03:11.079  1522  1522 I GoogleInputMethodService: GoogleInputMethodService.onStartInput():1986 onStartInput(EditorInfo{EditorInfo{packageName=com.google.android.apps.nexuslauncher, inputType=0, inputTypeString=NULL, enableLearning=false, autoCorrection=false, autoComplete=false, imeOptions=0, privateImeOptions=null, actionName=UNSPECIFIED, actionLabel=null, initialSelStart=-1, initialSelEnd=-1, initialCapsMode=0, label=null, fieldId=0, fieldName=null, extras=null, hintText=null, hintLocales=[]}}, false)
07-17 12:03:11.083  1522  1522 I GoogleInputMethodService: GoogleInputMethodService.updateDeviceLockedStatus():2248 repeatCheckTimes = 1, locked = false
07-17 12:03:11.083  1522  1522 I AndroidIME: InputBundleManager.loadActiveInputBundleId():450 loadActiveInputBundleId: und-Latn-x-password, password
07-17 12:03:11.179   843   861 I ndroid.systemui: NativeAlloc concurrent copying GC freed 160283(8004KB) AllocSpace objects, 46(1032KB) LOS objects, 49% free, 12MB/25MB, paused 35us,34us total 226.513ms
07-17 12:03:11.186   843   865 W System  : A resource failed to call release.
07-17 12:03:11.187   843   865 W System  : A resource failed to call release.
07-17 12:03:11.188   843   865 W System  : A resource failed to call release.
07-17 12:03:11.188   843   865 W System  : A resource failed to call release.
07-17 12:03:11.188   843   865 W System  : A resource failed to call release.
07-17 12:03:11.188   843   865 W System  : A resource failed to call release.
07-17 12:03:11.188   843   865 W System  : A resource failed to call release.
07-17 12:03:11.188   843   865 W System  : A resource failed to call release.
07-17 12:03:11.206   843   865 W System  : A resource failed to call release.
07-17 12:03:11.206   843   865 W System  : A resource failed to call release.
07-17 12:03:11.206   843   865 W System  : A resource failed to call release.
07-17 12:03:11.206   843   865 W System  : A resource failed to call release.
07-17 12:03:11.206   843   865 W System  : A resource failed to call release.
07-17 12:03:11.207   843   865 W System  : A resource failed to call release.
07-17 12:03:11.207   843   865 W System  : A resource failed to call release.
07-17 12:03:11.207   843   865 W System  : A resource failed to call release.
07-17 12:03:11.222   843   989 D EGL_emulation: app_time_stats: avg=2223.74ms min=2223.74ms max=2223.74ms count=1
07-17 12:03:11.294   413   433 W VsyncModulator: setTransactionSchedule: Unexpected EarlyEnd
07-17 12:03:11.596   574  2250 I Process : Sending signal. PID: 16861 SIG: 9
07-17 12:03:11.604  1928  1928 I A       : (REDACTED) onApplyWindowInsets: systemWindowInsets=%s
07-17 12:03:11.604  1928  1928 I A       : (REDACTED) onApplyWindowInsets: systemWindowInsets=%s
07-17 12:03:11.620   413   413 E BpTransactionCompletedListener: Failed to transact (-32)
07-17 12:03:11.785   574   589 I system_server: NativeAlloc concurrent copying GC freed 626060(23MB) AllocSpace objects, 34(920KB) LOS objects, 40% free, 34MB/58MB, paused 21us,22us total 146.418ms
07-17 12:03:11.792   574   591 W System  : A resource failed to call HardwareBuffer.close.
07-17 12:03:11.793   574   591 W System  : A resource failed to call release.
07-17 12:03:11.794   574   591 W System  : A resource failed to call HardwareBuffer.close.
07-17 12:03:11.794   574   591 W System  : A resource failed to call HardwareBuffer.close.
07-17 12:03:11.794   574   591 W System  : A resource failed to call release.
07-17 12:03:12.224   843   989 D EGL_emulation: app_time_stats: avg=7.04ms min=3.38ms max=29.11ms count=59
07-17 12:03:13.716   843   843 D StatusBarIconController: ignoring old pipeline callbacks, because the new mobile icons are enabled
07-17 12:03:13.781 16589 16589 I AidlLazyServiceRegistrar: Process has 0 (of 1 available) client(s) in use after notification artd has clients: 0
07-17 12:03:13.781 16589 16589 I AidlLazyServiceRegistrar: Trying to shut down the service. No clients in use for any service in process.
07-17 12:03:13.781 16589 16589 I AidlLazyServiceRegistrar: Unregistered all clients and exiting
07-17 12:03:14.873  7907  7907 I cr_OfflineIndicator: Reported by system: [ Transports: WIFI Capabilities: NOT_METERED&INTERNET&NOT_RESTRICTED&TRUSTED&NOT_VPN&NOT_ROAMING&FOREGROUND&NOT_CONGESTED&NOT_SUSPENDED&NOT_VCN_MANAGED LinkUpBandwidth>=12000Kbps LinkDnBandwidth>=30000Kbps TransportInfo: <SSID: <unknown ssid>, BSSID: 02:00:00:00:00:00, MAC: 02:00:00:00:00:00, IP: /10.0.2.16, Security type: 0, Supplicant state: COMPLETED, Wi-Fi standard: 1, RSSI: -50, Link speed: 2Mbps, Tx Link speed: 2Mbps, Max Supported Tx Link speed: 11Mbps, Rx Link speed: 2Mbps, Max Supported Rx Link speed: 11Mbps, Frequency: 2447MHz, Net ID: -1, Metered hint: false, score: 60, isUsable: true, CarrierMerged: false, SubscriptionId: -1, IsPrimary: -1, Trusted: true, Restricted: false, Ephemeral: false, OEM paid: false, OEM private: false, OSU AP: false, FQDN: <none>, Provider friendly name: <none>, Requesting package name: <none><none>MLO Information: , Is TID-To-Link negotiation supported by the AP: false, AP MLD Address: <none>, AP MLO Link Id: <none>, AP MLO Affiliated links: <none>> SignalStrength: -50 UnderlyingNetworks: Null]
07-17 12:03:14.874  7907  7907 I cr_OfflineIndicator: Reported by system: [ Transports: CELLULAR Capabilities: MMS&SUPL&DUN&FOTA&IMS&CBS&INTERNET&NOT_RESTRICTED&TRUSTED&NOT_VPN&NOT_ROAMING&NOT_CONGESTED&NOT_SUSPENDED&NOT_VCN_MANAGED&MMTEL LinkUpBandwidth>=1800Kbps LinkDnBandwidth>=4300Kbps Specifier: <TelephonyNetworkSpecifier [mSubId = 1]> UnderlyingNetworks: Null]
07-17 12:03:14.874  7907  7907 I cr_OfflineIndicator: setConnectionState connectionState=2
07-17 12:03:14.874  7907  7907 I cr_OfflineIndicator: processConnectivityCheckResult mConnectionState=2 mConnectivityCheckingStage=1
07-17 12:03:14.874  7907  7907 I cr_OfflineIndicator: scheduleNextConnectivityCheck
07-17 12:03:14.874  7907  7907 I cr_OfflineIndicator: Retry after 5000ms
07-17 12:03:15.350 16514 16532 D Benchmark: Profile Installer - Save Profile
07-17 12:03:15.364   574  2250 I ActivityManager: Broadcasting: Intent { act=androidx.profileinstaller.action.SAVE_PROFILE flg=0x400000 cmp=com.yuuta.zardAppNeo/androidx.profileinstaller.ProfileInstallReceiver }
07-17 12:03:15.370   348   348 D Zygote  : Forked child process 16948
07-17 12:03:15.400 16948 16948 I uuta.zardAppNeo: Using CollectorTypeCC GC.
07-17 12:03:15.405   426   441 I adbd    : jdwp connection from 16948
07-17 12:03:15.442 16948 16948 D CompatibilityChangeReporter: Compat change id reported: 171979766; UID 10263; state: ENABLED
07-17 12:03:15.442 16948 16948 D CompatibilityChangeReporter: Compat change id reported: 242716250; UID 10263; state: ENABLED
07-17 12:03:15.444 16948 16948 D ApplicationLoaders: Returning zygote-cached class loader: /system_ext/framework/androidx.window.extensions.jar
07-17 12:03:15.444 16948 16948 D ApplicationLoaders: Returning zygote-cached class loader: /system_ext/framework/androidx.window.sidecar.jar
07-17 12:03:15.448 16948 16948 D nativeloader: Configuring clns-6 for other apk /data/app/~~2gKa5mVS5FbOpCUskHaI9g==/com.yuuta.zardAppNeo-7qz_4VI4cH-P-i08jQmkKQ==/base.apk. target_sdk_version=34, uses_libraries=, library_path=/data/app/~~2gKa5mVS5FbOpCUskHaI9g==/com.yuuta.zardAppNeo-7qz_4VI4cH-P-i08jQmkKQ==/lib/arm64:/data/app/~~2gKa5mVS5FbOpCUskHaI9g==/com.yuuta.zardAppNeo-7qz_4VI4cH-P-i08jQmkKQ==/base.apk!/lib/arm64-v8a, permitted_path=/data:/mnt/expand:/data/user/0/com.yuuta.zardAppNeo
07-17 12:03:15.458 16948 16948 V GraphicsEnvironment: Currently set values for:
07-17 12:03:15.458 16948 16948 V GraphicsEnvironment:   angle_gl_driver_selection_pkgs=[]
07-17 12:03:15.458 16948 16948 V GraphicsEnvironment:   angle_gl_driver_selection_values=[]
07-17 12:03:15.458 16948 16948 V GraphicsEnvironment: ANGLE GameManagerService for com.yuuta.zardAppNeo: false
07-17 12:03:15.458 16948 16948 V GraphicsEnvironment: com.yuuta.zardAppNeo is not listed in per-application setting
07-17 12:03:15.458 16948 16948 V GraphicsEnvironment: Neither updatable production driver nor prerelease driver is supported.
07-17 12:03:15.462 16948 16948 I Process : Sending signal. PID: 16948 SIG: 10
07-17 12:03:15.462 16948 16948 D ProfileInstaller:
07-17 12:03:15.462   574   597 I ActivityManager: Broadcast completed: result=12
07-17 12:03:15.463 16948 16953 I uuta.zardAppNeo: Thread[5,tid=16953,WaitingInMainSignalCatcherLoop,Thread*=0xb400007e10a18b20,peer=0x12d40570,"Signal Catcher"]: reacting to signal 10
07-17 12:03:15.463 16948 16953 I uuta.zardAppNeo:
07-17 12:03:15.463 16948 16953 I uuta.zardAppNeo: SIGUSR1 forcing GC (no HPROF) and profile save
07-17 12:03:15.467 16948 16953 I uuta.zardAppNeo: Explicit concurrent copying GC freed 22354(919KB) AllocSpace objects, 0(0B) LOS objects, 24% free, 2031KB/2708KB, paused 197us,2us total 4.015ms
07-17 12:03:15.968 16514 16532 D Benchmark: Killing process com.yuuta.zardAppNeo
07-17 12:03:15.992  1030  1030 D CarrierSvcBindHelper: onHandleForceStop: [com.yuuta.zardAppNeo]
07-17 12:03:15.994  1030  1030 D CarrierSvcBindHelper: No carrier app for: 0
07-17 12:03:15.997   348   348 I Zygote  : Process 16948 exited due to signal 9 (Killed)
07-17 12:03:16.003  1648  2141 W MediaProvider: isAppCloneUserPair for user 0: false
07-17 12:03:16.021  1363 13054 I NetworkScheduler.Stats: (REDACTED) Task %s/%s started execution. cause:%s exec_start_elapsed_seconds: %s
07-17 12:03:16.023  1363 13712 I NetworkScheduler.Stats: (REDACTED) Task %s/%s finished executing. cause:%s result: %s elapsed_millis: %s uptime_millis: %s exec_start_elapsed_seconds: %s
07-17 12:03:16.052 16990 16990 I artd    : Starting artd
07-17 12:03:16.053 16990 16990 I AidlLazyServiceRegistrar: Registering service artd
07-17 12:03:16.054 16990 16991 I AidlLazyServiceRegistrar: Process has 1 (of 1 available) client(s) in use after notification artd has clients: 1
