07-17 12:03:47.278  1171  2272 E OneSearchSuggestProvider: 	at com.google.android.apps.nexuslauncher.allapps.H0.onResult(Unknown Source:59)
07-17 12:03:47.278  1171  2272 E OneSearchSuggestProvider: 	at android.app.appsearch.SearchSessionUtil$1.lambda$onResult$0(SearchSessionUtil.java:129)
07-17 12:03:47.278  1171  2272 E OneSearchSuggestProvider: 	at android.app.appsearch.SearchSessionUtil$1.$r8$lambda$_nlk9WiPjSfaAsqKYmp0aPvSRC0(SearchSessionUtil.java:1)
07-17 12:03:47.278  1171  2272 E OneSearchSuggestProvider: 	at android.app.appsearch.SearchSessionUtil$1$$ExternalSyntheticLambda0.run(R8$$SyntheticClass:13)
07-17 12:03:47.278  1171  2272 E OneSearchSuggestProvider: 	at android.os.Handler.handleCallback(Handler.java:958)
07-17 12:03:47.278  1171  2272 E OneSearchSuggestProvider: 	at android.os.Handler.dispatchMessage(Handler.java:99)
07-17 12:03:47.278  1171  2272 E OneSearchSuggestProvider: 	at android.os.Looper.loopOnce(Looper.java:205)
07-17 12:03:47.278  1171  2272 E OneSearchSuggestProvider: 	at android.os.Looper.loop(Looper.java:294)
07-17 12:03:47.278  1171  2272 E OneSearchSuggestProvider: 	at android.os.HandlerThread.run(HandlerThread.java:67)
07-17 12:03:47.278  1171  2272 E OneSearchSuggestProvider: Caused by: java.util.NoSuchElementException: No value present
07-17 12:03:47.278  1171  2272 E OneSearchSuggestProvider: 	at java.util.Optional.get(Optional.java:144)
07-17 12:03:47.278  1171  2272 E OneSearchSuggestProvider: 	at com.google.android.apps.nexuslauncher.allapps.H0.onResult(Unknown Source:16)
07-17 12:03:47.278  1171  2272 E OneSearchSuggestProvider: 	... 8 more
07-17 12:03:47.279  1171  2272 D OneSearchSuggestProvider: Created the binder channel successfully for end point service =com.google.android.apps.search.googleapp.search.suggest.plugins.onesearch.server.OneSearchSuggestService , mChannel=z1{delegate=s1{logId=267, target=directaddress:///AndroidComponentAddress%5BIntent%20%7B%20act=grpc.io.action.BIND%20cmp=com.google.android.googlequicksearchbox/com.google.android.apps.search.googleapp.search.suggest.plugins.onesearch.server.OneSearchSuggestService%20%7D%5D}} , mOneSearchConnection=X1.T@6c90463
07-17 12:03:47.279  1171  1200 D QuickstepModelDelegate: notifyAppTargetEvent action=1 launchLocation=workspace/0/[-1,-1]/[1,1]
07-17 12:03:47.281   574  1709 W InputManager-JNI: Input channel object '81a86c0 com.yuuta.zardAppNeo/com.yuuta.zardAppNeo.MainActivity_Light (client)' was disposed without first being removed with the input manager!
07-17 12:03:47.282   574   693 I ImeTracker: com.yuuta.zardAppNeo:f29d4c0a: onRequestHide at ORIGIN_SERVER_HIDE_INPUT reason HIDE_REMOVE_CLIENT
07-17 12:03:47.282   574   693 I ImeTracker: com.yuuta.zardAppNeo:f29d4c0a: onCancelled at PHASE_SERVER_SHOULD_HIDE
07-17 12:03:47.283   348   348 I Zygote  : Process 17219 exited due to signal 9 (Killed)
07-17 12:03:47.284  1030  1030 D CarrierSvcBindHelper: No carrier app for: 0
07-17 12:03:47.285  1670  1904 I AiAiEcho: Predicting[0]:
07-17 12:03:47.285  1670  1904 I AiAiEcho: EchoTargets:
07-17 12:03:47.285  1670  1904 I AiAiEcho: Filtered by AiAi flag check:
07-17 12:03:47.285  1670  1904 I AiAiEcho: Ranked targets strategy: SORT, count: 0, ranking metadata:
07-17 12:03:47.286   413   413 I BpBinder: onLastStrongRef automatically unlinking death recipients:
07-17 12:03:47.287  1670  1904 I AiAiEcho: #postPredictionTargets: Sending updates to UISurface home with targets# 0 (types=[])
07-17 12:03:47.289  1648  2141 W MediaProvider: isAppCloneUserPair for user 0: false
07-17 12:03:47.296  1171  1973 E OpenGLRenderer: Unable to match the desired swap behavior.
07-17 12:03:47.299  1928  2718 E OpenGLRenderer: Unable to match the desired swap behavior.
07-17 12:03:47.320  1928  1928 I A       : onStart
07-17 12:03:47.323  1363 13054 I NetworkScheduler.Stats: (REDACTED) Task %s/%s started execution. cause:%s exec_start_elapsed_seconds: %s
07-17 12:03:47.323 16990 16991 I artd    : Running profman: /apex/com.android.art/bin/art_exec --drop-capabilities --keep-fds=6:7 -- /apex/com.android.art/bin/profman --reference-profile-file-fd=6 --apk-fd=7
07-17 12:03:47.323 16990 16991 I artd    : Opened FDs: 6:/data/misc/profiles/ref/com.yuuta.zardAppNeo/primary.prof 7:/data/app/~~2gKa5mVS5FbOpCUskHaI9g==/com.yuuta.zardAppNeo-7qz_4VI4cH-P-i08jQmkKQ==/base.apk
07-17 12:03:47.328  1928  1928 I A       : onResume
07-17 12:03:47.329  1363 13054 I NetworkScheduler.Stats: (REDACTED) Task %s/%s finished executing. cause:%s result: %s elapsed_millis: %s uptime_millis: %s exec_start_elapsed_seconds: %s
07-17 12:03:47.331  1928  1928 I A       : (REDACTED) Created gRPC endpoint for service %s
07-17 12:03:47.335  1171  1171 D SearchTargetUtil:  query= size=0
07-17 12:03:47.340  1928  1928 E A       : LocalSubscriptionMixinUpdater silently ignored NullPointerException
07-17 12:03:47.340  1928  1928 E A       : java.lang.NullPointerException: Null data
07-17 12:03:47.340  1928  1928 E A       : 	at com.google.apps.tiktok.g.c.ap.<init>(PG:2)
07-17 12:03:47.340  1928  1928 E A       : 	at com.google.apps.tiktok.g.c.an.a(PG:32)
07-17 12:03:47.340  1928  1928 E A       : 	at com.google.apps.tiktok.g.c.ab.apply(PG:11)
07-17 12:03:47.340  1928  1928 E A       : 	at com.google.apps.tiktok.tracing.fh.apply(PG:13)
07-17 12:03:47.340  1928  1928 E A       : 	at com.google.common.util.concurrent.b.e(PG:3)
07-17 12:03:47.340  1928  1928 E A       : 	at com.google.common.util.concurrent.c.run(PG:130)
07-17 12:03:47.340  1928  1928 E A       : 	at com.google.apps.tiktok.concurrent.ar.run(PG:71)
07-17 12:03:47.340  1928  1928 E A       : 	at com.google.apps.tiktok.tracing.fj.run(PG:24)
07-17 12:03:47.340  1928  1928 E A       : 	at java.util.concurrent.Executors$RunnableAdapter.call(Executors.java:487)
07-17 12:03:47.340  1928  1928 E A       : 	at com.google.common.util.concurrent.du.a(PG:3)
07-17 12:03:47.340  1928  1928 E A       : 	at com.google.common.util.concurrent.cv.run(PG:19)
07-17 12:03:47.340  1928  1928 E A       : 	at com.google.common.util.concurrent.dv.run(PG:5)
07-17 12:03:47.340  1928  1928 E A       : 	at android.os.Handler.handleCallback(Handler.java:958)
07-17 12:03:47.340  1928  1928 E A       : 	at android.os.Handler.dispatchMessage(Handler.java:99)
07-17 12:03:47.340  1928  1928 E A       : 	at android.os.Looper.loopOnce(Looper.java:205)
07-17 12:03:47.340  1928  1928 E A       : 	at android.os.Looper.loop(Looper.java:294)
07-17 12:03:47.340  1928  1928 E A       : 	at android.app.ActivityThread.main(ActivityThread.java:8177)
07-17 12:03:47.340  1928  1928 E A       : 	at java.lang.reflect.Method.invoke(Native Method)
07-17 12:03:47.340  1928  1928 E A       : 	at com.android.internal.os.RuntimeInit$MethodAndArgsCaller.run(RuntimeInit.java:552)
07-17 12:03:47.340  1928  1928 E A       : 	at com.android.internal.os.ZygoteInit.main(ZygoteInit.java:971)
07-17 12:03:47.350 16990 16991 I artd    : profman returned code 2
07-17 12:03:47.352 16990 16991 I artd    : Running profman: /apex/com.android.art/bin/art_exec --drop-capabilities --keep-fds=6:7:8 -- /apex/com.android.art/bin/profman --profile-file-fd=6 --reference-profile-file-fd=7 --apk-fd=8
07-17 12:03:47.352 16990 16991 I artd    : Opened FDs: 6:/data/misc/profiles/cur/0/com.yuuta.zardAppNeo/primary.prof 7:/data/misc/profiles/ref/com.yuuta.zardAppNeo/primary.prof.MEyx6v.tmp 8:/data/app/~~2gKa5mVS5FbOpCUskHaI9g==/com.yuuta.zardAppNeo-7qz_4VI4cH-P-i08jQmkKQ==/base.apk
07-17 12:03:47.355   574  2439 I ImeTracker: com.google.android.apps.nexuslauncher:c1155619: onRequestHide at ORIGIN_SERVER_HIDE_INPUT reason HIDE_UNSPECIFIED_WINDOW
07-17 12:03:47.355   574  2439 I ImeTracker: com.google.android.apps.nexuslauncher:c1155619: onCancelled at PHASE_SERVER_SHOULD_HIDE
07-17 12:03:47.356  1522  1522 I GoogleInputMethodService: GoogleInputMethodService.onFinishInput():3157
07-17 12:03:47.356  1522  1522 I GoogleInputMethodService: GoogleInputMethodService.updateDeviceLockedStatus():2248 repeatCheckTimes = 0, locked = false
07-17 12:03:47.357  1522  1522 I GoogleInputMethodService: GoogleInputMethodService.onStartInput():1986 onStartInput(EditorInfo{EditorInfo{packageName=com.google.android.apps.nexuslauncher, inputType=0, inputTypeString=NULL, enableLearning=false, autoCorrection=false, autoComplete=false, imeOptions=0, privateImeOptions=null, actionName=UNSPECIFIED, actionLabel=null, initialSelStart=-1, initialSelEnd=-1, initialCapsMode=0, label=null, fieldId=0, fieldName=null, extras=null, hintText=null, hintLocales=[]}}, false)
07-17 12:03:47.357  1522  1522 I GoogleInputMethodService: GoogleInputMethodService.updateDeviceLockedStatus():2248 repeatCheckTimes = 1, locked = false
07-17 12:03:47.357  1522  1522 I AndroidIME: InputBundleManager.loadActiveInputBundleId():450 loadActiveInputBundleId: und-Latn-x-password, password
07-17 12:03:47.375 16990 16991 I artd    : profman returned code 2
07-17 12:03:47.379 16990 16991 I artd    : Running dex2oat: /apex/com.android.art/bin/art_exec --drop-capabilities --set-task-profile=Dex2OatBootComplete --set-priority=background --keep-fds=6:7:8:9:10:11:12:13:14 -- /apex/com.android.art/bin/dex2oat64 --zip-fd=6 --zip-location=/data/app/~~2gKa5mVS5FbOpCUskHaI9g==/com.yuuta.zardAppNeo-7qz_4VI4cH-P-i08jQmkKQ==/base.apk --oat-fd=7 --oat-location=/data/app/~~2gKa5mVS5FbOpCUskHaI9g==/com.yuuta.zardAppNeo-7qz_4VI4cH-P-i08jQmkKQ==/oat/arm64/base.odex --output-vdex-fd=8 --app-image-fd=9 --image-format=lz4 --swap-fd=10 --class-loader-context-fds=11:12 --class-loader-context=PCL[]{PCL[/system_ext/framework/androidx.window.extensions.jar]#PCL[/system_ext/framework/androidx.window.sidecar.jar]} --classpath-dir=/data/app/~~2gKa5mVS5FbOpCUskHaI9g==/com.yuuta.zardAppNeo-7qz_4VI4cH-P-i08jQmkKQ== --input-vdex-fd=13 --profile-file-fd=14 --instruction-set=arm64 --instruction-set-features=default --instruction-set-variant=generic --compiler-filter=speed-profile --compilation-reason=cmdline --compact-dex-level=none --max-image-block-size=524288 --resolve-startup-const-strings=true --generate-mini-debug-info --runtime-arg -Xtarget-sdk-version:34 --runtime-arg -Xhidden-api-policy:enabled --runtime-arg -Xms64m --runtime-arg -Xmx512m --comments=app-version-name:1.0,app-version-code:1,art-version:340818022
07-17 12:03:47.379 16990 16991 I artd    : Opened FDs: 6:/data/app/~~2gKa5mVS5FbOpCUskHaI9g==/com.yuuta.zardAppNeo-7qz_4VI4cH-P-i08jQmkKQ==/base.apk 7:/data/app/~~2gKa5mVS5FbOpCUskHaI9g==/com.yuuta.zardAppNeo-7qz_4VI4cH-P-i08jQmkKQ==/oat/arm64/base.odex.JSRBfc.tmp 8:/data/app/~~2gKa5mVS5FbOpCUskHaI9g==/com.yuuta.zardAppNeo-7qz_4VI4cH-P-i08jQmkKQ==/oat/arm64/base.vdex.ZKX1x8.tmp 9:/data/app/~~2gKa5mVS5FbOpCUskHaI9g==/com.yuuta.zardAppNeo-7qz_4VI4cH-P-i08jQmkKQ==/oat/arm64/base.art.erGbVO.tmp 10:/data/app/~~2gKa5mVS5FbOpCUskHaI9g==/com.yuuta.zardAppNeo-7qz_4VI4cH-P-i08jQmkKQ==/oat/arm64/base.odex.swap.qvFWiQ.tmp 11:/system_ext/framework/androidx.window.sidecar.jar 12:/system_ext/framework/androidx.window.extensions.jar 13:/data/app/~~2gKa5mVS5FbOpCUskHaI9g==/com.yuuta.zardAppNeo-7qz_4VI4cH-P-i08jQmkKQ==/oat/arm64/base.vdex 14:/data/misc/profiles/ref/com.yuuta.zardAppNeo/primary.prof
07-17 12:03:47.412 17319 17319 W dex2oat64: Mismatch between dex2oat instruction set features to use (ISA: Arm64 Feature string: a53,crc,-lse,-fp16,-dotprod,-sve) and those from CPP defines (ISA: Arm64 Feature string: -a53,-crc,-lse,-fp16,-dotprod,-sve) for the command line:
07-17 12:03:47.412 17319 17319 W dex2oat64: /apex/com.android.art/bin/dex2oat64 --zip-fd=6 --zip-location=/data/app/~~2gKa5mVS5FbOpCUskHaI9g==/com.yuuta.zardAppNeo-7qz_4VI4cH-P-i08jQmkKQ==/base.apk --oat-fd=7 --oat-location=/data/app/~~2gKa5mVS5FbOpCUskHaI9g==/com.yuuta.zardAppNeo-7qz_4VI4cH-P-i08jQmkKQ==/oat/arm64/base.odex --output-vdex-fd=8 --app-image-fd=9 --image-format=lz4 --swap-fd=10 --class-loader-context-fds=11:12 --class-loader-context=PCL[]{PCL[/system_ext/framework/androidx.window.extensions.jar]#PCL[/system_ext/framework/androidx.window.sidecar.jar]} --classpath-dir=/data/app/~~2gKa5mVS5FbOpCUskHaI9g==/com.yuuta.zardAppNeo-7qz_4VI4cH-P-i08jQmkKQ== --input-vdex-fd=13 --profile-file-fd=14 --instruction-set=arm64 --instruction-set-features=default --instruction-set-variant=generic --compiler-filter=speed-profile --compilation-reason=cmdline --compact-dex-level=none --max-image-block-size=524288 --resolve-startup-const-strings=true --generate-mini-debug-info --runtime-arg -Xtarget-sdk-version:34 --runtime-arg -Xhidden-api-policy:enabled --runtime-arg -Xms64m --runtime-arg -Xmx512m --comments=app-version-name:1.0,app-version-code:1,art-version:340818022
07-17 12:03:47.413 17319 17319 I dex2oat64: /apex/com.android.art/bin/dex2oat64 --output-vdex-fd=8 --class-loader-context-fds=11:12 --class-loader-context=PCL[]{PCL[/system_ext/framework/androidx.window.extensions.jar]#PCL[/system_ext/framework/androidx.window.sidecar.jar]} --classpath-dir=/data/app/~~2gKa5mVS5FbOpCUskHaI9g==/com.yuuta.zardAppNeo-7qz_4VI4cH-P-i08jQmkKQ== --input-vdex-fd=13 --profile-file-fd=14 --compiler-filter=speed-profile --compilation-reason=cmdline --compact-dex-level=none --max-image-block-size=524288 --resolve-startup-const-strings=true --generate-mini-debug-info --comments=app-version-name:1.0,app-version-code:1,art-version:340818022
07-17 12:03:47.415 17319 17319 I dex2oat64: Using CollectorTypeCC GC.
07-17 12:03:47.588   574  2439 I Process : Sending signal. PID: 17219 SIG: 9
07-17 12:03:47.613 16268 16307 I Finsky  : [75] nil.run(509): Stats for Executor: BlockingExecutor qbb@dbbe01e[Running, pool size = 6, active threads = 0, queued tasks = 0, completed tasks = 37]
07-17 12:03:47.613 16268 16307 I Finsky  : [75] nil.run(509): Stats for Executor: LightweightExecutor qbb@c7bc0ff[Running, pool size = 3, active threads = 0, queued tasks = 0, completed tasks = 128]
07-17 12:03:47.619   413   413 E BpTransactionCompletedListener: Failed to transact (-32)
07-17 12:03:47.627   843   989 D EGL_emulation: app_time_stats: avg=268.38ms min=3.15ms max=10839.78ms count=41
07-17 12:03:47.641 16268 16307 I Finsky  : [75] nil.run(509): Stats for Executor: bgExecutor qbb@9b90ecc[Running, pool size = 4, active threads = 0, queued tasks = 0, completed tasks = 147]
07-17 12:03:47.648 16287 16318 I Finsky:background: [75] nil.run(509): Stats for Executor: bgExecutor qbb@aece66f[Running, pool size = 1, active threads = 0, queued tasks = 0, completed tasks = 1]
07-17 12:03:47.670 16287 16318 I Finsky:background: [75] nil.run(509): Stats for Executor: LightweightExecutor qbb@dee1f7c[Running, pool size = 3, active threads = 0, queued tasks = 0, completed tasks = 9]
07-17 12:03:47.778 17319 17319 I dex2oat64: Explicit concurrent copying GC freed 8859(2970KB) AllocSpace objects, 0(0B) LOS objects, 61% free, 959KB/2495KB, paused 11us,4us total 3.178ms
07-17 12:03:47.832 17319 17319 I dex2oat64: dex2oat took 421.315ms (1.099s cpu) (threads: 4) arena alloc=10MB (10513280B) java alloc=959KB (983000B) native alloc=14MB (14908848B) free=4041KB (4138432B)
07-17 12:03:47.836 16990 16991 I artd    : dex2oat returned code 0
07-17 12:03:47.838   574  2308 I ArtService: Dexopt result: [packageName = com.yuuta.zardAppNeo] DexContainerFileDexoptResult{dexContainerFile=/data/app/~~2gKa5mVS5FbOpCUskHaI9g==/com.yuuta.zardAppNeo-7qz_4VI4cH-P-i08jQmkKQ==/base.apk, primaryAbi=true, abi=arm64-v8a, actualCompilerFilter=speed-profile, status=PERFORMED, dex2oatWallTimeMillis=457, dex2oatCpuTimeMillis=1100, sizeBytes=9071568, sizeBeforeBytes=9071568}
07-17 12:03:47.849  1648  2141 I MediaProvider: Invalidating LocalCallingIdentity cache for package com.yuuta.androidbenchmark. Reason: owned_database_row_deleted:/storage/emulated/0/Android/media/com.yuuta.androidbenchmark/temporaryScript4066947824813260333.tmp
07-17 12:03:47.851  1648  2141 I MediaProvider: Deleted 1 0 0 0 0 0 0 items on external_primary due to com.android.shell
07-17 12:03:47.860  1648  9992 W MediaProvider: isAppCloneUserPair for user 0: false
07-17 12:03:47.866  1363 13712 I NetworkScheduler.Stats: (REDACTED) Task %s/%s started execution. cause:%s exec_start_elapsed_seconds: %s
07-17 12:03:47.868  1363 13053 I NetworkScheduler.Stats: (REDACTED) Task %s/%s finished executing. cause:%s result: %s elapsed_millis: %s uptime_millis: %s exec_start_elapsed_seconds: %s
07-17 12:03:47.880 16990 16991 I artd    : Running profman: /apex/com.android.art/bin/art_exec --drop-capabilities --keep-fds=6:7 -- /apex/com.android.art/bin/profman --reference-profile-file-fd=6 --apk-fd=7
07-17 12:03:47.880 16990 16991 I artd    : Opened FDs: 6:/data/misc/profiles/ref/com.yuuta.zardAppNeo/primary.prof 7:/data/app/~~2gKa5mVS5FbOpCUskHaI9g==/com.yuuta.zardAppNeo-7qz_4VI4cH-P-i08jQmkKQ==/base.apk
07-17 12:03:47.899 16990 16991 I artd    : profman returned code 2
07-17 12:03:47.900 16990 16991 I artd    : Running profman: /apex/com.android.art/bin/art_exec --drop-capabilities --keep-fds=6:7:8:9 -- /apex/com.android.art/bin/profman --profile-file-fd=6 --profile-file-fd=7 --dump-output-to-fd=8 --apk-fd=9 --dump-classes-and-methods
07-17 12:03:47.900 16990 16991 I artd    : Opened FDs: 6:/data/misc/profiles/ref/com.yuuta.zardAppNeo/primary.prof 7:/data/misc/profiles/cur/0/com.yuuta.zardAppNeo/primary.prof 8:/data/misc/profiles/ref/com.yuuta.zardAppNeo/primary.prof.jqRZfE.tmp 9:/data/app/~~2gKa5mVS5FbOpCUskHaI9g==/com.yuuta.zardAppNeo-7qz_4VI4cH-P-i08jQmkKQ==/base.apk
07-17 12:03:47.927 16990 16991 I artd    : profman returned code 0
07-17 12:03:47.937  1648  2141 I MediaProvider: Invalidating LocalCallingIdentity cache for package com.yuuta.androidbenchmark. Reason: owned_database_row_deleted:/storage/emulated/0/Android/media/com.yuuta.androidbenchmark/temporaryScript8573723783848859432.tmp
07-17 12:03:47.938  1648  2141 I MediaProvider: Deleted 1 0 0 0 0 0 0 items on external_primary due to com.android.shell
07-17 12:03:47.944  1648  9992 W MediaProvider: isAppCloneUserPair for user 0: false
07-17 12:03:47.953  1363 13054 I NetworkScheduler.Stats: (REDACTED) Task %s/%s started execution. cause:%s exec_start_elapsed_seconds: %s
07-17 12:03:47.956  1363 13712 I NetworkScheduler.Stats: (REDACTED) Task %s/%s finished executing. cause:%s result: %s elapsed_millis: %s uptime_millis: %s exec_start_elapsed_seconds: %s
07-17 12:03:47.968  1648  9992 I MediaProvider: Invalidating LocalCallingIdentity cache for package com.yuuta.androidbenchmark. Reason: owned_database_row_deleted:/storage/emulated/0/Android/media/com.yuuta.androidbenchmark/temporaryScript8139433758148367900.tmp
07-17 12:03:47.968  1648  9992 I MediaProvider: Deleted 1 0 0 0 0 0 0 items on external_primary due to com.android.shell
07-17 12:03:47.976  1648  9992 I MediaProvider: Deleted 0 0 0 0 0 0 0 items on external_primary due to com.yuuta.androidbenchmark
07-17 12:03:47.982  1363 13053 I NetworkScheduler.Stats: (REDACTED) Task %s/%s started execution. cause:%s exec_start_elapsed_seconds: %s
07-17 12:03:47.984  1363 13712 I NetworkScheduler.Stats: (REDACTED) Task %s/%s finished executing. cause:%s result: %s elapsed_millis: %s uptime_millis: %s exec_start_elapsed_seconds: %s
07-17 12:03:48.074 16514 16532 D Benchmark: Profiles stable in iteration 4 (for 1 iterations)
07-17 12:03:48.075 16514 16532 D Benchmark: Killing package com.yuuta.zardAppNeo
07-17 12:03:48.075 16514 16532 D Benchmark: Killing process com.yuuta.zardAppNeo
07-17 12:03:48.084 16514 16532 D Benchmark: Compile iteration (5) for com.yuuta.zardAppNeo
07-17 12:03:48.084  1030  1030 D CarrierSvcBindHelper: onHandleForceStop: [com.yuuta.zardAppNeo]
07-17 12:03:48.085  1030  1030 D CarrierSvcBindHelper: No carrier app for: 0
07-17 12:03:48.089   843   843 I vol.VolumeDialogImpl: mDialog.dismiss() reason: volume_controller from: com.android.systemui.volume.VolumeDialogImpl$7.onDismissRequested:3
07-17 12:03:48.093   574  1760 W AppSearchIcing: icing-search-engine.cc:283: Error: 5, Message: Document (com.google.android.googlequicksearchbox$OneSearchZeroStateGoogleSuggestions/default, zp) not found.
07-17 12:03:48.093   843  1405 D KeyguardService: setOccluded(false)
07-17 12:03:48.093   843  1405 D KeyguardViewMediator: setOccluded(false)
07-17 12:03:48.093   843   843 D KeyguardViewMediator: handleSetOccluded(false)
07-17 12:03:48.093  1171  2272 E OneSearchSuggestProvider: Failed to fetch suggestions from AppSearch, fallback to AGA
07-17 12:03:48.093  1171  2272 E OneSearchSuggestProvider: java.util.concurrent.CompletionException: java.util.NoSuchElementException: No value present
07-17 12:03:48.093  1171  2272 E OneSearchSuggestProvider: 	at java.util.concurrent.CompletableFuture.encodeThrowable(CompletableFuture.java:308)
07-17 12:03:48.093  1171  2272 E OneSearchSuggestProvider: 	at java.util.concurrent.CompletableFuture.completeThrowable(CompletableFuture.java:323)
07-17 12:03:48.093  1171  2272 E OneSearchSuggestProvider: 	at java.util.concurrent.CompletableFuture$UniAccept.tryFire(CompletableFuture.java:684)
07-17 12:03:48.093  1171  2272 E OneSearchSuggestProvider: 	at java.util.concurrent.CompletableFuture.postComplete(CompletableFuture.java:486)
07-17 12:03:48.093  1171  2272 E OneSearchSuggestProvider: 	at java.util.concurrent.CompletableFuture.completeExceptionally(CompletableFuture.java:2138)
07-17 12:03:48.093  1171  2272 E OneSearchSuggestProvider: 	at com.google.android.apps.nexuslauncher.allapps.H0.onResult(Unknown Source:59)
07-17 12:03:48.093  1171  2272 E OneSearchSuggestProvider: 	at android.app.appsearch.SearchSessionUtil$1.lambda$onResult$0(SearchSessionUtil.java:129)
07-17 12:03:48.093  1171  2272 E OneSearchSuggestProvider: 	at android.app.appsearch.SearchSessionUtil$1.$r8$lambda$_nlk9WiPjSfaAsqKYmp0aPvSRC0(SearchSessionUtil.java:1)
07-17 12:03:48.093  1171  2272 E OneSearchSuggestProvider: 	at android.app.appsearch.SearchSessionUtil$1$$ExternalSyntheticLambda0.run(R8$$SyntheticClass:13)
07-17 12:03:48.093  1171  2272 E OneSearchSuggestProvider: 	at android.os.Handler.handleCallback(Handler.java:958)
07-17 12:03:48.093  1171  2272 E OneSearchSuggestProvider: 	at android.os.Handler.dispatchMessage(Handler.java:99)
07-17 12:03:48.093  1171  2272 E OneSearchSuggestProvider: 	at android.os.Looper.loopOnce(Looper.java:205)
07-17 12:03:48.093  1171  2272 E OneSearchSuggestProvider: 	at android.os.Looper.loop(Looper.java:294)
07-17 12:03:48.093  1171  2272 E OneSearchSuggestProvider: 	at android.os.HandlerThread.run(HandlerThread.java:67)
07-17 12:03:48.093  1171  2272 E OneSearchSuggestProvider: Caused by: java.util.NoSuchElementException: No value present
07-17 12:03:48.093  1171  2272 E OneSearchSuggestProvider: 	at java.util.Optional.get(Optional.java:144)
07-17 12:03:48.093  1171  2272 E OneSearchSuggestProvider: 	at com.google.android.apps.nexuslauncher.allapps.H0.onResult(Unknown Source:16)
07-17 12:03:48.093  1171  2272 E OneSearchSuggestProvider: 	... 8 more
07-17 12:03:48.093  1171  2272 D OneSearchSuggestProvider: Established or reuse existing binder channel authority=com.google.android.googlequicksearchbox
07-17 12:03:48.096  2000  2000 D BoundBrokerSvc: onUnbind: Intent { act=com.google.android.gms.common.BIND_SHARED_PREFS pkg=com.google.android.gms }
07-17 12:03:48.096  1171  1200 D QuickstepModelDelegate: notifyAppTargetEvent action=1 launchLocation=workspace/0/[-1,-1]/[1,1]
07-17 12:03:48.097  1670  1904 I AiAiEcho: Predicting[0]:
07-17 12:03:48.097  1670  1904 I AiAiEcho: EchoTargets:
07-17 12:03:48.097  1670  1904 I AiAiEcho: Filtered by AiAi flag check:
07-17 12:03:48.097  1670  1904 I AiAiEcho: Ranked targets strategy: SORT, count: 0, ranking metadata:
07-17 12:03:48.097   843   843 I vol.VolumeDialogImpl: mDialog.dismiss() reason: volume_controller from: com.android.systemui.volume.VolumeDialogImpl$7.onDismissRequested:3
07-17 12:03:48.097   843   843 D vol.VolumeDialogImpl: dismissH: skipping dismiss because isAnimatingDismiss is true and showingStateInconsistent is false
07-17 12:03:48.097  1670  1904 I AiAiEcho: #postPredictionTargets: Sending updates to UISurface home with targets# 0 (types=[])
07-17 12:03:48.099  1171  1171 D SearchTargetUtil:  query= size=0
07-17 12:03:48.639   843   989 D EGL_emulation: app_time_stats: avg=17.08ms min=11.62ms max=31.97ms count=59
07-17 12:03:49.104 16514 16532 W InteractionController: runAndwaitForEvents timed out waiting for events
07-17 12:03:49.114 16514 16532 D Benchmark: Starting activity with command: am start  -W "intent:#Intent;action=android.intent.action.MAIN;category=android.intent.category.LAUNCHER;launchFlags=0x10008000;package=com.yuuta.zardAppNeo;component=com.yuuta.zardAppNeo/.MainActivity_Light;end"
07-17 12:03:49.115  1648  2147 W MediaProvider: isAppCloneUserPair for user 0: false
07-17 12:03:49.126  1363 13053 I NetworkScheduler.Stats: (REDACTED) Task %s/%s started execution. cause:%s exec_start_elapsed_seconds: %s
07-17 12:03:49.128  1363 12088 I NetworkScheduler.Stats: (REDACTED) Task %s/%s finished executing. cause:%s result: %s elapsed_millis: %s uptime_millis: %s exec_start_elapsed_seconds: %s
07-17 12:03:49.142   348   348 D Zygote  : Forked child process 17381
07-17 12:03:49.145   843   989 E OpenGLRenderer: Unable to match the desired swap behavior.
07-17 12:03:49.157   843   989 D EGL_emulation: app_time_stats: avg=2207.53ms min=4.61ms max=13220.17ms count=6
07-17 12:03:49.170   413   413 I BpBinder: onLastStrongRef automatically unlinking death recipients:
07-17 12:03:49.175  1171  1973 D EGL_emulation: app_time_stats: avg=230.55ms min=12.90ms max=1699.62ms count=8
07-17 12:03:49.180 17381 17381 I uuta.zardAppNeo: Using CollectorTypeCC GC.
07-17 12:03:49.184   426   441 I adbd    : jdwp connection from 17381
07-17 12:03:49.214 17381 17381 D CompatibilityChangeReporter: Compat change id reported: 171979766; UID 10263; state: ENABLED
07-17 12:03:49.215 17381 17381 D CompatibilityChangeReporter: Compat change id reported: 242716250; UID 10263; state: ENABLED
07-17 12:03:49.217 17381 17381 D ApplicationLoaders: Returning zygote-cached class loader: /system_ext/framework/androidx.window.extensions.jar
07-17 12:03:49.217 17381 17381 D ApplicationLoaders: Returning zygote-cached class loader: /system_ext/framework/androidx.window.sidecar.jar
07-17 12:03:49.221 17381 17381 D nativeloader: Configuring clns-6 for other apk /data/app/~~2gKa5mVS5FbOpCUskHaI9g==/com.yuuta.zardAppNeo-7qz_4VI4cH-P-i08jQmkKQ==/base.apk. target_sdk_version=34, uses_libraries=, library_path=/data/app/~~2gKa5mVS5FbOpCUskHaI9g==/com.yuuta.zardAppNeo-7qz_4VI4cH-P-i08jQmkKQ==/lib/arm64:/data/app/~~2gKa5mVS5FbOpCUskHaI9g==/com.yuuta.zardAppNeo-7qz_4VI4cH-P-i08jQmkKQ==/base.apk!/lib/arm64-v8a, permitted_path=/data:/mnt/expand:/data/user/0/com.yuuta.zardAppNeo
07-17 12:03:49.224 17381 17381 V GraphicsEnvironment: Currently set values for:
07-17 12:03:49.224 17381 17381 V GraphicsEnvironment:   angle_gl_driver_selection_pkgs=[]
07-17 12:03:49.224 17381 17381 V GraphicsEnvironment:   angle_gl_driver_selection_values=[]
07-17 12:03:49.225 17381 17381 V GraphicsEnvironment: ANGLE GameManagerService for com.yuuta.zardAppNeo: false
07-17 12:03:49.225 17381 17381 V GraphicsEnvironment: com.yuuta.zardAppNeo is not listed in per-application setting
07-17 12:03:49.225 17381 17381 V GraphicsEnvironment: Neither updatable production driver nor prerelease driver is supported.
07-17 12:03:49.231 17381 17381 D AppCompatDelegate: Checking for metadata for AppLocalesMetadataHolderService : Service not found
07-17 12:03:49.232 17381 17404 D libEGL  : loaded /vendor/lib64/egl/libEGL_emulation.so
07-17 12:03:49.234 17381 17404 D libEGL  : loaded /vendor/lib64/egl/libGLESv1_CM_emulation.so
07-17 12:03:49.235 17381 17404 D libEGL  : loaded /vendor/lib64/egl/libGLESv2_emulation.so
07-17 12:03:49.235  1928  1928 I A       : onPause
07-17 12:03:49.246  1928  5355 V ClearcutMetricXmitter: Transmission is done.
07-17 12:03:49.249   574  1709 I RemoteProvisionSysSvc: getRegistration(android.hardware.security.keymint.IRemotelyProvisionedComponent/default)
07-17 12:03:49.250 17381 17381 D CompatibilityChangeReporter: Compat change id reported: 237531167; UID 10263; state: DISABLED
07-17 12:03:49.251 17381 17381 W OpenGLRenderer: Unknown dataspace 0
07-17 12:03:49.255   348   348 D Zygote  : Forked child process 17406
07-17 12:03:49.263 17381 17381 I System.out: 0.0
07-17 12:03:49.263 17381 17381 I System.out: 1.0
07-17 12:03:49.263 17381 17381 I System.out: 0.5
07-17 12:03:49.263 17381 17381 I System.out: 0.0
07-17 12:03:49.263 17381 17381 I System.out: 1.0
07-17 12:03:49.263 17381 17381 I System.out: 0.5
07-17 12:03:49.263 17381 17381 I System.out: 0.0
07-17 12:03:49.263 17381 17381 I System.out: 1.0
07-17 12:03:49.263 17381 17381 I System.out: 0.5
07-17 12:03:49.275 17381 17402 W OpenGLRenderer: Failed to choose config with EGL_SWAP_BEHAVIOR_PRESERVED, retrying without...
07-17 12:03:49.276 17381 17402 W OpenGLRenderer: Failed to initialize 101010-2 format, error = EGL_SUCCESS
07-17 12:03:49.279 17381 17381 I System.out: -0.0
07-17 12:03:49.280 17406 17406 I android.rkpdapp: Using CollectorTypeCC GC.
07-17 12:03:49.283 17406 17406 E android.rkpdapp: Not starting debugger since process cannot load the jdwp agent.
07-17 12:03:49.283   151   151 I hwservicemanager: getTransport: Cannot find entry android.hardware.graphics.mapper@4.0::IMapper/default in either framework or device VINTF manifest.
07-17 12:03:49.284 17381 17402 I Gralloc4: mapper 4.x is not supported
07-17 12:03:49.295 17381 17402 E OpenGLRenderer: Unable to match the desired swap behavior.
07-17 12:03:49.296 17406 17406 D CompatibilityChangeReporter: Compat change id reported: 171979766; UID 10176; state: ENABLED
07-17 12:03:49.296 17406 17406 D CompatibilityChangeReporter: Compat change id reported: 242716250; UID 10176; state: ENABLED
07-17 12:03:49.312 17406 17406 D nativeloader: Configuring clns-shared-6 for other apk /apex/com.android.rkpd/priv-app/rkpdapp.google@340818020/rkpdapp.google.apk. target_sdk_version=34, uses_libraries=, library_path=/apex/com.android.rkpd/priv-app/rkpdapp.google@340818020/lib/arm64:/system/lib64:/system_ext/lib64, permitted_path=/data:/mnt/expand:/data/user/0/com.google.android.rkpdapp:/apex/com.android.rkpd/priv-app/rkpdapp.google@340818020:/system/lib64:/system_ext/lib64
07-17 12:03:49.313 17406 17406 D nativeloader: InitApexLibraries:
07-17 12:03:49.313 17406 17406 D nativeloader:   com_android_adservices: libhpke_jni.so:libtflite_support_classifiers_native.so
07-17 12:03:49.313 17406 17406 D nativeloader:   com_android_appsearch: libicing.so
07-17 12:03:49.313 17406 17406 D nativeloader:   com_android_art: libartservice.so
07-17 12:03:49.313 17406 17406 D nativeloader:   com_android_btservices: libbluetooth_jni.so
07-17 12:03:49.313 17406 17406 D nativeloader:   com_android_conscrypt: libjavacrypto.so
07-17 12:03:49.313 17406 17406 D nativeloader:   com_android_extservices: libtflite_support_classifiers_native.so
07-17 12:03:49.313 17406 17406 D nativeloader:   com_android_os_statsd: libstats_jni.so
07-17 12:03:49.313 17406 17406 D nativeloader:   com_android_tethering: libandroid_net_connectivity_com_android_net_module_util_jni.so:libcronet.114.0.5735.84.so:libframework-connectivity-jni.so:libframework-connectivity-tiramisu-jni.so:libservice-connectivity.so
07-17 12:03:49.313 17406 17406 D nativeloader:   com_android_uwb: libuwb_uci_jni_rust.so
07-17 12:03:49.313 17406 17406 D nativeloader:   com_android_virt: libvirtualizationservice_jni.so:libvirtualmachine_jni.so
07-17 12:03:49.322 17381 17381 I System.out: Content(data=AppSetting(appIconMode=LIGHT_ICON))
07-17 12:03:49.325   574   597 I ActivityTaskManager: Displayed com.yuuta.zardAppNeo/.MainActivity_Light for user 0: +193ms
07-17 12:03:49.326 17381 17381 D CompatibilityChangeReporter: Compat change id reported: 171228096; UID 10263; state: ENABLED
07-17 12:03:49.332 17381 17381 D CompatibilityChangeReporter: Compat change id reported: 236825255; UID 10263; state: ENABLED
07-17 12:03:49.348 17406 17406 V GraphicsEnvironment: Currently set values for:
07-17 12:03:49.348 17406 17406 V GraphicsEnvironment:   angle_gl_driver_selection_pkgs=[]
07-17 12:03:49.348 17406 17406 V GraphicsEnvironment:   angle_gl_driver_selection_values=[]
07-17 12:03:49.348 17406 17406 V GraphicsEnvironment: ANGLE GameManagerService for com.google.android.rkpdapp: false
07-17 12:03:49.348 17406 17406 V GraphicsEnvironment: com.google.android.rkpdapp is not listed in per-application setting
07-17 12:03:49.348 17406 17406 V GraphicsEnvironment: Neither updatable production driver nor prerelease driver is supported.
07-17 12:03:49.349 17406 17406 D WM-WrkMgrInitializer: Initializing WorkManager with default configuration.
07-17 12:03:49.350 17406 17406 D WM-PackageManagerHelper: androidx.work.impl.background.systemjob.SystemJobService enabled
07-17 12:03:49.350 17406 17406 D WM-Schedulers: Created SystemJobScheduler and enabled SystemJobService
07-17 12:03:49.350 17381 17381 I System.out: 0.0
07-17 12:03:49.350 17381 17381 I System.out: 1.0
07-17 12:03:49.350 17381 17381 I System.out: 0.5
07-17 12:03:49.350 17381 17402 E FrameEvents: updateAcquireFence: Did not find frame.
07-17 12:03:49.355   574   574 I RegistrationProxy: onServiceConnected: com.android.rkpdapp.service.RemoteProvisioningService
07-17 12:03:49.355  1648  9992 I MediaProvider: Invalidating LocalCallingIdentity cache for package com.yuuta.androidbenchmark. Reason: owned_database_row_deleted:/storage/emulated/0/Android/media/com.yuuta.androidbenchmark/temporaryScript5902105601561936895.tmp
07-17 12:03:49.355  1648  9992 I MediaProvider: uid=10264 packageName=com.yuuta.androidbenchmark deletedFilesCountBypassingDatabase=1
07-17 12:03:49.357  1648  9992 I MediaProvider: Deleted 1 0 0 0 0 0 0 items on external_primary due to com.android.shell
07-17 12:03:49.359   574  1709 I RegistrationProxy: IGetRegistrationCallback.onError:RKP is disabled. System configured with no default URL.
07-17 12:03:49.362 16514 16532 D Benchmark: Result: Starting: Intent { act=android.intent.action.MAIN cat=[android.intent.category.LAUNCHER] flg=0x10008000 pkg=com.yuuta.zardAppNeo cmp=com.yuuta.zardAppNeo/.MainActivity_Light }
07-17 12:03:49.362 16514 16532 D Benchmark: Status: ok
07-17 12:03:49.362 16514 16532 D Benchmark: LaunchState: COLD
07-17 12:03:49.362 16514 16532 D Benchmark: Activity: com.yuuta.zardAppNeo/.MainActivity
07-17 12:03:49.362 16514 16532 D Benchmark: TotalTime: 193
07-17 12:03:49.362 16514 16532 D Benchmark: WaitTime: 203
07-17 12:03:49.362 16514 16532 D Benchmark: Complete
07-17 12:03:49.365 17406 17442 D CompatibilityChangeReporter: Compat change id reported: 160794467; UID 10176; state: ENABLED
07-17 12:03:49.373   574  1709 I ImeTracker: com.yuuta.zardAppNeo:1f5d936b: onRequestHide at ORIGIN_SERVER_HIDE_INPUT reason HIDE_UNSPECIFIED_WINDOW
07-17 12:03:49.373   574  1709 I ImeTracker: com.yuuta.zardAppNeo:1f5d936b: onCancelled at PHASE_SERVER_SHOULD_HIDE
07-17 12:03:49.379  1522  1522 I GoogleInputMethodService: GoogleInputMethodService.onFinishInput():3157
07-17 12:03:49.380  1522  1522 I GoogleInputMethodService: GoogleInputMethodService.updateDeviceLockedStatus():2248 repeatCheckTimes = 0, locked = false
07-17 12:03:49.380  1522  1522 I GoogleInputMethodService: GoogleInputMethodService.onStartInput():1986 onStartInput(EditorInfo{EditorInfo{packageName=com.yuuta.zardAppNeo, inputType=0, inputTypeString=NULL, enableLearning=false, autoCorrection=false, autoComplete=false, imeOptions=0, privateImeOptions=null, actionName=UNSPECIFIED, actionLabel=null, initialSelStart=-1, initialSelEnd=-1, initialCapsMode=0, label=null, fieldId=0, fieldName=null, extras=null, hintText=null, hintLocales=[]}}, false)
07-17 12:03:49.380  1522  1522 I GoogleInputMethodService: GoogleInputMethodService.updateDeviceLockedStatus():2248 repeatCheckTimes = 1, locked = false
07-17 12:03:49.381  1522  1522 I AndroidIME: InputBundleManager.loadActiveInputBundleId():450 loadActiveInputBundleId: und-Latn-x-password, password
07-17 12:03:49.383 17381 17402 E FrameEvents: updateAcquireFence: Did not find frame.
07-17 12:03:49.395  1363 12088 I NetworkScheduler.Stats: (REDACTED) Task %s/%s started execution. cause:%s exec_start_elapsed_seconds: %s
07-17 12:03:49.396  1363 13054 I NetworkScheduler.Stats: (REDACTED) Task %s/%s finished executing. cause:%s result: %s elapsed_millis: %s uptime_millis: %s exec_start_elapsed_seconds: %s
07-17 12:03:49.408  1648  2147 W MediaProvider: isAppCloneUserPair for user 0: false
07-17 12:03:49.431  1363 12088 I NetworkScheduler.Stats: (REDACTED) Task %s/%s started execution. cause:%s exec_start_elapsed_seconds: %s
07-17 12:03:49.432  1363 13712 I NetworkScheduler.Stats: (REDACTED) Task %s/%s finished executing. cause:%s result: %s elapsed_millis: %s uptime_millis: %s exec_start_elapsed_seconds: %s
07-17 12:03:49.433 15838 15890 W Bugle   : TextClassifierLibManagerImpl: Reclaiming memory at level: 40
07-17 12:03:49.448  1171  1199 I ImeTracker: com.google.android.apps.nexuslauncher:385caeef: onRequestHide at ORIGIN_CLIENT_HIDE_SOFT_INPUT reason HIDE_SOFT_INPUT
07-17 12:03:49.448  1171  1199 I ImeTracker: com.google.android.apps.nexuslauncher:385caeef: onFailed at PHASE_CLIENT_VIEW_SERVED
07-17 12:03:49.448  1171  2272 D OneSearchSuggestProvider: Shut down the binder channel
07-17 12:03:49.449  1171  1421 I IPCThreadState: oneway function results for code 2 on binder at 0xb400007d80a65850 will be dropped but finished with status UNKNOWN_TRANSACTION
07-17 12:03:49.450  1648  2526 I MediaProvider: Invalidating LocalCallingIdentity cache for package com.yuuta.androidbenchmark. Reason: owned_database_row_deleted:/storage/emulated/0/Android/media/com.yuuta.androidbenchmark/temporaryScript8693898812820538465.tmp
07-17 12:03:49.451  1648  2526 I MediaProvider: Deleted 1 0 0 0 0 0 0 items on external_primary due to com.android.shell
07-17 12:03:49.455 16514 16532 I System.out: 0 Flags,FrameTimelineVsyncId,IntendedVsync,Vsync,InputEventId,HandleInputStart,AnimationStart,PerformTraversalsStart,DrawStart,FrameDeadline,FrameInterval,FrameStartTime,SyncQueued,SyncStart,IssueDrawCommandsStart,SwapBuffers,FrameCompleted,DequeueBufferDuration,QueueBufferDuration,GpuCompleted,SwapBuffersCompleted,DisplayPresentTime,CommandSubmissionCompleted,
07-17 12:03:49.455 16514 16532 I System.out: 1 1,328802,17515937921814,17515954588480,0,17515958402315,17515958402815,17515958416565,17515997605565,17515954588480,17515958396481,16666666,17515998786023,17515999076398,17515999381356,17516019432565,17516038292065,2333,138916,17516038292065,17516022410690,0,17516019432565,
07-17 12:03:49.455 16514 16532 I System.out: 2 0,328860,17515971255146,17516021255144,0,17516027320356,17516027320773,17516029207190,17516029286856,17516071255142,17516027314065,16666666,17516033408523,17516033447898,17516033599773,17516045984773,17516054814648,1833,140958,17516054814648,17516048771565,0,17516045984773,
07-17 12:03:49.455 16514 16532 I System.out: 3 0,328941,17516037921810,17516054588476,0,17516066896856,17516066897190,17516068690773,17516068712231,17516087921808,17516066891856,16666666,17516069141148,17516069224148,17516069258481,17516082212398,17516087113106,2000,71750,17516087113106,17516084491356,0,17516082212398,
07-17 12:03:49.455 16514 16532 I System.out: 4 0,328992,17516071255142,17516071255142,0,17516084806356,17516084806773,17516084934940,17516084967940,17516104588474,17516084804023,16666666,17516084994231,17516086022940,17516086047773,17516086320690,17516104746606,1910750,96958,17516104746606,17516089048940,0,17516086320690,
07-17 12:03:49.464  1928  1928 I A       : onStop
07-17 12:03:49.479  1363 12088 I NetworkScheduler.Stats: (REDACTED) Task %s/%s started execution. cause:%s exec_start_elapsed_seconds: %s
07-17 12:03:49.480  1363 13053 I NetworkScheduler.Stats: (REDACTED) Task %s/%s finished executing. cause:%s result: %s elapsed_millis: %s uptime_millis: %s exec_start_elapsed_seconds: %s
07-17 12:03:49.643   843   989 D EGL_emulation: app_time_stats: avg=33.46ms min=10.39ms max=266.30ms count=30
07-17 12:03:49.692   843   955 W WindowOnBackDispatcher: sendCancelIfRunning: isInProgress=falsecallback=android.view.ViewRootImpl$$ExternalSyntheticLambda17@99ece58
07-17 12:03:49.693   574   649 W InputManager-JNI: Input channel object 'e4ab630 Splash Screen com.yuuta.zardAppNeo (client)' was disposed without first being removed with the input manager!
07-17 12:03:49.752  1363  2124 I FontLog : (REDACTED) Received query %s, URI %s
07-17 12:03:49.752  1363  2124 I FontLog : (REDACTED) Query [%s] resolved to %s
07-17 12:03:49.753  1363  2124 I FontLog : (REDACTED) Fetch %s end status %s
07-17 12:03:49.754  1363  2124 I FontLog : (REDACTED) Pulling font file for id = %d, cache size = %d
07-17 12:03:49.756  1363  2124 I FontLog : (REDACTED) Pulling font file for id = %d, cache size = %d
07-17 12:03:49.919  7907  7907 I cr_OfflineIndicator: Reported by system: [ Transports: WIFI Capabilities: NOT_METERED&INTERNET&NOT_RESTRICTED&TRUSTED&NOT_VPN&NOT_ROAMING&FOREGROUND&NOT_CONGESTED&NOT_SUSPENDED&NOT_VCN_MANAGED LinkUpBandwidth>=12000Kbps LinkDnBandwidth>=30000Kbps TransportInfo: <SSID: <unknown ssid>, BSSID: 02:00:00:00:00:00, MAC: 02:00:00:00:00:00, IP: /10.0.2.16, Security type: 0, Supplicant state: COMPLETED, Wi-Fi standard: 1, RSSI: -50, Link speed: 2Mbps, Tx Link speed: 2Mbps, Max Supported Tx Link speed: 11Mbps, Rx Link speed: 2Mbps, Max Supported Rx Link speed: 11Mbps, Frequency: 2447MHz, Net ID: -1, Metered hint: false, score: 60, isUsable: true, CarrierMerged: false, SubscriptionId: -1, IsPrimary: -1, Trusted: true, Restricted: false, Ephemeral: false, OEM paid: false, OEM private: false, OSU AP: false, FQDN: <none>, Provider friendly name: <none>, Requesting package name: <none><none>MLO Information: , Is TID-To-Link negotiation supported by the AP: false, AP MLD Address: <none>, AP MLO Link Id: <none>, AP MLO Affiliated links: <none>> SignalStrength: -50 UnderlyingNetworks: Null]
07-17 12:03:49.920  7907  7907 I cr_OfflineIndicator: Reported by system: [ Transports: CELLULAR Capabilities: MMS&SUPL&DUN&FOTA&IMS&CBS&INTERNET&NOT_RESTRICTED&TRUSTED&NOT_VPN&NOT_ROAMING&NOT_CONGESTED&NOT_SUSPENDED&NOT_VCN_MANAGED&MMTEL LinkUpBandwidth>=1800Kbps LinkDnBandwidth>=4300Kbps Specifier: <TelephonyNetworkSpecifier [mSubId = 1]> UnderlyingNetworks: Null]
07-17 12:03:49.920  7907  7907 I cr_OfflineIndicator: setConnectionState connectionState=2
07-17 12:03:49.920  7907  7907 I cr_OfflineIndicator: processConnectivityCheckResult mConnectionState=2 mConnectivityCheckingStage=1
07-17 12:03:49.920  7907  7907 I cr_OfflineIndicator: scheduleNextConnectivityCheck
07-17 12:03:49.920  7907  7907 I cr_OfflineIndicator: Retry after 5000ms
07-17 12:03:50.654   843   989 D EGL_emulation: app_time_stats: avg=16.54ms min=11.70ms max=21.53ms count=61
07-17 12:03:50.781 17381 17402 D EGL_emulation: app_time_stats: avg=243.19ms min=2.64ms max=989.13ms count=6
07-17 12:03:50.783 17381 17402 E FrameEvents: updateAcquireFence: Did not find frame.
07-17 12:03:50.783 17381 17402 D EGL_emulation: app_time_stats: avg=716.16ms min=32.53ms max=1399.78ms count=2
07-17 12:03:50.786 17381 17402 E FrameEvents: updateAcquireFence: Did not find frame.
07-17 12:03:50.797 17381 17402 E FrameEvents: updateAcquireFence: Did not find frame.
07-17 12:03:50.800 17381 17402 E FrameEvents: updateAcquireFence: Did not find frame.
07-17 12:03:50.827 17381 17402 E FrameEvents: updateAcquireFence: Did not find frame.
07-17 12:03:50.844 17381 17402 E FrameEvents: updateAcquireFence: Did not find frame.
07-17 12:03:50.864 17381 17402 E FrameEvents: updateAcquireFence: Did not find frame.
07-17 12:03:50.881 17381 17402 E FrameEvents: updateAcquireFence: Did not find frame.
07-17 12:03:50.897 17381 17402 E FrameEvents: updateAcquireFence: Did not find frame.
07-17 12:03:50.915 17381 17402 E FrameEvents: updateAcquireFence: Did not find frame.
07-17 12:03:50.930 17381 17402 E FrameEvents: updateAcquireFence: Did not find frame.
07-17 12:03:50.945 17381 17402 E FrameEvents: updateAcquireFence: Did not find frame.
07-17 12:03:50.964 17381 17402 E FrameEvents: updateAcquireFence: Did not find frame.
07-17 12:03:50.976 17381 17402 E FrameEvents: updateAcquireFence: Did not find frame.
07-17 12:03:50.996 17381 17402 E FrameEvents: updateAcquireFence: Did not find frame.
07-17 12:03:51.014 17381 17402 E FrameEvents: updateAcquireFence: Did not find frame.
07-17 12:03:51.030 17381 17402 E FrameEvents: updateAcquireFence: Did not find frame.
07-17 12:03:51.046 17381 17402 E FrameEvents: updateAcquireFence: Did not find frame.
07-17 12:03:51.063 17381 17402 E FrameEvents: updateAcquireFence: Did not find frame.
07-17 12:03:51.081 17381 17402 E FrameEvents: updateAcquireFence: Did not find frame.
07-17 12:03:51.097 17381 17402 E FrameEvents: updateAcquireFence: Did not find frame.
07-17 12:03:51.115 17381 17402 E FrameEvents: updateAcquireFence: Did not find frame.
07-17 12:03:51.130 17381 17402 E FrameEvents: updateAcquireFence: Did not find frame.
07-17 12:03:51.138 16268 16268 W Finsky  : [2] sqz.a(7): HC: Self-update check failed with error: com.android.volley.NoConnectionError: org.chromium.net.impl.NetworkExceptionImpl: Exception in CronetUrlRequest: net::ERR_NAME_NOT_RESOLVED, ErrorCode=1, InternalErrorCode=-105, Retryable=false
07-17 12:03:51.147 17381 17402 E FrameEvents: updateAcquireFence: Did not find frame.
07-17 12:03:51.150   348   348 D Zygote  : Forked child process 17476
07-17 12:03:51.162 16287 16481 I Finsky:background: [89] adnr.<init>(47): Resetting scheduler db
07-17 12:03:51.164 17381 17402 E FrameEvents: updateAcquireFence: Did not find frame.
07-17 12:03:51.165 16287 17482 I Finsky:background: [93] qao.accept(60): SCH: Scheduling phonesky job Id: 47-15, CT: 1721105312308, Constraints: [{ L: 21600000, D: 21600000, C: 1, I: 1, N: 0 }]
07-17 12:03:51.167 17476 17476 I ng:quick_launch: Using CollectorTypeCC GC.
07-17 12:03:51.171 16287 16346 I Finsky:background: [82] kpa.apply(56): SCH: Scheduling 0 system job(s)
07-17 12:03:51.171 17476 17476 E ng:quick_launch: Not starting debugger since process cannot load the jdwp agent.
07-17 12:03:51.180 17381 17402 E FrameEvents: updateAcquireFence: Did not find frame.
07-17 12:03:51.181 17476 17476 D CompatibilityChangeReporter: Compat change id reported: 171979766; UID 10123; state: ENABLED
07-17 12:03:51.181 17476 17476 D CompatibilityChangeReporter: Compat change id reported: 242716250; UID 10123; state: ENABLED
07-17 12:03:51.185 17476 17476 D nativeloader: Configuring clns-6 for other apk /system/framework/org.apache.http.legacy.jar. target_sdk_version=34, uses_libraries=ALL, library_path=/data/app/~~xz2rjK0LCd5cgnm7QDZmRQ==/com.android.vending-Sdnmpqisut9zIFzeQev_PA==/lib/arm64:/data/app/~~xz2rjK0LCd5cgnm7QDZmRQ==/com.android.vending-Sdnmpqisut9zIFzeQev_PA==/base.apk!/lib/arm64-v8a:/data/app/~~xz2rjK0LCd5cgnm7QDZmRQ==/com.android.vending-Sdnmpqisut9zIFzeQev_PA==/split_config.arm64_v8a.apk!/lib/arm64-v8a:/data/app/~~xz2rjK0LCd5cgnm7QDZmRQ==/com.android.vending-Sdnmpqisut9zIFzeQev_PA==/split_config.en.apk!/lib/arm64-v8a:/data/app/~~xz2rjK0LCd5cgnm7QDZmRQ==/com.android.vending-Sdnmpqisut9zIFzeQev_PA==/split_phonesky_data_loader.apk!/lib/arm64-v8a:/data/app/~~xz2rjK0LCd5cgnm7QDZmRQ==/com.android.vending-Sdnmpqisut9zIFzeQev_PA==/split_phonesky_data_loader.config.arm64_v8a.apk!/lib/arm64-v8a, permitted_path=/data:/mnt/expand:/data/user/0/com.android.vending
07-17 12:03:51.185 17476 17476 D ApplicationLoaders: Returning zygote-cached class loader: /system_ext/framework/androidx.window.extensions.jar
07-17 12:03:51.185 17476 17476 D ApplicationLoaders: Returning zygote-cached class loader: /system_ext/framework/androidx.window.sidecar.jar
07-17 12:03:51.202 17381 17402 E FrameEvents: updateAcquireFence: Did not find frame.
07-17 12:03:51.217 17476 17476 W ziparchive: Unable to open '/data/app/~~xz2rjK0LCd5cgnm7QDZmRQ==/com.android.vending-Sdnmpqisut9zIFzeQev_PA==/split_config.arm64_v8a.dm': No such file or directory
07-17 12:03:51.217 17476 17476 W ziparchive: Unable to open '/data/app/~~xz2rjK0LCd5cgnm7QDZmRQ==/com.android.vending-Sdnmpqisut9zIFzeQev_PA==/split_config.arm64_v8a.dm': No such file or directory
07-17 12:03:51.217 17476 17476 W ng:quick_launch: Entry not found
07-17 12:03:51.218 17476 17476 W ziparchive: Unable to open '/data/app/~~xz2rjK0LCd5cgnm7QDZmRQ==/com.android.vending-Sdnmpqisut9zIFzeQev_PA==/split_config.en.dm': No such file or directory
07-17 12:03:51.218 17476 17476 W ziparchive: Unable to open '/data/app/~~xz2rjK0LCd5cgnm7QDZmRQ==/com.android.vending-Sdnmpqisut9zIFzeQev_PA==/split_config.en.dm': No such file or directory
07-17 12:03:51.219 17476 17476 W ng:quick_launch: Entry not found
07-17 12:03:51.219 17476 17476 W ziparchive: Unable to open '/data/app/~~xz2rjK0LCd5cgnm7QDZmRQ==/com.android.vending-Sdnmpqisut9zIFzeQev_PA==/split_phonesky_data_loader.dm': No such file or directory
07-17 12:03:51.219 17476 17476 W ziparchive: Unable to open '/data/app/~~xz2rjK0LCd5cgnm7QDZmRQ==/com.android.vending-Sdnmpqisut9zIFzeQev_PA==/split_phonesky_data_loader.dm': No such file or directory
07-17 12:03:51.219 17476 17476 W ng:quick_launch: Entry not found
07-17 12:03:51.219 17476 17476 W ziparchive: Unable to open '/data/app/~~xz2rjK0LCd5cgnm7QDZmRQ==/com.android.vending-Sdnmpqisut9zIFzeQev_PA==/split_phonesky_data_loader.config.arm64_v8a.dm': No such file or directory
07-17 12:03:51.219 17476 17476 W ziparchive: Unable to open '/data/app/~~xz2rjK0LCd5cgnm7QDZmRQ==/com.android.vending-Sdnmpqisut9zIFzeQev_PA==/split_phonesky_data_loader.config.arm64_v8a.dm': No such file or directory
07-17 12:03:51.220 17476 17476 W ng:quick_launch: Entry not found
