07-17 12:02:51.345 15838 16718 I Bugle   : SubscriptionUtils.getCanonicalForSelf: self=redacted-pii[12-chars], country=US [CONTEXT sub_id=1 ]
07-17 12:02:51.351 15838 16718 I BugleDataModel: ParticipantFullRefresh: Number of participants refreshed: 0
07-17 12:02:51.354 15838 16718 I BugleDataModel: ActionExecutorImpl: ACTION_RESPONSE_QUEUED_SelfParticipantsRefreshAction
07-17 12:02:51.355 15838 16759 I BugleDataModel: ActionExecutorImpl: Stopping ActionService
07-17 12:02:51.359 15838 16718 I Bugle   : getRawTelephonyPhoneNumber redacted-pii[12-chars] [CONTEXT sub_id=1 ]
07-17 12:02:51.361  1363 12088 I NetworkScheduler.Stats: (REDACTED) Task %s/%s started execution. cause:%s exec_start_elapsed_seconds: %s
07-17 12:02:51.362 15838 16718 I Bugle   : SubscriptionUtils.getCanonicalForSelf: self=redacted-pii[12-chars], country=US [CONTEXT sub_id=1 ]
07-17 12:02:51.366 15838 16718 I BugleSelfIdentity: Nothing changed in MyIdentity as phone number does not change [CONTEXT sub_id=1 ]
07-17 12:02:51.371  1363 13054 I NetworkScheduler.Stats: (REDACTED) Task %s/%s finished executing. cause:%s result: %s elapsed_millis: %s uptime_millis: %s exec_start_elapsed_seconds: %s
07-17 12:02:51.373 15838 15889 W Bugle   : TextClassifierLibManagerImpl: Reclaiming memory at level: 40
07-17 12:02:51.757   843   989 D EGL_emulation: app_time_stats: avg=9.51ms min=1.03ms max=25.93ms count=60
07-17 12:02:52.177 16648 16671 D EGL_emulation: app_time_stats: avg=248.45ms min=11.24ms max=1002.24ms count=6
07-17 12:02:52.180 16648 16671 E FrameEvents: updateAcquireFence: Did not find frame.
07-17 12:02:52.181 16648 16671 D EGL_emulation: app_time_stats: avg=644.10ms min=75.00ms max=1213.21ms count=2
07-17 12:02:52.200 16648 16671 E FrameEvents: updateAcquireFence: Did not find frame.
07-17 12:02:52.214 16648 16671 E FrameEvents: updateAcquireFence: Did not find frame.
07-17 12:02:52.226 16648 16671 E FrameEvents: updateAcquireFence: Did not find frame.
07-17 12:02:52.241 16648 16671 E FrameEvents: updateAcquireFence: Did not find frame.
07-17 12:02:52.259 16648 16671 E FrameEvents: updateAcquireFence: Did not find frame.
07-17 12:02:52.275 16648 16671 E FrameEvents: updateAcquireFence: Did not find frame.
07-17 12:02:52.291 16648 16671 E FrameEvents: updateAcquireFence: Did not find frame.
07-17 12:02:52.310 16648 16671 E FrameEvents: updateAcquireFence: Did not find frame.
07-17 12:02:52.328 16648 16671 E FrameEvents: updateAcquireFence: Did not find frame.
07-17 12:02:52.347 16648 16671 E FrameEvents: updateAcquireFence: Did not find frame.
07-17 12:02:52.363 16648 16671 E FrameEvents: updateAcquireFence: Did not find frame.
07-17 12:02:52.374 16648 16671 E FrameEvents: updateAcquireFence: Did not find frame.
07-17 12:02:52.392 16648 16671 E FrameEvents: updateAcquireFence: Did not find frame.
07-17 12:02:52.408 16648 16671 E FrameEvents: updateAcquireFence: Did not find frame.
07-17 12:02:52.425 16648 16671 E FrameEvents: updateAcquireFence: Did not find frame.
07-17 12:02:52.442 16648 16671 E FrameEvents: updateAcquireFence: Did not find frame.
07-17 12:02:52.458 16648 16671 E FrameEvents: updateAcquireFence: Did not find frame.
07-17 12:02:52.475 16648 16671 E FrameEvents: updateAcquireFence: Did not find frame.
07-17 12:02:52.490 16648 16671 E FrameEvents: updateAcquireFence: Did not find frame.
07-17 12:02:52.508 16648 16671 E FrameEvents: updateAcquireFence: Did not find frame.
07-17 12:02:52.524 16648 16671 E FrameEvents: updateAcquireFence: Did not find frame.
07-17 12:02:52.541 16648 16671 E FrameEvents: updateAcquireFence: Did not find frame.
07-17 12:02:52.559 16648 16671 E FrameEvents: updateAcquireFence: Did not find frame.
07-17 12:02:52.574 16648 16671 E FrameEvents: updateAcquireFence: Did not find frame.
07-17 12:02:52.591 16648 16671 E FrameEvents: updateAcquireFence: Did not find frame.
07-17 12:02:52.609 16648 16671 E FrameEvents: updateAcquireFence: Did not find frame.
07-17 12:02:52.625 16648 16671 E FrameEvents: updateAcquireFence: Did not find frame.
07-17 12:02:52.641 16648 16671 E FrameEvents: updateAcquireFence: Did not find frame.
07-17 12:02:52.657 16648 16671 E FrameEvents: updateAcquireFence: Did not find frame.
07-17 12:02:52.674 16648 16671 E FrameEvents: updateAcquireFence: Did not find frame.
07-17 12:02:52.692 16648 16671 E FrameEvents: updateAcquireFence: Did not find frame.
07-17 12:02:52.707 16648 16671 E FrameEvents: updateAcquireFence: Did not find frame.
07-17 12:02:52.726 16648 16671 E FrameEvents: updateAcquireFence: Did not find frame.
07-17 12:02:52.741 16648 16671 E FrameEvents: updateAcquireFence: Did not find frame.
07-17 12:02:52.775 16648 16671 E FrameEvents: updateAcquireFence: Did not find frame.
07-17 12:02:52.791 16648 16671 E FrameEvents: updateAcquireFence: Did not find frame.
07-17 12:02:52.808 16648 16671 E FrameEvents: updateAcquireFence: Did not find frame.
07-17 12:02:52.824 16648 16671 E FrameEvents: updateAcquireFence: Did not find frame.
07-17 12:02:52.840 16648 16671 E FrameEvents: updateAcquireFence: Did not find frame.
07-17 12:02:52.858 16648 16671 E FrameEvents: updateAcquireFence: Did not find frame.
07-17 12:02:52.875 16648 16671 E FrameEvents: updateAcquireFence: Did not find frame.
07-17 12:02:52.907 16648 16671 E FrameEvents: updateAcquireFence: Did not find frame.
07-17 12:02:52.941 16648 16671 E FrameEvents: updateAcquireFence: Did not find frame.
07-17 12:02:52.976 16648 16671 E FrameEvents: updateAcquireFence: Did not find frame.
07-17 12:02:52.992 16648 16671 E FrameEvents: updateAcquireFence: Did not find frame.
07-17 12:02:53.025 16648 16671 E FrameEvents: updateAcquireFence: Did not find frame.
07-17 12:02:53.057 16648 16671 E FrameEvents: updateAcquireFence: Did not find frame.
07-17 12:02:53.074 16648 16671 E FrameEvents: updateAcquireFence: Did not find frame.
07-17 12:02:53.108 16648 16671 E FrameEvents: updateAcquireFence: Did not find frame.
07-17 12:02:53.124 16648 16671 E FrameEvents: updateAcquireFence: Did not find frame.
07-17 12:02:53.157 16648 16671 E FrameEvents: updateAcquireFence: Did not find frame.
07-17 12:02:53.174 16648 16671 E FrameEvents: updateAcquireFence: Did not find frame.
07-17 12:02:53.177 16648 16671 D EGL_emulation: app_time_stats: avg=10.99ms min=3.78ms max=21.66ms count=61
07-17 12:02:53.208 16648 16671 E FrameEvents: updateAcquireFence: Did not find frame.
07-17 12:02:53.208 16648 16671 D EGL_emulation: app_time_stats: avg=19.37ms min=11.33ms max=34.74ms count=53
07-17 12:02:53.224 16648 16671 E FrameEvents: updateAcquireFence: Did not find frame.
07-17 12:02:53.275 16648 16671 E FrameEvents: updateAcquireFence: Did not find frame.
07-17 12:02:53.291 16648 16671 E FrameEvents: updateAcquireFence: Did not find frame.
07-17 12:02:53.341 16648 16671 E FrameEvents: updateAcquireFence: Did not find frame.
07-17 12:02:53.396 16356 16762 D ProfileInstaller: Installing profile for com.google.android.gsf
07-17 12:02:53.408 16648 16671 E FrameEvents: updateAcquireFence: Did not find frame.
07-17 12:02:53.423 16648 16671 E FrameEvents: updateAcquireFence: Did not find frame.
07-17 12:02:53.491 16648 16671 E FrameEvents: updateAcquireFence: Did not find frame.
07-17 12:02:53.574 16648 16671 E FrameEvents: updateAcquireFence: Did not find frame.
07-17 12:02:53.592 16648 16671 E FrameEvents: updateAcquireFence: Did not find frame.
07-17 12:02:53.676 16648 16671 E FrameEvents: updateAcquireFence: Did not find frame.
07-17 12:02:53.692 16648 16671 E FrameEvents: updateAcquireFence: Did not find frame.
07-17 12:02:53.712   843   843 D StatusBarIconController: ignoring old pipeline callbacks, because the new mobile icons are enabled
07-17 12:02:53.791 16648 16671 E FrameEvents: updateAcquireFence: Did not find frame.
07-17 12:02:53.808 16648 16671 E FrameEvents: updateAcquireFence: Did not find frame.
07-17 12:02:53.942 16648 16671 E FrameEvents: updateAcquireFence: Did not find frame.
07-17 12:02:53.974 16648 16671 E FrameEvents: updateAcquireFence: Did not find frame.
07-17 12:02:54.100 16514 16763 D ProfileInstaller: Installing profile for com.yuuta.androidbenchmark
07-17 12:02:54.157 16648 16671 E FrameEvents: updateAcquireFence: Did not find frame.
07-17 12:02:54.195 16648 16671 D EGL_emulation: app_time_stats: avg=5.90ms min=3.24ms max=12.67ms count=61
07-17 12:02:54.207 16648 16671 E FrameEvents: updateAcquireFence: Did not find frame.
07-17 12:02:54.834  7907  7907 I cr_OfflineIndicator: Reported by system: [ Transports: WIFI Capabilities: NOT_METERED&INTERNET&NOT_RESTRICTED&TRUSTED&NOT_VPN&NOT_ROAMING&FOREGROUND&NOT_CONGESTED&NOT_SUSPENDED&NOT_VCN_MANAGED LinkUpBandwidth>=12000Kbps LinkDnBandwidth>=30000Kbps TransportInfo: <SSID: <unknown ssid>, BSSID: 02:00:00:00:00:00, MAC: 02:00:00:00:00:00, IP: /10.0.2.16, Security type: 0, Supplicant state: COMPLETED, Wi-Fi standard: 1, RSSI: -50, Link speed: 2Mbps, Tx Link speed: 2Mbps, Max Supported Tx Link speed: 11Mbps, Rx Link speed: 2Mbps, Max Supported Rx Link speed: 11Mbps, Frequency: 2447MHz, Net ID: -1, Metered hint: false, score: 60, isUsable: true, CarrierMerged: false, SubscriptionId: -1, IsPrimary: -1, Trusted: true, Restricted: false, Ephemeral: false, OEM paid: false, OEM private: false, OSU AP: false, FQDN: <none>, Provider friendly name: <none>, Requesting package name: <none><none>MLO Information: , Is TID-To-Link negotiation supported by the AP: false, AP MLD Address: <none>, AP MLO Link Id: <none>, AP MLO Affiliated links: <none>> SignalStrength: -50 UnderlyingNetworks: Null]
07-17 12:02:54.834  7907  7907 I cr_OfflineIndicator: Reported by system: [ Transports: CELLULAR Capabilities: MMS&SUPL&DUN&FOTA&IMS&CBS&INTERNET&NOT_RESTRICTED&TRUSTED&NOT_VPN&NOT_ROAMING&NOT_CONGESTED&NOT_SUSPENDED&NOT_VCN_MANAGED&MMTEL LinkUpBandwidth>=1800Kbps LinkDnBandwidth>=4300Kbps Specifier: <TelephonyNetworkSpecifier [mSubId = 1]> UnderlyingNetworks: Null]
07-17 12:02:54.834  7907  7907 I cr_OfflineIndicator: setConnectionState connectionState=2
07-17 12:02:54.834  7907  7907 I cr_OfflineIndicator: processConnectivityCheckResult mConnectionState=2 mConnectivityCheckingStage=1
07-17 12:02:54.834  7907  7907 I cr_OfflineIndicator: scheduleNextConnectivityCheck
07-17 12:02:54.834  7907  7907 I cr_OfflineIndicator: Retry after 5000ms
07-17 12:02:55.603 16648 16764 D ProfileInstaller: Skipping profile installation for com.yuuta.zardAppNeo
07-17 12:02:57.429  1363 16171 W gclk    : [{0}] Failed to resolve name. status={1}
07-17 12:02:57.776 16268 16344 W Finsky  : [93] abdl.a(81): PreloadClasses: Unable to load [androidx.compose.runtime.ActualAndroid_androidKt$DefaultMonotonicFrameClock$2, androidx.compose.runtime.SnapshotThreadLocal, androidx.compose.ui.platform.AndroidCompositionLocals_androidKt$LocalLifecycleOwner$1, androidx.compose.foundation.gestures.ScrollDraggableState, androidx.compose.foundation.gestures.DraggableKt$draggable$5, androidx.compose.ui.text.intl.AndroidLocale, androidx.compose.foundation.gestures.DraggableKt$awaitDownAndSlop$1]
07-17 12:02:57.780 16268 16364 I Finsky  : [102] pet.a(871): System was updated or GL extensions were already cached.
07-17 12:02:57.790 16268 16464 I Finsky  : [127] zoe.h(12): Triggered update for experiment package com.google.android.finsky.stable.
07-17 12:02:57.816 16268 16344 I Finsky  : [93] bn.run(493): Initializing the instant apps module.
07-17 12:02:57.836 16268 16464 I Finsky  : [127] zoe.h(67): Already at the latest configurations for experiment package com.google.android.finsky.stable.
07-17 12:02:57.836 16268 16464 I Finsky  : [127] zoe.h(12): Triggered update for experiment package com.google.android.finsky.regular.
07-17 12:02:57.856 16268 16464 I Finsky  : [127] zoe.h(67): Already at the latest configurations for experiment package com.google.android.finsky.regular.
07-17 12:02:57.975 16268 16344 I Finsky  : [93] lrt.run(634): Component class com.google.android.finsky.wearsupport.WearSupportService disabled via PackageManager.
07-17 12:02:57.976 16268 16344 I Finsky  : [93] lrt.run(634): Component class com.google.android.finsky.wearsupport.WearChangeListenerService disabled via PackageManager.
07-17 12:02:57.987 16268 16441 I Finsky  : [122] pob.accept(82): Wrote row to frosting DB: 816
07-17 12:02:58.207 16268 16268 I Finsky  : [2] adnx.run(171): Detected restoreservicev2://recovery not needed, will not run
07-17 12:02:58.219 16268 16772 I Finsky  : [150] ashi.e(7): registerListener
07-17 12:02:58.219 16268 16772 I Finsky  : [150] awas.K(6): getDownloads()
07-17 12:02:58.220 16268 16772 I Finsky  : [150] rd.run(45): Initialized AssetModuleDownloader.
07-17 12:02:58.221 16287 16477 I Finsky:background: [85] poc.j(6): DS: getDownloads()
07-17 12:02:59.330   843   843 D StatusBarIconController: ignoring old pipeline callback because the new wifi icon is enabled
07-17 12:02:59.838  7907  7907 I cr_OfflineIndicator: Reported by system: [ Transports: WIFI Capabilities: NOT_METERED&INTERNET&NOT_RESTRICTED&TRUSTED&NOT_VPN&NOT_ROAMING&FOREGROUND&NOT_CONGESTED&NOT_SUSPENDED&NOT_VCN_MANAGED LinkUpBandwidth>=12000Kbps LinkDnBandwidth>=30000Kbps TransportInfo: <SSID: <unknown ssid>, BSSID: 02:00:00:00:00:00, MAC: 02:00:00:00:00:00, IP: /10.0.2.16, Security type: 0, Supplicant state: COMPLETED, Wi-Fi standard: 1, RSSI: -50, Link speed: 2Mbps, Tx Link speed: 2Mbps, Max Supported Tx Link speed: 11Mbps, Rx Link speed: 2Mbps, Max Supported Rx Link speed: 11Mbps, Frequency: 2447MHz, Net ID: -1, Metered hint: false, score: 60, isUsable: true, CarrierMerged: false, SubscriptionId: -1, IsPrimary: -1, Trusted: true, Restricted: false, Ephemeral: false, OEM paid: false, OEM private: false, OSU AP: false, FQDN: <none>, Provider friendly name: <none>, Requesting package name: <none><none>MLO Information: , Is TID-To-Link negotiation supported by the AP: false, AP MLD Address: <none>, AP MLO Link Id: <none>, AP MLO Affiliated links: <none>> SignalStrength: -50 UnderlyingNetworks: Null]
07-17 12:02:59.838  7907  7907 I cr_OfflineIndicator: Reported by system: [ Transports: CELLULAR Capabilities: MMS&SUPL&DUN&FOTA&IMS&CBS&INTERNET&NOT_RESTRICTED&TRUSTED&NOT_VPN&NOT_ROAMING&NOT_CONGESTED&NOT_SUSPENDED&NOT_VCN_MANAGED&MMTEL LinkUpBandwidth>=1800Kbps LinkDnBandwidth>=4300Kbps Specifier: <TelephonyNetworkSpecifier [mSubId = 1]> UnderlyingNetworks: Null]
07-17 12:02:59.838  7907  7907 I cr_OfflineIndicator: setConnectionState connectionState=2
07-17 12:02:59.838  7907  7907 I cr_OfflineIndicator: processConnectivityCheckResult mConnectionState=2 mConnectivityCheckingStage=1
07-17 12:02:59.838  7907  7907 I cr_OfflineIndicator: scheduleNextConnectivityCheck
07-17 12:02:59.838  7907  7907 I cr_OfflineIndicator: Retry after 5000ms
07-17 12:03:00.010  1670  1904 I AiAiEcho: Predicting[0]:
07-17 12:03:00.010  1670  1904 I AiAiEcho: EchoTargets:
07-17 12:03:00.010  1670  1904 I AiAiEcho: Filtered by AiAi flag check:
07-17 12:03:00.010  1670  1904 I AiAiEcho: Ranked targets strategy: SORT, count: 0, ranking metadata:
07-17 12:03:00.013  1670  1904 I AiAiEcho: #postPredictionTargets: Sending updates to UISurface lockscreen with targets# 0 (types=[])
07-17 12:03:00.026   843   843 W PageIndicator: Total number of pages invalid: 0. Assuming 1 page.
07-17 12:03:00.029   843   989 D EGL_emulation: app_time_stats: avg=498.91ms min=1.66ms max=8609.07ms count=19
07-17 12:03:02.207 16514 16532 D Benchmark: Profile Installer - Save Profile
07-17 12:03:02.224   574   821 I ActivityManager: Broadcasting: Intent { act=androidx.profileinstaller.action.SAVE_PROFILE flg=0x400000 cmp=com.yuuta.zardAppNeo/androidx.profileinstaller.ProfileInstallReceiver }
07-17 12:03:02.226 16648 16648 I Process : Sending signal. PID: 16648 SIG: 10
07-17 12:03:02.226 16648 16648 D ProfileInstaller:
07-17 12:03:02.227   574   597 I ActivityManager: Broadcast completed: result=12
07-17 12:03:02.229 16648 16655 I uuta.zardAppNeo: Thread[6,tid=16655,WaitingInMainSignalCatcherLoop,Thread*=0xb400007e10a1a6f0,peer=0x13e40628,"Signal Catcher"]: reacting to signal 10
07-17 12:03:02.229 16648 16655 I uuta.zardAppNeo:
07-17 12:03:02.229 16648 16655 I uuta.zardAppNeo: SIGUSR1 forcing GC (no HPROF) and profile save
07-17 12:03:02.236 16648 16655 I uuta.zardAppNeo: Explicit concurrent copying GC freed 50237(2033KB) AllocSpace objects, 0(0B) LOS objects, 49% free, 5357KB/10MB, paused 12us,4us total 7.279ms
07-17 12:03:02.333   843   843 D StatusBarIconController: ignoring old pipeline callback because the new wifi icon is enabled
07-17 12:03:02.736 16514 16532 D Benchmark: Killing process com.yuuta.zardAppNeo
07-17 12:03:02.769   574  2439 I ImeTracker: com.yuuta.zardAppNeo:ecd9a838: onRequestHide at ORIGIN_SERVER_HIDE_INPUT reason HIDE_REMOVE_CLIENT
07-17 12:03:02.769   574  2439 I ImeTracker: com.yuuta.zardAppNeo:ecd9a838: onCancelled at PHASE_SERVER_SHOULD_HIDE
07-17 12:03:02.771   348   348 I Zygote  : Process 16648 exited due to signal 9 (Killed)
07-17 12:03:02.772   574  1788 W InputManager-JNI: Input channel object 'd06536a com.yuuta.zardAppNeo/com.yuuta.zardAppNeo.MainActivity_Light (client)' was disposed without first being removed with the input manager!
07-17 12:03:02.781  1171  1973 E OpenGLRenderer: Unable to match the desired swap behavior.
07-17 12:03:02.786  1928  2718 E OpenGLRenderer: Unable to match the desired swap behavior.
07-17 12:03:02.787   413   413 I BpBinder: onLastStrongRef automatically unlinking death recipients:
07-17 12:03:02.790  1030  1030 D CarrierSvcBindHelper: onHandleForceStop: [com.yuuta.zardAppNeo]
07-17 12:03:02.797  1030  1030 D CarrierSvcBindHelper: No carrier app for: 0
07-17 12:03:02.808   574  1760 W AppSearchIcing: icing-search-engine.cc:283: Error: 5, Message: Document (com.google.android.googlequicksearchbox$OneSearchZeroStateGoogleSuggestions/default, zp) not found.
07-17 12:03:02.809  1171  2272 E OneSearchSuggestProvider: Failed to fetch suggestions from AppSearch, fallback to AGA
07-17 12:03:02.809  1171  2272 E OneSearchSuggestProvider: java.util.concurrent.CompletionException: java.util.NoSuchElementException: No value present
07-17 12:03:02.809  1171  2272 E OneSearchSuggestProvider: 	at java.util.concurrent.CompletableFuture.encodeThrowable(CompletableFuture.java:308)
07-17 12:03:02.809  1171  2272 E OneSearchSuggestProvider: 	at java.util.concurrent.CompletableFuture.completeThrowable(CompletableFuture.java:323)
07-17 12:03:02.809  1171  2272 E OneSearchSuggestProvider: 	at java.util.concurrent.CompletableFuture$UniAccept.tryFire(CompletableFuture.java:684)
07-17 12:03:02.809  1171  2272 E OneSearchSuggestProvider: 	at java.util.concurrent.CompletableFuture.postComplete(CompletableFuture.java:486)
07-17 12:03:02.809  1171  2272 E OneSearchSuggestProvider: 	at java.util.concurrent.CompletableFuture.completeExceptionally(CompletableFuture.java:2138)
07-17 12:03:02.809  1171  2272 E OneSearchSuggestProvider: 	at com.google.android.apps.nexuslauncher.allapps.H0.onResult(Unknown Source:59)
07-17 12:03:02.809  1171  2272 E OneSearchSuggestProvider: 	at android.app.appsearch.SearchSessionUtil$1.lambda$onResult$0(SearchSessionUtil.java:129)
07-17 12:03:02.809  1171  2272 E OneSearchSuggestProvider: 	at android.app.appsearch.SearchSessionUtil$1.$r8$lambda$_nlk9WiPjSfaAsqKYmp0aPvSRC0(SearchSessionUtil.java:1)
07-17 12:03:02.809  1171  2272 E OneSearchSuggestProvider: 	at android.app.appsearch.SearchSessionUtil$1$$ExternalSyntheticLambda0.run(R8$$SyntheticClass:13)
07-17 12:03:02.809  1171  2272 E OneSearchSuggestProvider: 	at android.os.Handler.handleCallback(Handler.java:958)
07-17 12:03:02.809  1171  2272 E OneSearchSuggestProvider: 	at android.os.Handler.dispatchMessage(Handler.java:99)
07-17 12:03:02.809  1171  2272 E OneSearchSuggestProvider: 	at android.os.Looper.loopOnce(Looper.java:205)
07-17 12:03:02.809  1171  2272 E OneSearchSuggestProvider: 	at android.os.Looper.loop(Looper.java:294)
07-17 12:03:02.809  1171  2272 E OneSearchSuggestProvider: 	at android.os.HandlerThread.run(HandlerThread.java:67)
07-17 12:03:02.809  1171  2272 E OneSearchSuggestProvider: Caused by: java.util.NoSuchElementException: No value present
07-17 12:03:02.809  1171  2272 E OneSearchSuggestProvider: 	at java.util.Optional.get(Optional.java:144)
07-17 12:03:02.809  1171  2272 E OneSearchSuggestProvider: 	at com.google.android.apps.nexuslauncher.allapps.H0.onResult(Unknown Source:16)
07-17 12:03:02.809  1171  2272 E OneSearchSuggestProvider: 	... 8 more
07-17 12:03:02.809  1171  1200 D QuickstepModelDelegate: notifyAppTargetEvent action=1 launchLocation=workspace/0/[-1,-1]/[1,1]
07-17 12:03:02.812  1171  2272 D OneSearchSuggestProvider: Created the binder channel successfully for end point service =com.google.android.apps.search.googleapp.search.suggest.plugins.onesearch.server.OneSearchSuggestService , mChannel=z1{delegate=s1{logId=255, target=directaddress:///AndroidComponentAddress%5BIntent%20%7B%20act=grpc.io.action.BIND%20cmp=com.google.android.googlequicksearchbox/com.google.android.apps.search.googleapp.search.suggest.plugins.onesearch.server.OneSearchSuggestService%20%7D%5D}} , mOneSearchConnection=X1.T@7965bd6
07-17 12:03:02.816  1670  1904 I AiAiEcho: Predicting[0]:
07-17 12:03:02.816  1670  1904 I AiAiEcho: EchoTargets:
07-17 12:03:02.816  1670  1904 I AiAiEcho: Filtered by AiAi flag check:
07-17 12:03:02.816  1670  1904 I AiAiEcho: Ranked targets strategy: SORT, count: 0, ranking metadata:
07-17 12:03:02.817  1670  1904 I AiAiEcho: #postPredictionTargets: Sending updates to UISurface home with targets# 0 (types=[])
07-17 12:03:02.818  1928  1928 I A       : onStart
07-17 12:03:02.819  1648  9992 W MediaProvider: isAppCloneUserPair for user 0: false
07-17 12:03:02.839   574  1167 I ImeTracker: com.google.android.apps.nexuslauncher:19991604: onRequestHide at ORIGIN_SERVER_HIDE_INPUT reason HIDE_UNSPECIFIED_WINDOW
07-17 12:03:02.839   574  1167 I ImeTracker: com.google.android.apps.nexuslauncher:19991604: onCancelled at PHASE_SERVER_SHOULD_HIDE
07-17 12:03:02.840  1522  1522 I GoogleInputMethodService: GoogleInputMethodService.onFinishInput():3157
07-17 12:03:02.841  1522  1522 I GoogleInputMethodService: GoogleInputMethodService.updateDeviceLockedStatus():2248 repeatCheckTimes = 0, locked = false
07-17 12:03:02.841  1522  1522 I GoogleInputMethodService: GoogleInputMethodService.onStartInput():1986 onStartInput(EditorInfo{EditorInfo{packageName=com.google.android.apps.nexuslauncher, inputType=0, inputTypeString=NULL, enableLearning=false, autoCorrection=false, autoComplete=false, imeOptions=0, privateImeOptions=null, actionName=UNSPECIFIED, actionLabel=null, initialSelStart=-1, initialSelEnd=-1, initialCapsMode=0, label=null, fieldId=0, fieldName=null, extras=null, hintText=null, hintLocales=[]}}, false)
07-17 12:03:02.841  1522  1522 I GoogleInputMethodService: GoogleInputMethodService.updateDeviceLockedStatus():2248 repeatCheckTimes = 1, locked = false
07-17 12:03:02.841  1522  1522 I AndroidIME: InputBundleManager.loadActiveInputBundleId():450 loadActiveInputBundleId: und-Latn-x-password, password
07-17 12:03:02.859  1363 13054 I NetworkScheduler.Stats: (REDACTED) Task %s/%s started execution. cause:%s exec_start_elapsed_seconds: %s
07-17 12:03:02.862 16589 16589 I artd    : Running profman: /apex/com.android.art/bin/art_exec --drop-capabilities --keep-fds=6:7:8 -- /apex/com.android.art/bin/profman --profile-file-fd=6 --reference-profile-file-fd=7 --apk-fd=8
07-17 12:03:02.862 16589 16589 I artd    : Opened FDs: 6:/data/misc/profiles/cur/0/com.yuuta.zardAppNeo/primary.prof 7:/data/misc/profiles/ref/com.yuuta.zardAppNeo/primary.prof.eKXbnc.tmp 8:/data/app/~~2gKa5mVS5FbOpCUskHaI9g==/com.yuuta.zardAppNeo-7qz_4VI4cH-P-i08jQmkKQ==/base.apk
07-17 12:03:02.864  1363 13712 I NetworkScheduler.Stats: (REDACTED) Task %s/%s finished executing. cause:%s result: %s elapsed_millis: %s uptime_millis: %s exec_start_elapsed_seconds: %s
07-17 12:03:02.872  1928  1928 I A       : onResume
07-17 12:03:02.892 16589 16589 I artd    : profman returned code 1
07-17 12:03:02.897 16589 16589 I artd    : Running dex2oat: /apex/com.android.art/bin/art_exec --drop-capabilities --set-task-profile=Dex2OatBootComplete --set-priority=background --keep-fds=6:7:8:9:10:11:12:13:14 -- /apex/com.android.art/bin/dex2oat64 --zip-fd=6 --zip-location=/data/app/~~2gKa5mVS5FbOpCUskHaI9g==/com.yuuta.zardAppNeo-7qz_4VI4cH-P-i08jQmkKQ==/base.apk --oat-fd=7 --oat-location=/data/app/~~2gKa5mVS5FbOpCUskHaI9g==/com.yuuta.zardAppNeo-7qz_4VI4cH-P-i08jQmkKQ==/oat/arm64/base.odex --output-vdex-fd=8 --app-image-fd=9 --image-format=lz4 --swap-fd=10 --class-loader-context-fds=11:12 --class-loader-context=PCL[]{PCL[/system_ext/framework/androidx.window.extensions.jar]#PCL[/system_ext/framework/androidx.window.sidecar.jar]} --classpath-dir=/data/app/~~2gKa5mVS5FbOpCUskHaI9g==/com.yuuta.zardAppNeo-7qz_4VI4cH-P-i08jQmkKQ== --input-vdex-fd=13 --profile-file-fd=14 --instruction-set=arm64 --instruction-set-features=default --instruction-set-variant=generic --compiler-filter=speed-profile --compilation-reason=cmdline --compact-dex-level=none --max-image-block-size=524288 --resolve-startup-const-strings=true --generate-mini-debug-info --runtime-arg -Xtarget-sdk-version:34 --runtime-arg -Xhidden-api-policy:enabled --runtime-arg -Xms64m --runtime-arg -Xmx512m --comments=app-version-name:1.0,app-version-code:1,art-version:340818022
07-17 12:03:02.897 16589 16589 I artd    : Opened FDs: 6:/data/app/~~2gKa5mVS5FbOpCUskHaI9g==/com.yuuta.zardAppNeo-7qz_4VI4cH-P-i08jQmkKQ==/base.apk 7:/data/app/~~2gKa5mVS5FbOpCUskHaI9g==/com.yuuta.zardAppNeo-7qz_4VI4cH-P-i08jQmkKQ==/oat/arm64/base.odex.NrHRLc.tmp 8:/data/app/~~2gKa5mVS5FbOpCUskHaI9g==/com.yuuta.zardAppNeo-7qz_4VI4cH-P-i08jQmkKQ==/oat/arm64/base.vdex.PqkrWp.tmp 9:/data/app/~~2gKa5mVS5FbOpCUskHaI9g==/com.yuuta.zardAppNeo-7qz_4VI4cH-P-i08jQmkKQ==/oat/arm64/base.art.BL0ZiM.tmp 10:/data/app/~~2gKa5mVS5FbOpCUskHaI9g==/com.yuuta.zardAppNeo-7qz_4VI4cH-P-i08jQmkKQ==/oat/arm64/base.odex.swap.Z1AFDL.tmp 11:/system_ext/framework/androidx.window.sidecar.jar 12:/system_ext/framework/androidx.window.extensions.jar 13:/data/app/~~2gKa5mVS5FbOpCUskHaI9g==/com.yuuta.zardAppNeo-7qz_4VI4cH-P-i08jQmkKQ==/oat/arm64/base.vdex 14:/data/misc/profiles/ref/com.yuuta.zardAppNeo/primary.prof.eKXbnc.tmp
07-17 12:03:02.905  1928  1928 I A       : (REDACTED) Created gRPC endpoint for service %s
07-17 12:03:02.919  1171  1171 D SearchTargetUtil:  query= size=0
07-17 12:03:02.922  1928  1928 E A       : LocalSubscriptionMixinUpdater silently ignored NullPointerException
07-17 12:03:02.922  1928  1928 E A       : java.lang.NullPointerException: Null data
07-17 12:03:02.922  1928  1928 E A       : 	at com.google.apps.tiktok.g.c.ap.<init>(PG:2)
07-17 12:03:02.922  1928  1928 E A       : 	at com.google.apps.tiktok.g.c.an.a(PG:32)
07-17 12:03:02.922  1928  1928 E A       : 	at com.google.apps.tiktok.g.c.ab.apply(PG:11)
07-17 12:03:02.922  1928  1928 E A       : 	at com.google.apps.tiktok.tracing.fh.apply(PG:13)
07-17 12:03:02.922  1928  1928 E A       : 	at com.google.common.util.concurrent.b.e(PG:3)
07-17 12:03:02.922  1928  1928 E A       : 	at com.google.common.util.concurrent.c.run(PG:130)
07-17 12:03:02.922  1928  1928 E A       : 	at com.google.apps.tiktok.concurrent.ar.run(PG:71)
07-17 12:03:02.922  1928  1928 E A       : 	at com.google.apps.tiktok.tracing.fj.run(PG:24)
07-17 12:03:02.922  1928  1928 E A       : 	at java.util.concurrent.Executors$RunnableAdapter.call(Executors.java:487)
07-17 12:03:02.922  1928  1928 E A       : 	at com.google.common.util.concurrent.du.a(PG:3)
07-17 12:03:02.922  1928  1928 E A       : 	at com.google.common.util.concurrent.cv.run(PG:19)
07-17 12:03:02.922  1928  1928 E A       : 	at com.google.common.util.concurrent.dv.run(PG:5)
07-17 12:03:02.922  1928  1928 E A       : 	at android.os.Handler.handleCallback(Handler.java:958)
07-17 12:03:02.922  1928  1928 E A       : 	at android.os.Handler.dispatchMessage(Handler.java:99)
07-17 12:03:02.922  1928  1928 E A       : 	at android.os.Looper.loopOnce(Looper.java:205)
07-17 12:03:02.922  1928  1928 E A       : 	at android.os.Looper.loop(Looper.java:294)
07-17 12:03:02.922  1928  1928 E A       : 	at android.app.ActivityThread.main(ActivityThread.java:8177)
07-17 12:03:02.922  1928  1928 E A       : 	at java.lang.reflect.Method.invoke(Native Method)
07-17 12:03:02.922  1928  1928 E A       : 	at com.android.internal.os.RuntimeInit$MethodAndArgsCaller.run(RuntimeInit.java:552)
07-17 12:03:02.922  1928  1928 E A       : 	at com.android.internal.os.ZygoteInit.main(ZygoteInit.java:971)
07-17 12:03:02.940 16799 16799 W dex2oat64: Mismatch between dex2oat instruction set features to use (ISA: Arm64 Feature string: a53,crc,-lse,-fp16,-dotprod,-sve) and those from CPP defines (ISA: Arm64 Feature string: -a53,-crc,-lse,-fp16,-dotprod,-sve) for the command line:
07-17 12:03:02.940 16799 16799 W dex2oat64: /apex/com.android.art/bin/dex2oat64 --zip-fd=6 --zip-location=/data/app/~~2gKa5mVS5FbOpCUskHaI9g==/com.yuuta.zardAppNeo-7qz_4VI4cH-P-i08jQmkKQ==/base.apk --oat-fd=7 --oat-location=/data/app/~~2gKa5mVS5FbOpCUskHaI9g==/com.yuuta.zardAppNeo-7qz_4VI4cH-P-i08jQmkKQ==/oat/arm64/base.odex --output-vdex-fd=8 --app-image-fd=9 --image-format=lz4 --swap-fd=10 --class-loader-context-fds=11:12 --class-loader-context=PCL[]{PCL[/system_ext/framework/androidx.window.extensions.jar]#PCL[/system_ext/framework/androidx.window.sidecar.jar]} --classpath-dir=/data/app/~~2gKa5mVS5FbOpCUskHaI9g==/com.yuuta.zardAppNeo-7qz_4VI4cH-P-i08jQmkKQ== --input-vdex-fd=13 --profile-file-fd=14 --instruction-set=arm64 --instruction-set-features=default --instruction-set-variant=generic --compiler-filter=speed-profile --compilation-reason=cmdline --compact-dex-level=none --max-image-block-size=524288 --resolve-startup-const-strings=true --generate-mini-debug-info --runtime-arg -Xtarget-sdk-version:34 --runtime-arg -Xhidden-api-policy:enabled --runtime-arg -Xms64m --runtime-arg -Xmx512m --comments=app-version-name:1.0,app-version-code:1,art-version:340818022
07-17 12:03:02.941 16799 16799 I dex2oat64: /apex/com.android.art/bin/dex2oat64 --output-vdex-fd=8 --class-loader-context-fds=11:12 --class-loader-context=PCL[]{PCL[/system_ext/framework/androidx.window.extensions.jar]#PCL[/system_ext/framework/androidx.window.sidecar.jar]} --classpath-dir=/data/app/~~2gKa5mVS5FbOpCUskHaI9g==/com.yuuta.zardAppNeo-7qz_4VI4cH-P-i08jQmkKQ== --input-vdex-fd=13 --profile-file-fd=14 --compiler-filter=speed-profile --compilation-reason=cmdline --compact-dex-level=none --max-image-block-size=524288 --resolve-startup-const-strings=true --generate-mini-debug-info --comments=app-version-name:1.0,app-version-code:1,art-version:340818022
07-17 12:03:02.946 16799 16799 I dex2oat64: Using CollectorTypeCC GC.
07-17 12:03:03.073   574  2821 I Process : Sending signal. PID: 16648 SIG: 9
07-17 12:03:03.089  2000  2000 D BoundBrokerSvc: onUnbind: Intent { act=com.google.android.gms.safetynet.service.START pkg=com.google.android.gms }
07-17 12:03:03.103   413   413 E BpTransactionCompletedListener: Failed to transact (-32)
07-17 12:03:03.114   843   989 D EGL_emulation: app_time_stats: avg=264.54ms min=3.22ms max=10676.39ms count=41
07-17 12:03:03.203  2000  2000 D BoundBrokerSvc: onUnbind: Intent { act=com.google.android.gms.feedback.internal.IFeedbackService dat=chimera-action:/... cmp=com.google.android.gms/.chimera.GmsBoundBrokerService }
07-17 12:03:03.282   574  2820 D WifiNl80211Manager: Scan result ready event
07-17 12:03:03.283   574  2820 D WifiNative: Scan result ready event
07-17 12:03:03.428 16799 16799 I dex2oat64: Explicit concurrent copying GC freed 8859(2975KB) AllocSpace objects, 0(0B) LOS objects, 61% free, 959KB/2495KB, paused 11us,8us total 4.675ms
07-17 12:03:03.494 16799 16799 I dex2oat64: dex2oat took 556.057ms (1.379s cpu) (threads: 4) arena alloc=11MB (11550296B) java alloc=959KB (983000B) native alloc=14MB (14908896B) free=4026KB (4123472B)
07-17 12:03:03.498 16589 16589 I artd    : dex2oat returned code 0
07-17 12:03:03.499   574  1788 I ArtService: Dexopt result: [packageName = com.yuuta.zardAppNeo] DexContainerFileDexoptResult{dexContainerFile=/data/app/~~2gKa5mVS5FbOpCUskHaI9g==/com.yuuta.zardAppNeo-7qz_4VI4cH-P-i08jQmkKQ==/base.apk, primaryAbi=true, abi=arm64-v8a, actualCompilerFilter=speed-profile, status=PERFORMED, dex2oatWallTimeMillis=610, dex2oatCpuTimeMillis=1380, sizeBytes=9071568, sizeBeforeBytes=3324920}
07-17 12:03:03.514  1648  9992 I MediaProvider: Invalidating LocalCallingIdentity cache for package com.yuuta.androidbenchmark. Reason: owned_database_row_deleted:/storage/emulated/0/Android/media/com.yuuta.androidbenchmark/temporaryScript3151547416480681686.tmp
07-17 12:03:03.516  1648  9992 I MediaProvider: Deleted 1 0 0 0 0 0 0 items on external_primary due to com.android.shell
07-17 12:03:03.520  1648  2147 W MediaProvider: isAppCloneUserPair for user 0: false
07-17 12:03:03.543  1363 13712 I NetworkScheduler.Stats: (REDACTED) Task %s/%s started execution. cause:%s exec_start_elapsed_seconds: %s
07-17 12:03:03.546  1363 13054 I NetworkScheduler.Stats: (REDACTED) Task %s/%s finished executing. cause:%s result: %s elapsed_millis: %s uptime_millis: %s exec_start_elapsed_seconds: %s
07-17 12:03:03.547 16589 16589 I artd    : Running profman: /apex/com.android.art/bin/art_exec --drop-capabilities --keep-fds=6:7 -- /apex/com.android.art/bin/profman --reference-profile-file-fd=6 --apk-fd=7
07-17 12:03:03.547 16589 16589 I artd    : Opened FDs: 6:/data/misc/profiles/ref/com.yuuta.zardAppNeo/primary.prof 7:/data/app/~~2gKa5mVS5FbOpCUskHaI9g==/com.yuuta.zardAppNeo-7qz_4VI4cH-P-i08jQmkKQ==/base.apk
07-17 12:03:03.571 16589 16589 I artd    : profman returned code 2
07-17 12:03:03.573 16589 16589 I artd    : Running profman: /apex/com.android.art/bin/art_exec --drop-capabilities --keep-fds=6:7:8 -- /apex/com.android.art/bin/profman --profile-file-fd=6 --dump-output-to-fd=7 --apk-fd=8 --dump-classes-and-methods
07-17 12:03:03.573 16589 16589 I artd    : Opened FDs: 6:/data/misc/profiles/ref/com.yuuta.zardAppNeo/primary.prof 7:/data/misc/profiles/ref/com.yuuta.zardAppNeo/primary.prof.HlggQa.tmp 8:/data/app/~~2gKa5mVS5FbOpCUskHaI9g==/com.yuuta.zardAppNeo-7qz_4VI4cH-P-i08jQmkKQ==/base.apk
07-17 12:03:03.608 16589 16589 I artd    : profman returned code 0
07-17 12:03:03.622  1648  2147 I MediaProvider: Invalidating LocalCallingIdentity cache for package com.yuuta.androidbenchmark. Reason: owned_database_row_deleted:/storage/emulated/0/Android/media/com.yuuta.androidbenchmark/temporaryScript5049005405807804062.tmp
07-17 12:03:03.623  1648  2147 I MediaProvider: Deleted 1 0 0 0 0 0 0 items on external_primary due to com.android.shell
07-17 12:03:03.628  1648  2141 W MediaProvider: isAppCloneUserPair for user 0: false
07-17 12:03:03.637  1363 13053 I NetworkScheduler.Stats: (REDACTED) Task %s/%s started execution. cause:%s exec_start_elapsed_seconds: %s
07-17 12:03:03.640  1363 13054 I NetworkScheduler.Stats: (REDACTED) Task %s/%s finished executing. cause:%s result: %s elapsed_millis: %s uptime_millis: %s exec_start_elapsed_seconds: %s
07-17 12:03:03.647  1648 11217 W MediaProvider: isAppCloneUserPair for user 0: false
07-17 12:03:03.663  1363 13712 I NetworkScheduler.Stats: (REDACTED) Task %s/%s started execution. cause:%s exec_start_elapsed_seconds: %s
07-17 12:03:03.664  1363 12088 I NetworkScheduler.Stats: (REDACTED) Task %s/%s finished executing. cause:%s result: %s elapsed_millis: %s uptime_millis: %s exec_start_elapsed_seconds: %s
07-17 12:03:03.704   843   843 D StatusBarIconController: ignoring old pipeline callbacks, because the new mobile icons are enabled
07-17 12:03:03.738  1648 11002 I MediaProvider: Invalidating LocalCallingIdentity cache for package com.yuuta.androidbenchmark. Reason: owned_database_row_deleted:/storage/emulated/0/Android/media/com.yuuta.androidbenchmark/temporaryScript2946482208610008073.tmp
07-17 12:03:03.741  1648 11002 I MediaProvider: Deleted 1 0 0 0 0 0 0 items on external_primary due to com.android.shell
07-17 12:03:03.753  1363 13054 I NetworkScheduler.Stats: (REDACTED) Task %s/%s started execution. cause:%s exec_start_elapsed_seconds: %s
07-17 12:03:03.755  1363 13053 I NetworkScheduler.Stats: (REDACTED) Task %s/%s finished executing. cause:%s result: %s elapsed_millis: %s uptime_millis: %s exec_start_elapsed_seconds: %s
07-17 12:03:03.780  1648  9992 I MediaProvider: Deleted 0 0 0 0 0 0 0 items on external_primary due to com.yuuta.androidbenchmark
07-17 12:03:03.784  1648  1672 W FuseDaemon: Reducing the number of considered missed Gc histogram windows from 465 to 100
07-17 12:03:03.964 16514 16532 D Benchmark: Killing package com.yuuta.zardAppNeo
07-17 12:03:03.965 16514 16532 D Benchmark: Killing process com.yuuta.zardAppNeo
07-17 12:03:03.978  1030  1030 D CarrierSvcBindHelper: onHandleForceStop: [com.yuuta.zardAppNeo]
07-17 12:03:03.979  1030  1030 D CarrierSvcBindHelper: No carrier app for: 0
07-17 12:03:03.979 16514 16532 D Benchmark: Compile iteration (2) for com.yuuta.zardAppNeo
07-17 12:03:03.991   843   843 I vol.VolumeDialogImpl: mDialog.dismiss() reason: volume_controller from: com.android.systemui.volume.VolumeDialogImpl$7.onDismissRequested:3
07-17 12:03:03.991   843  1405 D KeyguardService: setOccluded(false)
07-17 12:03:03.993   843  1405 D KeyguardViewMediator: setOccluded(false)
07-17 12:03:03.993   843   843 D KeyguardViewMediator: handleSetOccluded(false)
07-17 12:03:03.994   574  1760 W AppSearchIcing: icing-search-engine.cc:283: Error: 5, Message: Document (com.google.android.googlequicksearchbox$OneSearchZeroStateGoogleSuggestions/default, zp) not found.
07-17 12:03:03.994  1171  2272 E OneSearchSuggestProvider: Failed to fetch suggestions from AppSearch, fallback to AGA
07-17 12:03:03.994  1171  2272 E OneSearchSuggestProvider: java.util.concurrent.CompletionException: java.util.NoSuchElementException: No value present
07-17 12:03:03.994  1171  2272 E OneSearchSuggestProvider: 	at java.util.concurrent.CompletableFuture.encodeThrowable(CompletableFuture.java:308)
07-17 12:03:03.994  1171  2272 E OneSearchSuggestProvider: 	at java.util.concurrent.CompletableFuture.completeThrowable(CompletableFuture.java:323)
07-17 12:03:03.994  1171  2272 E OneSearchSuggestProvider: 	at java.util.concurrent.CompletableFuture$UniAccept.tryFire(CompletableFuture.java:684)
07-17 12:03:03.994  1171  2272 E OneSearchSuggestProvider: 	at java.util.concurrent.CompletableFuture.postComplete(CompletableFuture.java:486)
07-17 12:03:03.994  1171  2272 E OneSearchSuggestProvider: 	at java.util.concurrent.CompletableFuture.completeExceptionally(CompletableFuture.java:2138)
07-17 12:03:03.994  1171  2272 E OneSearchSuggestProvider: 	at com.google.android.apps.nexuslauncher.allapps.H0.onResult(Unknown Source:59)
07-17 12:03:03.994  1171  2272 E OneSearchSuggestProvider: 	at android.app.appsearch.SearchSessionUtil$1.lambda$onResult$0(SearchSessionUtil.java:129)
07-17 12:03:03.994  1171  2272 E OneSearchSuggestProvider: 	at android.app.appsearch.SearchSessionUtil$1.$r8$lambda$_nlk9WiPjSfaAsqKYmp0aPvSRC0(SearchSessionUtil.java:1)
07-17 12:03:03.994  1171  2272 E OneSearchSuggestProvider: 	at android.app.appsearch.SearchSessionUtil$1$$ExternalSyntheticLambda0.run(R8$$SyntheticClass:13)
07-17 12:03:03.994  1171  2272 E OneSearchSuggestProvider: 	at android.os.Handler.handleCallback(Handler.java:958)
07-17 12:03:03.994  1171  2272 E OneSearchSuggestProvider: 	at android.os.Handler.dispatchMessage(Handler.java:99)
07-17 12:03:03.994  1171  2272 E OneSearchSuggestProvider: 	at android.os.Looper.loopOnce(Looper.java:205)
07-17 12:03:03.994  1171  2272 E OneSearchSuggestProvider: 	at android.os.Looper.loop(Looper.java:294)
07-17 12:03:03.994  1171  2272 E OneSearchSuggestProvider: 	at android.os.HandlerThread.run(HandlerThread.java:67)
07-17 12:03:03.994  1171  2272 E OneSearchSuggestProvider: Caused by: java.util.NoSuchElementException: No value present
07-17 12:03:03.994  1171  2272 E OneSearchSuggestProvider: 	at java.util.Optional.get(Optional.java:144)
07-17 12:03:03.994  1171  2272 E OneSearchSuggestProvider: 	at com.google.android.apps.nexuslauncher.allapps.H0.onResult(Unknown Source:16)
07-17 12:03:03.994  1171  2272 E OneSearchSuggestProvider: 	... 8 more
07-17 12:03:03.996  1171  2272 D OneSearchSuggestProvider: Established or reuse existing binder channel authority=com.google.android.googlequicksearchbox
07-17 12:03:03.998   843   843 I vol.VolumeDialogImpl: mDialog.dismiss() reason: volume_controller from: com.android.systemui.volume.VolumeDialogImpl$7.onDismissRequested:3
07-17 12:03:03.998   843   843 D vol.VolumeDialogImpl: dismissH: skipping dismiss because isAnimatingDismiss is true and showingStateInconsistent is false
07-17 12:03:03.999  1171  1200 D QuickstepModelDelegate: notifyAppTargetEvent action=1 launchLocation=workspace/0/[-1,-1]/[1,1]
07-17 12:03:04.000  1670  1904 I AiAiEcho: Predicting[0]:
07-17 12:03:04.000  1670  1904 I AiAiEcho: EchoTargets:
07-17 12:03:04.000  1670  1904 I AiAiEcho: Filtered by AiAi flag check:
07-17 12:03:04.000  1171  1171 D SearchTargetUtil:  query= size=0
07-17 12:03:04.000  1670  1904 I AiAiEcho: Ranked targets strategy: SORT, count: 0, ranking metadata:
07-17 12:03:04.001  1670  1904 I AiAiEcho: #postPredictionTargets: Sending updates to UISurface home with targets# 0 (types=[])
07-17 12:03:04.122   843   989 D EGL_emulation: app_time_stats: avg=17.06ms min=9.65ms max=30.99ms count=59
07-17 12:03:04.847  7907  7907 I cr_OfflineIndicator: Reported by system: [ Transports: WIFI Capabilities: NOT_METERED&INTERNET&NOT_RESTRICTED&TRUSTED&NOT_VPN&NOT_ROAMING&FOREGROUND&NOT_CONGESTED&NOT_SUSPENDED&NOT_VCN_MANAGED LinkUpBandwidth>=12000Kbps LinkDnBandwidth>=30000Kbps TransportInfo: <SSID: <unknown ssid>, BSSID: 02:00:00:00:00:00, MAC: 02:00:00:00:00:00, IP: /10.0.2.16, Security type: 0, Supplicant state: COMPLETED, Wi-Fi standard: 1, RSSI: -50, Link speed: 2Mbps, Tx Link speed: 2Mbps, Max Supported Tx Link speed: 11Mbps, Rx Link speed: 2Mbps, Max Supported Rx Link speed: 11Mbps, Frequency: 2447MHz, Net ID: -1, Metered hint: false, score: 60, isUsable: true, CarrierMerged: false, SubscriptionId: -1, IsPrimary: -1, Trusted: true, Restricted: false, Ephemeral: false, OEM paid: false, OEM private: false, OSU AP: false, FQDN: <none>, Provider friendly name: <none>, Requesting package name: <none><none>MLO Information: , Is TID-To-Link negotiation supported by the AP: false, AP MLD Address: <none>, AP MLO Link Id: <none>, AP MLO Affiliated links: <none>> SignalStrength: -50 UnderlyingNetworks: Null]
07-17 12:03:04.847  7907  7907 I cr_OfflineIndicator: Reported by system: [ Transports: CELLULAR Capabilities: MMS&SUPL&DUN&FOTA&IMS&CBS&INTERNET&NOT_RESTRICTED&TRUSTED&NOT_VPN&NOT_ROAMING&NOT_CONGESTED&NOT_SUSPENDED&NOT_VCN_MANAGED&MMTEL LinkUpBandwidth>=1800Kbps LinkDnBandwidth>=4300Kbps Specifier: <TelephonyNetworkSpecifier [mSubId = 1]> UnderlyingNetworks: Null]
07-17 12:03:04.847  7907  7907 I cr_OfflineIndicator: setConnectionState connectionState=2
07-17 12:03:04.847  7907  7907 I cr_OfflineIndicator: processConnectivityCheckResult mConnectionState=2 mConnectivityCheckingStage=1
07-17 12:03:04.847  7907  7907 I cr_OfflineIndicator: scheduleNextConnectivityCheck
07-17 12:03:04.847  7907  7907 I cr_OfflineIndicator: Retry after 5000ms
07-17 12:03:05.007 16514 16532 W InteractionController: runAndwaitForEvents timed out waiting for events
07-17 12:03:05.027 16514 16532 D Benchmark: Starting activity with command: am start  -W "intent:#Intent;action=android.intent.action.MAIN;category=android.intent.category.LAUNCHER;launchFlags=0x10008000;package=com.yuuta.zardAppNeo;component=com.yuuta.zardAppNeo/.MainActivity_Light;end"
07-17 12:03:05.028  1648  2147 W MediaProvider: isAppCloneUserPair for user 0: false
07-17 12:03:05.042  1363 12088 I NetworkScheduler.Stats: (REDACTED) Task %s/%s started execution. cause:%s exec_start_elapsed_seconds: %s
07-17 12:03:05.044  1363 13054 I NetworkScheduler.Stats: (REDACTED) Task %s/%s finished executing. cause:%s result: %s elapsed_millis: %s uptime_millis: %s exec_start_elapsed_seconds: %s
07-17 12:03:05.059   348   348 D Zygote  : Forked child process 16861
07-17 12:03:05.068   843   989 E OpenGLRenderer: Unable to match the desired swap behavior.
07-17 12:03:05.070   413   413 I BpBinder: onLastStrongRef automatically unlinking death recipients:
07-17 12:03:05.097 16861 16861 I uuta.zardAppNeo: Using CollectorTypeCC GC.
07-17 12:03:05.097  1171  1973 D EGL_emulation: app_time_stats: avg=286.67ms min=13.59ms max=2142.22ms count=8
07-17 12:03:05.099   843   989 D EGL_emulation: app_time_stats: avg=5069.57ms min=5069.57ms max=5069.57ms count=1
07-17 12:03:05.102   426   441 I adbd    : jdwp connection from 16861
07-17 12:03:05.140 16861 16861 D CompatibilityChangeReporter: Compat change id reported: 171979766; UID 10263; state: ENABLED
07-17 12:03:05.140 16861 16861 D CompatibilityChangeReporter: Compat change id reported: 242716250; UID 10263; state: ENABLED
07-17 12:03:05.145 16861 16861 D ApplicationLoaders: Returning zygote-cached class loader: /system_ext/framework/androidx.window.extensions.jar
07-17 12:03:05.145 16861 16861 D ApplicationLoaders: Returning zygote-cached class loader: /system_ext/framework/androidx.window.sidecar.jar
07-17 12:03:05.148 16861 16861 D nativeloader: Configuring clns-6 for other apk /data/app/~~2gKa5mVS5FbOpCUskHaI9g==/com.yuuta.zardAppNeo-7qz_4VI4cH-P-i08jQmkKQ==/base.apk. target_sdk_version=34, uses_libraries=, library_path=/data/app/~~2gKa5mVS5FbOpCUskHaI9g==/com.yuuta.zardAppNeo-7qz_4VI4cH-P-i08jQmkKQ==/lib/arm64:/data/app/~~2gKa5mVS5FbOpCUskHaI9g==/com.yuuta.zardAppNeo-7qz_4VI4cH-P-i08jQmkKQ==/base.apk!/lib/arm64-v8a, permitted_path=/data:/mnt/expand:/data/user/0/com.yuuta.zardAppNeo
07-17 12:03:05.152 16861 16861 V GraphicsEnvironment: Currently set values for:
07-17 12:03:05.152 16861 16861 V GraphicsEnvironment:   angle_gl_driver_selection_pkgs=[]
07-17 12:03:05.152 16861 16861 V GraphicsEnvironment:   angle_gl_driver_selection_values=[]
07-17 12:03:05.152 16861 16861 V GraphicsEnvironment: ANGLE GameManagerService for com.yuuta.zardAppNeo: false
07-17 12:03:05.152 16861 16861 V GraphicsEnvironment: com.yuuta.zardAppNeo is not listed in per-application setting
07-17 12:03:05.152 16861 16861 V GraphicsEnvironment: Neither updatable production driver nor prerelease driver is supported.
07-17 12:03:05.155  1928  1928 I A       : onPause
07-17 12:03:05.158  1928  2032 V ClearcutMetricXmitter: Transmission is done.
07-17 12:03:05.163 16861 16861 D AppCompatDelegate: Checking for metadata for AppLocalesMetadataHolderService : Service not found
07-17 12:03:05.165 16861 16884 D libEGL  : loaded /vendor/lib64/egl/libEGL_emulation.so
07-17 12:03:05.166 16861 16884 D libEGL  : loaded /vendor/lib64/egl/libGLESv1_CM_emulation.so
07-17 12:03:05.167 16861 16884 D libEGL  : loaded /vendor/lib64/egl/libGLESv2_emulation.so
07-17 12:03:05.179 16861 16861 D CompatibilityChangeReporter: Compat change id reported: 237531167; UID 10263; state: DISABLED
07-17 12:03:05.181 16861 16861 W OpenGLRenderer: Unknown dataspace 0
07-17 12:03:05.188 16861 16861 I System.out: 0.0
07-17 12:03:05.188 16861 16861 I System.out: 1.0
07-17 12:03:05.188 16861 16861 I System.out: 0.5
07-17 12:03:05.188 16861 16861 I System.out: 0.0
07-17 12:03:05.188 16861 16861 I System.out: 1.0
07-17 12:03:05.188 16861 16861 I System.out: 0.5
07-17 12:03:05.188 16861 16861 I System.out: 0.0
07-17 12:03:05.188 16861 16861 I System.out: 1.0
07-17 12:03:05.188 16861 16861 I System.out: 0.5
07-17 12:03:05.200 16861 16861 I System.out: -0.0
07-17 12:03:05.204 16861 16882 W OpenGLRenderer: Failed to choose config with EGL_SWAP_BEHAVIOR_PRESERVED, retrying without...
07-17 12:03:05.205 16861 16882 W OpenGLRenderer: Failed to initialize 101010-2 format, error = EGL_SUCCESS
07-17 12:03:05.213   151   151 I hwservicemanager: getTransport: Cannot find entry android.hardware.graphics.mapper@4.0::IMapper/default in either framework or device VINTF manifest.
07-17 12:03:05.213 16861 16882 I Gralloc4: mapper 4.x is not supported
07-17 12:03:05.216 16861 16882 E OpenGLRenderer: Unable to match the desired swap behavior.
07-17 12:03:05.241   574   597 I ActivityTaskManager: Displayed com.yuuta.zardAppNeo/.MainActivity_Light for user 0: +194ms
07-17 12:03:05.242 16861 16861 I System.out: Content(data=AppSetting(appIconMode=LIGHT_ICON))
07-17 12:03:05.247 16861 16861 D CompatibilityChangeReporter: Compat change id reported: 236825255; UID 10263; state: ENABLED
07-17 12:03:05.252 16861 16882 E FrameEvents: updateAcquireFence: Did not find frame.
07-17 12:03:05.254 16861 16861 D CompatibilityChangeReporter: Compat change id reported: 171228096; UID 10263; state: ENABLED
07-17 12:03:05.260  1648  9992 I MediaProvider: Invalidating LocalCallingIdentity cache for package com.yuuta.androidbenchmark. Reason: owned_database_row_deleted:/storage/emulated/0/Android/media/com.yuuta.androidbenchmark/temporaryScript9076129336430347532.tmp
07-17 12:03:05.260  1648  9992 I MediaProvider: uid=10264 packageName=com.yuuta.androidbenchmark deletedFilesCountBypassingDatabase=1
07-17 12:03:05.262  1648  9992 I MediaProvider: Deleted 1 0 0 0 0 0 0 items on external_primary due to com.android.shell
07-17 12:03:05.265 16514 16532 D Benchmark: Result: Starting: Intent { act=android.intent.action.MAIN cat=[android.intent.category.LAUNCHER] flg=0x10008000 pkg=com.yuuta.zardAppNeo cmp=com.yuuta.zardAppNeo/.MainActivity_Light }
07-17 12:03:05.265 16514 16532 D Benchmark: Status: ok
07-17 12:03:05.265 16514 16532 D Benchmark: LaunchState: COLD
07-17 12:03:05.265 16514 16532 D Benchmark: Activity: com.yuuta.zardAppNeo/.MainActivity
07-17 12:03:05.265 16514 16532 D Benchmark: TotalTime: 194
07-17 12:03:05.265 16514 16532 D Benchmark: WaitTime: 196
07-17 12:03:05.265 16514 16532 D Benchmark: Complete
07-17 12:03:05.267 16861 16861 I System.out: 0.0
07-17 12:03:05.267 16861 16861 I System.out: 1.0
07-17 12:03:05.267 16861 16861 I System.out: 0.5
